******************************************************************************
                  TI ARM Linker Unix v20.2.2                   
******************************************************************************
>> Linked Wed Aug 19 01:56:10 2020

OUTPUT FILE NAME:   <blinky_test_TIVAC123.out>
ENTRY POINT SYMBOL: "_c_int00_noinit_noargs"  address: 00000569


MEMORY CONFIGURATION

         name            origin    length      used     unused   attr    fill
----------------------  --------  ---------  --------  --------  ----  --------
  FLASH                 00000000   00040000  00000678  0003f988  R  X
  SRAM                  20000000   00008000  00000200  00007e00  RW X


SEGMENT ALLOCATION MAP

run origin  load origin   length   init length attrs members
----------  ----------- ---------- ----------- ----- -------
00000000    00000000    00000678   00000678    r-x
  00000000    00000000    0000026c   0000026c    r-- .intvecs
  0000026c    0000026c    000003a0   000003a0    r-x .text
  0000060c    0000060c    0000006c   0000006c    r-- .const
20000000    20000000    00000200   00000000    rw-
  20000000    20000000    00000200   00000000    rw- .stack


SECTION ALLOCATION MAP

 output                                  attributes/
section   page    origin      length       input sections
--------  ----  ----------  ----------   ----------------
.intvecs   0    00000000    0000026c     
                  00000000    0000026c     startup_ccs.obj (.intvecs)

.text      0    0000026c    000003a0     
                  0000026c    00000132     driverlib.lib : gpio.obj (.text:GPIOPadConfigSet)
                  0000039e    00000002     startup_ccs.obj (.text:FaultISR)
                  000003a0    00000110     driverlib.lib : sysctl.obj (.text:SysCtlClockGet)
                  000004b0    0000004c     blinky.obj (.text:main)
                  000004fc    00000038     driverlib.lib : sysctl.obj (.text:SysCtlPeripheralReady)
                  00000534    00000034                   : sysctl.obj (.text:SysCtlPeripheralEnable)
                  00000568    0000002c     rtsv7M4_T_le_v4SPD16_eabi.lib : boot_cortex_m.c.obj (.text:_c_int00_noinit_noargs:_c_int00_noinit_noargs)
                  00000594    0000002a     driverlib.lib : gpio.obj (.text:GPIODirModeSet)
                  000005be    00000018                   : gpio.obj (.text:GPIOPinTypeGPIOOutput)
                  000005d6    00000018     blinky.obj (.text:delayMs)
                  000005ee    00000006     driverlib.lib : gpio.obj (.text:GPIOPinWrite)
                  000005f4    00000006     startup_ccs.obj (.text:ResetISR)
                  000005fa    00000006     driverlib.lib : sysctl.obj (.text:SysCtlDelay)
                  00000600    00000004     rtsv7M4_T_le_v4SPD16_eabi.lib : pre_init.c.obj (.text:_system_pre_init)
                  00000604    00000004                                   : exit.c.obj (.text:abort:abort)
                  00000608    00000002     startup_ccs.obj (.text:IntDefaultHandler)
                  0000060a    00000002     startup_ccs.obj (.text:NmiSR)

.const     0    0000060c    0000006c     
                  0000060c    0000006c     driverlib.lib : sysctl.obj (.const:g_pui32Xtals)

.cinit     0    00000000    00000000     UNINITIALIZED

.init_array 
*          0    00000000    00000000     UNINITIALIZED

.stack     0    20000000    00000200     UNINITIALIZED
                  20000000    00000004     rtsv7M4_T_le_v4SPD16_eabi.lib : boot_cortex_m.c.obj (.stack)
                  20000004    000001fc     --HOLE--

__llvm_prf_cnts 
*          0    20000000    00000000     UNINITIALIZED

MODULE SUMMARY

       Module                code   ro data   rw data
       ------                ----   -------   -------
    ./
       startup_ccs.obj       12     620       0      
       blinky.obj            100    0         0      
    +--+---------------------+------+---------+---------+
       Total:                112    620       0      
                                                     
    /Applications/ti/ccs1010/ccs/tools/compiler/ti-cgt-arm_20.2.2.LTS/lib/rtsv7M4_T_le_v4SPD16_eabi.lib
       boot_cortex_m.c.obj   44     0         0      
       exit.c.obj            4      0         0      
       pre_init.c.obj        4      0         0      
    +--+---------------------+------+---------+---------+
       Total:                52     0         0      
                                                     
    /Users/venkim/ti/tivaware_c_series_2_1_4_178/driverlib/ccs/Debug/driverlib.lib
       sysctl.obj            386    108       0      
       gpio.obj              378    0         0      
    +--+---------------------+------+---------+---------+
       Total:                764    108       0      
                                                     
       Stack:                0      0         512    
    +--+---------------------+------+---------+---------+
       Grand Total:          928    728       512    


GLOBAL SYMBOLS: SORTED ALPHABETICALLY BY Name 

address   name                   
-------   ----                   
00000605  C$$EXIT                
00000595  GPIODirModeSet         
0000026d  GPIOPadConfigSet       
000005bf  GPIOPinTypeGPIOOutput  
000005ef  GPIOPinWrite           
000005f5  ResetISR               
000003a1  SysCtlClockGet         
000005fb  SysCtlDelay            
00000535  SysCtlPeripheralEnable 
000004fd  SysCtlPeripheralReady  
20000200  __STACK_END            
00000200  __STACK_SIZE           
20000200  __STACK_TOP            
ffffffff  __TI_pprof_out_hndl    
ffffffff  __TI_prof_data_size    
ffffffff  __TI_prof_data_start   
00000000  __TI_static_base__     
ffffffff  __binit__              
ffffffff  __c_args__             
UNDEFED   __mpu_init             
20000000  __stack                
20000000  __start___llvm_prf_cnts
20000000  __stop___llvm_prf_cnts 
00000569  _c_int00_noinit_noargs 
00000601  _system_pre_init       
00000605  abort                  
ffffffff  binit                  
000005d7  delayMs                
00000000  g_pfnVectors           
000004b1  main                   


GLOBAL SYMBOLS: SORTED BY Symbol Address 

address   name                   
-------   ----                   
00000000  __TI_static_base__     
00000000  g_pfnVectors           
00000200  __STACK_SIZE           
0000026d  GPIOPadConfigSet       
000003a1  SysCtlClockGet         
000004b1  main                   
000004fd  SysCtlPeripheralReady  
00000535  SysCtlPeripheralEnable 
00000569  _c_int00_noinit_noargs 
00000595  GPIODirModeSet         
000005bf  GPIOPinTypeGPIOOutput  
000005d7  delayMs                
000005ef  GPIOPinWrite           
000005f5  ResetISR               
000005fb  SysCtlDelay            
00000601  _system_pre_init       
00000605  C$$EXIT                
00000605  abort                  
20000000  __stack                
20000000  __start___llvm_prf_cnts
20000000  __stop___llvm_prf_cnts 
20000200  __STACK_END            
20000200  __STACK_TOP            
ffffffff  __TI_pprof_out_hndl    
ffffffff  __TI_prof_data_size    
ffffffff  __TI_prof_data_start   
ffffffff  __binit__              
ffffffff  __c_args__             
ffffffff  binit                  
UNDEFED   __mpu_init             

[30 symbols]
