<?xml version="1.0" encoding="ISO-8859-1" ?>
<link_info>
   <banner>TI ARM Linker Unix v20.2.2.LTS</banner>
   <copyright>Copyright (c) 1996-2018 Texas Instruments Incorporated</copyright>
   <link_time>0x5f3e4d3c</link_time>
   <link_errors>0x0</link_errors>
   <output_file>Lab4_TIVAC123.out</output_file>
   <entry_point>
      <name>_c_int00_noinit_noargs</name>
      <address>0x73d</address>
   </entry_point>
   <input_file_list>
      <input_file id="fl-1">
         <path>./</path>
         <kind>object</kind>
         <file>Lab4.obj</file>
         <name>Lab4.obj</name>
      </input_file>
      <input_file id="fl-2">
         <path>./</path>
         <kind>object</kind>
         <file>startup_ccs.obj</file>
         <name>startup_ccs.obj</name>
      </input_file>
      <input_file id="fl-7">
         <kind>object</kind>
         <file>&lt;internal&gt;</file>
         <name>&lt;internal&gt;</name>
      </input_file>
      <input_file id="fl-bd">
         <path>/Applications/ti/ccs1010/ccs/tools/compiler/ti-cgt-arm_20.2.2.LTS/lib/</path>
         <kind>archive</kind>
         <file>rtsv7M4_T_le_v4SPD16_eabi.lib</file>
         <name>copy_zero_init.c.obj</name>
      </input_file>
      <input_file id="fl-be">
         <path>/Applications/ti/ccs1010/ccs/tools/compiler/ti-cgt-arm_20.2.2.LTS/lib/</path>
         <kind>archive</kind>
         <file>rtsv7M4_T_le_v4SPD16_eabi.lib</file>
         <name>copy_decompress_none.c.obj</name>
      </input_file>
      <input_file id="fl-bf">
         <path>/Applications/ti/ccs1010/ccs/tools/compiler/ti-cgt-arm_20.2.2.LTS/lib/</path>
         <kind>archive</kind>
         <file>rtsv7M4_T_le_v4SPD16_eabi.lib</file>
         <name>copy_decompress_lzss.c.obj</name>
      </input_file>
      <input_file id="fl-c0">
         <path>/Applications/ti/ccs1010/ccs/tools/compiler/ti-cgt-arm_20.2.2.LTS/lib/</path>
         <kind>archive</kind>
         <file>rtsv7M4_T_le_v4SPD16_eabi.lib</file>
         <name>boot_cortex_m.c.obj</name>
      </input_file>
      <input_file id="fl-c1">
         <path>/Applications/ti/ccs1010/ccs/tools/compiler/ti-cgt-arm_20.2.2.LTS/lib/</path>
         <kind>archive</kind>
         <file>rtsv7M4_T_le_v4SPD16_eabi.lib</file>
         <name>memcpy_t2.asm.obj</name>
      </input_file>
      <input_file id="fl-c2">
         <path>/Applications/ti/ccs1010/ccs/tools/compiler/ti-cgt-arm_20.2.2.LTS/lib/</path>
         <kind>archive</kind>
         <file>rtsv7M4_T_le_v4SPD16_eabi.lib</file>
         <name>memset_t2.asm.obj</name>
      </input_file>
      <input_file id="fl-c3">
         <path>/Applications/ti/ccs1010/ccs/tools/compiler/ti-cgt-arm_20.2.2.LTS/lib/</path>
         <kind>archive</kind>
         <file>rtsv7M4_T_le_v4SPD16_eabi.lib</file>
         <name>autoinit.c.obj</name>
      </input_file>
      <input_file id="fl-c4">
         <path>/Applications/ti/ccs1010/ccs/tools/compiler/ti-cgt-arm_20.2.2.LTS/lib/</path>
         <kind>archive</kind>
         <file>rtsv7M4_T_le_v4SPD16_eabi.lib</file>
         <name>pre_init.c.obj</name>
      </input_file>
      <input_file id="fl-c5">
         <path>/Applications/ti/ccs1010/ccs/tools/compiler/ti-cgt-arm_20.2.2.LTS/lib/</path>
         <kind>archive</kind>
         <file>rtsv7M4_T_le_v4SPD16_eabi.lib</file>
         <name>cpy_tbl.c.obj</name>
      </input_file>
      <input_file id="fl-c6">
         <path>/Applications/ti/ccs1010/ccs/tools/compiler/ti-cgt-arm_20.2.2.LTS/lib/</path>
         <kind>archive</kind>
         <file>rtsv7M4_T_le_v4SPD16_eabi.lib</file>
         <name>exit.c.obj</name>
      </input_file>
      <input_file id="fl-c7">
         <path>/Applications/ti/ccs1010/ccs/tools/compiler/ti-cgt-arm_20.2.2.LTS/lib/</path>
         <kind>archive</kind>
         <file>rtsv7M4_T_le_v4SPD16_eabi.lib</file>
         <name>_lock.c.obj</name>
      </input_file>
      <input_file id="fl-c8">
         <path>/Applications/ti/ccs1010/ccs/tools/compiler/ti-cgt-arm_20.2.2.LTS/lib/</path>
         <kind>archive</kind>
         <file>rtsv7M4_T_le_v4SPD16_eabi.lib</file>
         <name>args_main.c.obj</name>
      </input_file>
      <input_file id="fl-c9">
         <path>/Users/venkim/ti/tivaware_c_series_2_1_4_178/driverlib/ccs/Debug/</path>
         <kind>archive</kind>
         <file>driverlib.lib</file>
         <name>gpio.obj</name>
      </input_file>
      <input_file id="fl-ca">
         <path>/Users/venkim/ti/tivaware_c_series_2_1_4_178/driverlib/ccs/Debug/</path>
         <kind>archive</kind>
         <file>driverlib.lib</file>
         <name>interrupt.obj</name>
      </input_file>
      <input_file id="fl-cb">
         <path>/Users/venkim/ti/tivaware_c_series_2_1_4_178/driverlib/ccs/Debug/</path>
         <kind>archive</kind>
         <file>driverlib.lib</file>
         <name>sysctl.obj</name>
      </input_file>
      <input_file id="fl-cc">
         <path>/Users/venkim/ti/tivaware_c_series_2_1_4_178/driverlib/ccs/Debug/</path>
         <kind>archive</kind>
         <file>driverlib.lib</file>
         <name>timer.obj</name>
      </input_file>
      <input_file id="fl-cd">
         <path>/Users/venkim/ti/tivaware_c_series_2_1_4_178/driverlib/ccs/Debug/</path>
         <kind>archive</kind>
         <file>driverlib.lib</file>
         <name>cpu.obj</name>
      </input_file>
   </input_file_list>
   <object_component_list>
      <object_component id="oc-12">
         <name>.intvecs</name>
         <load_address>0x0</load_address>
         <run_address>0x0</run_address>
         <size>0x26c</size>
         <input_file_ref idref="fl-2"/>
      </object_component>
      <object_component id="oc-185">
         <name>.text:GPIOPadConfigSet</name>
         <load_address>0x26c</load_address>
         <run_address>0x26c</run_address>
         <size>0x132</size>
         <input_file_ref idref="fl-c9"/>
      </object_component>
      <object_component id="oc-33">
         <name>.text:FaultISR</name>
         <load_address>0x39e</load_address>
         <run_address>0x39e</run_address>
         <size>0x2</size>
         <input_file_ref idref="fl-2"/>
      </object_component>
      <object_component id="oc-118">
         <name>.text:SysCtlClockGet</name>
         <load_address>0x3a0</load_address>
         <run_address>0x3a0</run_address>
         <size>0x110</size>
         <input_file_ref idref="fl-cb"/>
      </object_component>
      <object_component id="oc-100">
         <name>.text:SysCtlClockSet</name>
         <load_address>0x4b0</load_address>
         <run_address>0x4b0</run_address>
         <size>0xf4</size>
         <input_file_ref idref="fl-cb"/>
      </object_component>
      <object_component id="oc-c9">
         <name>.text:main</name>
         <load_address>0x5a4</load_address>
         <run_address>0x5a4</run_address>
         <size>0x6c</size>
         <input_file_ref idref="fl-1"/>
      </object_component>
      <object_component id="oc-124">
         <name>.text:IntEnable</name>
         <load_address>0x610</load_address>
         <run_address>0x610</run_address>
         <size>0x68</size>
         <input_file_ref idref="fl-ca"/>
      </object_component>
      <object_component id="oc-112">
         <name>.text:TimerConfigure</name>
         <load_address>0x678</load_address>
         <run_address>0x678</run_address>
         <size>0x60</size>
         <input_file_ref idref="fl-cc"/>
      </object_component>
      <object_component id="oc-106">
         <name>.text:SysCtlPeripheralEnable</name>
         <load_address>0x6d8</load_address>
         <run_address>0x6d8</run_address>
         <size>0x34</size>
         <input_file_ref idref="fl-cb"/>
      </object_component>
      <object_component id="oc-3f">
         <name>.text:Timer0IntHandler</name>
         <load_address>0x70c</load_address>
         <run_address>0x70c</run_address>
         <size>0x30</size>
         <input_file_ref idref="fl-1"/>
      </object_component>
      <object_component id="oc-6b">
         <name>.text:_c_int00_noinit_noargs:_c_int00_noinit_noargs</name>
         <load_address>0x73c</load_address>
         <run_address>0x73c</run_address>
         <size>0x2c</size>
         <input_file_ref idref="fl-c0"/>
      </object_component>
      <object_component id="oc-18b">
         <name>.text:GPIODirModeSet</name>
         <load_address>0x768</load_address>
         <run_address>0x768</run_address>
         <size>0x2a</size>
         <input_file_ref idref="fl-c9"/>
      </object_component>
      <object_component id="oc-10c">
         <name>.text:GPIOPinTypeGPIOOutput</name>
         <load_address>0x792</load_address>
         <run_address>0x792</run_address>
         <size>0x18</size>
         <input_file_ref idref="fl-c9"/>
      </object_component>
      <object_component id="oc-11e">
         <name>.text:TimerLoadSet</name>
         <load_address>0x7aa</load_address>
         <run_address>0x7aa</run_address>
         <size>0x12</size>
         <input_file_ref idref="fl-cc"/>
      </object_component>
      <object_component id="oc-130">
         <name>.text:IntMasterEnable</name>
         <load_address>0x7bc</load_address>
         <run_address>0x7bc</run_address>
         <size>0x10</size>
         <input_file_ref idref="fl-ca"/>
      </object_component>
      <object_component id="oc-136">
         <name>.text:TimerEnable</name>
         <load_address>0x7cc</load_address>
         <run_address>0x7cc</run_address>
         <size>0xe</size>
         <input_file_ref idref="fl-cc"/>
      </object_component>
      <object_component id="oc-19e">
         <name>.text:CPUcpsie</name>
         <load_address>0x7da</load_address>
         <run_address>0x7da</run_address>
         <size>0xc</size>
         <input_file_ref idref="fl-cd"/>
      </object_component>
      <object_component id="oc-12a">
         <name>.text:TimerIntEnable</name>
         <load_address>0x7e6</load_address>
         <run_address>0x7e6</run_address>
         <size>0x8</size>
         <input_file_ref idref="fl-cc"/>
      </object_component>
      <object_component id="oc-8f">
         <name>.text:GPIOPinRead</name>
         <load_address>0x7ee</load_address>
         <run_address>0x7ee</run_address>
         <size>0x6</size>
         <input_file_ref idref="fl-c9"/>
      </object_component>
      <object_component id="oc-95">
         <name>.text:GPIOPinWrite</name>
         <load_address>0x7f4</load_address>
         <run_address>0x7f4</run_address>
         <size>0x6</size>
         <input_file_ref idref="fl-c9"/>
      </object_component>
      <object_component id="oc-27">
         <name>.text:ResetISR</name>
         <load_address>0x7fa</load_address>
         <run_address>0x7fa</run_address>
         <size>0x6</size>
         <input_file_ref idref="fl-2"/>
      </object_component>
      <object_component id="oc-181">
         <name>.text:SysCtlDelay</name>
         <load_address>0x800</load_address>
         <run_address>0x800</run_address>
         <size>0x6</size>
         <input_file_ref idref="fl-cb"/>
      </object_component>
      <object_component id="oc-89">
         <name>.text:TimerIntClear</name>
         <load_address>0x806</load_address>
         <run_address>0x806</run_address>
         <size>0x4</size>
         <input_file_ref idref="fl-cc"/>
      </object_component>
      <object_component id="oc-c3">
         <name>.text:_system_pre_init</name>
         <load_address>0x80a</load_address>
         <run_address>0x80a</run_address>
         <size>0x4</size>
         <input_file_ref idref="fl-c4"/>
      </object_component>
      <object_component id="oc-13d">
         <name>.text:abort:abort</name>
         <load_address>0x80e</load_address>
         <run_address>0x80e</run_address>
         <size>0x4</size>
         <input_file_ref idref="fl-c6"/>
      </object_component>
      <object_component id="oc-39">
         <name>.text:IntDefaultHandler</name>
         <load_address>0x812</load_address>
         <run_address>0x812</run_address>
         <size>0x2</size>
         <input_file_ref idref="fl-2"/>
      </object_component>
      <object_component id="oc-2d">
         <name>.text:NmiSR</name>
         <load_address>0x814</load_address>
         <run_address>0x814</run_address>
         <size>0x2</size>
         <input_file_ref idref="fl-2"/>
      </object_component>
      <object_component id="oc-198">
         <name>.const</name>
         <load_address>0x818</load_address>
         <run_address>0x818</run_address>
         <size>0x70</size>
         <input_file_ref idref="fl-ca"/>
      </object_component>
      <object_component id="oc-193">
         <name>.const:g_pui32Xtals</name>
         <load_address>0x888</load_address>
         <run_address>0x888</run_address>
         <size>0x6c</size>
         <input_file_ref idref="fl-cb"/>
      </object_component>
      <object_component id="oc-24">
         <name>.stack</name>
         <uninitialized>true</uninitialized>
         <run_address>0x20000000</run_address>
         <size>0x4</size>
         <input_file_ref idref="fl-c0"/>
      </object_component>
      <object_component id="oc-231">
         <name>.stack</name>
         <uninitialized>true</uninitialized>
         <run_address>0x20000000</run_address>
         <size>0x0</size>
      </object_component>
      <object_component id="oc-ef">
         <name>.debug_info</name>
         <load_address>0x0</load_address>
         <run_address>0x0</run_address>
         <size>0x4e2</size>
         <input_file_ref idref="fl-1"/>
      </object_component>
      <object_component id="oc-ca">
         <name>.debug_info</name>
         <load_address>0x4e2</load_address>
         <run_address>0x4e2</run_address>
         <size>0x203</size>
         <input_file_ref idref="fl-1"/>
      </object_component>
      <object_component id="oc-40">
         <name>.debug_info</name>
         <load_address>0x6e5</load_address>
         <run_address>0x6e5</run_address>
         <size>0x144</size>
         <input_file_ref idref="fl-1"/>
      </object_component>
      <object_component id="oc-9e">
         <name>.debug_info</name>
         <load_address>0x829</load_address>
         <run_address>0x829</run_address>
         <size>0x26b</size>
         <input_file_ref idref="fl-1"/>
      </object_component>
      <object_component id="oc-ea">
         <name>.debug_info</name>
         <load_address>0xa94</load_address>
         <run_address>0xa94</run_address>
         <size>0x8b</size>
         <input_file_ref idref="fl-1"/>
      </object_component>
      <object_component id="oc-e5">
         <name>.debug_info</name>
         <load_address>0xb1f</load_address>
         <run_address>0xb1f</run_address>
         <size>0x2a4</size>
         <input_file_ref idref="fl-1"/>
      </object_component>
      <object_component id="oc-a3">
         <name>.debug_info</name>
         <load_address>0xdc3</load_address>
         <run_address>0xdc3</run_address>
         <size>0xbb</size>
         <input_file_ref idref="fl-1"/>
      </object_component>
      <object_component id="oc-47">
         <name>.debug_info</name>
         <load_address>0xe7e</load_address>
         <run_address>0xe7e</run_address>
         <size>0x2c9</size>
         <input_file_ref idref="fl-2"/>
      </object_component>
      <object_component id="oc-13">
         <name>.debug_info</name>
         <load_address>0x1147</load_address>
         <run_address>0x1147</run_address>
         <size>0xe0</size>
         <input_file_ref idref="fl-2"/>
      </object_component>
      <object_component id="oc-28">
         <name>.debug_info</name>
         <load_address>0x1227</load_address>
         <run_address>0x1227</run_address>
         <size>0x110</size>
         <input_file_ref idref="fl-2"/>
      </object_component>
      <object_component id="oc-2e">
         <name>.debug_info</name>
         <load_address>0x1337</load_address>
         <run_address>0x1337</run_address>
         <size>0x101</size>
         <input_file_ref idref="fl-2"/>
      </object_component>
      <object_component id="oc-3a">
         <name>.debug_info</name>
         <load_address>0x1438</load_address>
         <run_address>0x1438</run_address>
         <size>0x119</size>
         <input_file_ref idref="fl-2"/>
      </object_component>
      <object_component id="oc-34">
         <name>.debug_info</name>
         <load_address>0x1551</load_address>
         <run_address>0x1551</run_address>
         <size>0x107</size>
         <input_file_ref idref="fl-2"/>
      </object_component>
      <object_component id="oc-4e">
         <name>.debug_info</name>
         <load_address>0x1658</load_address>
         <run_address>0x1658</run_address>
         <size>0x84</size>
         <input_file_ref idref="fl-2"/>
      </object_component>
      <object_component id="oc-25">
         <name>.debug_info</name>
         <load_address>0x16dc</load_address>
         <run_address>0x16dc</run_address>
         <size>0x10b</size>
         <input_file_ref idref="fl-c0"/>
      </object_component>
      <object_component id="oc-6c">
         <name>.debug_info</name>
         <load_address>0x17e7</load_address>
         <run_address>0x17e7</run_address>
         <size>0x1a2</size>
         <input_file_ref idref="fl-c0"/>
      </object_component>
      <object_component id="oc-c4">
         <name>.debug_info</name>
         <load_address>0x1989</load_address>
         <run_address>0x1989</run_address>
         <size>0x153</size>
         <input_file_ref idref="fl-c4"/>
      </object_component>
      <object_component id="oc-13e">
         <name>.debug_info</name>
         <load_address>0x1adc</load_address>
         <run_address>0x1adc</run_address>
         <size>0x122</size>
         <input_file_ref idref="fl-c6"/>
      </object_component>
      <object_component id="oc-e3">
         <name>.debug_info</name>
         <load_address>0x1bfe</load_address>
         <run_address>0x1bfe</run_address>
         <size>0x240</size>
         <input_file_ref idref="fl-c9"/>
      </object_component>
      <object_component id="oc-96">
         <name>.debug_info</name>
         <load_address>0x1e3e</load_address>
         <run_address>0x1e3e</run_address>
         <size>0x2a3</size>
         <input_file_ref idref="fl-c9"/>
      </object_component>
      <object_component id="oc-18c">
         <name>.debug_info</name>
         <load_address>0x20e1</load_address>
         <run_address>0x20e1</run_address>
         <size>0x2b3</size>
         <input_file_ref idref="fl-c9"/>
      </object_component>
      <object_component id="oc-186">
         <name>.debug_info</name>
         <load_address>0x2394</load_address>
         <run_address>0x2394</run_address>
         <size>0x316</size>
         <input_file_ref idref="fl-c9"/>
      </object_component>
      <object_component id="oc-10d">
         <name>.debug_info</name>
         <load_address>0x26aa</load_address>
         <run_address>0x26aa</run_address>
         <size>0x2b7</size>
         <input_file_ref idref="fl-c9"/>
      </object_component>
      <object_component id="oc-90">
         <name>.debug_info</name>
         <load_address>0x2961</load_address>
         <run_address>0x2961</run_address>
         <size>0x27b</size>
         <input_file_ref idref="fl-c9"/>
      </object_component>
      <object_component id="oc-dc">
         <name>.debug_info</name>
         <load_address>0x2bdc</load_address>
         <run_address>0x2bdc</run_address>
         <size>0x18b</size>
         <input_file_ref idref="fl-c9"/>
      </object_component>
      <object_component id="oc-19c">
         <name>.debug_info</name>
         <load_address>0x2d67</load_address>
         <run_address>0x2d67</run_address>
         <size>0x20e</size>
         <input_file_ref idref="fl-ca"/>
      </object_component>
      <object_component id="oc-199">
         <name>.debug_info</name>
         <load_address>0x2f75</load_address>
         <run_address>0x2f75</run_address>
         <size>0x210</size>
         <input_file_ref idref="fl-ca"/>
      </object_component>
      <object_component id="oc-132">
         <name>.debug_info</name>
         <load_address>0x3185</load_address>
         <run_address>0x3185</run_address>
         <size>0x23e</size>
         <input_file_ref idref="fl-ca"/>
      </object_component>
      <object_component id="oc-126">
         <name>.debug_info</name>
         <load_address>0x33c3</load_address>
         <run_address>0x33c3</run_address>
         <size>0x268</size>
         <input_file_ref idref="fl-ca"/>
      </object_component>
      <object_component id="oc-183">
         <name>.debug_info</name>
         <load_address>0x362b</load_address>
         <run_address>0x362b</run_address>
         <size>0x298</size>
         <input_file_ref idref="fl-cb"/>
      </object_component>
      <object_component id="oc-194">
         <name>.debug_info</name>
         <load_address>0x38c3</load_address>
         <run_address>0x38c3</run_address>
         <size>0x14d</size>
         <input_file_ref idref="fl-cb"/>
      </object_component>
      <object_component id="oc-107">
         <name>.debug_info</name>
         <load_address>0x3a10</load_address>
         <run_address>0x3a10</run_address>
         <size>0x27d</size>
         <input_file_ref idref="fl-cb"/>
      </object_component>
      <object_component id="oc-101">
         <name>.debug_info</name>
         <load_address>0x3c8d</load_address>
         <run_address>0x3c8d</run_address>
         <size>0x2db</size>
         <input_file_ref idref="fl-cb"/>
      </object_component>
      <object_component id="oc-119">
         <name>.debug_info</name>
         <load_address>0x3f68</load_address>
         <run_address>0x3f68</run_address>
         <size>0x2b5</size>
         <input_file_ref idref="fl-cb"/>
      </object_component>
      <object_component id="oc-1c8">
         <name>.debug_info</name>
         <load_address>0x421d</load_address>
         <run_address>0x421d</run_address>
         <size>0x5f</size>
         <input_file_ref idref="fl-cb"/>
      </object_component>
      <object_component id="oc-e1">
         <name>.debug_info</name>
         <load_address>0x427c</load_address>
         <run_address>0x427c</run_address>
         <size>0x223</size>
         <input_file_ref idref="fl-cc"/>
      </object_component>
      <object_component id="oc-11f">
         <name>.debug_info</name>
         <load_address>0x449f</load_address>
         <run_address>0x449f</run_address>
         <size>0x2ba</size>
         <input_file_ref idref="fl-cc"/>
      </object_component>
      <object_component id="oc-12b">
         <name>.debug_info</name>
         <load_address>0x4759</load_address>
         <run_address>0x4759</run_address>
         <size>0x294</size>
         <input_file_ref idref="fl-cc"/>
      </object_component>
      <object_component id="oc-8a">
         <name>.debug_info</name>
         <load_address>0x49ed</load_address>
         <run_address>0x49ed</run_address>
         <size>0x292</size>
         <input_file_ref idref="fl-cc"/>
      </object_component>
      <object_component id="oc-137">
         <name>.debug_info</name>
         <load_address>0x4c7f</load_address>
         <run_address>0x4c7f</run_address>
         <size>0x27f</size>
         <input_file_ref idref="fl-cc"/>
      </object_component>
      <object_component id="oc-113">
         <name>.debug_info</name>
         <load_address>0x4efe</load_address>
         <run_address>0x4efe</run_address>
         <size>0x28c</size>
         <input_file_ref idref="fl-cc"/>
      </object_component>
      <object_component id="oc-19f">
         <name>.debug_info</name>
         <load_address>0x518a</load_address>
         <run_address>0x518a</run_address>
         <size>0x212</size>
         <input_file_ref idref="fl-cd"/>
      </object_component>
      <object_component id="oc-232">
         <name>.debug_info</name>
         <load_address>0x539c</load_address>
         <run_address>0x539c</run_address>
         <size>0xa0</size>
      </object_component>
      <object_component id="oc-180">
         <name>.debug_line</name>
         <load_address>0x0</load_address>
         <run_address>0x0</run_address>
         <size>0x12c</size>
         <input_file_ref idref="fl-1"/>
      </object_component>
      <object_component id="oc-cd">
         <name>.debug_line</name>
         <load_address>0x12c</load_address>
         <run_address>0x12c</run_address>
         <size>0x4d</size>
         <input_file_ref idref="fl-1"/>
      </object_component>
      <object_component id="oc-43">
         <name>.debug_line</name>
         <load_address>0x179</load_address>
         <run_address>0x179</run_address>
         <size>0x4b</size>
         <input_file_ref idref="fl-1"/>
      </object_component>
      <object_component id="oc-a1">
         <name>.debug_line</name>
         <load_address>0x1c4</load_address>
         <run_address>0x1c4</run_address>
         <size>0x7a</size>
         <input_file_ref idref="fl-1"/>
      </object_component>
      <object_component id="oc-ed">
         <name>.debug_line</name>
         <load_address>0x23e</load_address>
         <run_address>0x23e</run_address>
         <size>0x20</size>
         <input_file_ref idref="fl-1"/>
      </object_component>
      <object_component id="oc-e8">
         <name>.debug_line</name>
         <load_address>0x25e</load_address>
         <run_address>0x25e</run_address>
         <size>0x7e</size>
         <input_file_ref idref="fl-1"/>
      </object_component>
      <object_component id="oc-a6">
         <name>.debug_line</name>
         <load_address>0x2dc</load_address>
         <run_address>0x2dc</run_address>
         <size>0x7b</size>
         <input_file_ref idref="fl-1"/>
      </object_component>
      <object_component id="oc-9d">
         <name>.debug_line</name>
         <load_address>0x357</load_address>
         <run_address>0x357</run_address>
         <size>0x34</size>
         <input_file_ref idref="fl-2"/>
      </object_component>
      <object_component id="oc-46">
         <name>.debug_line</name>
         <load_address>0x38b</load_address>
         <run_address>0x38b</run_address>
         <size>0x34</size>
         <input_file_ref idref="fl-2"/>
      </object_component>
      <object_component id="oc-2b">
         <name>.debug_line</name>
         <load_address>0x3bf</load_address>
         <run_address>0x3bf</run_address>
         <size>0x46</size>
         <input_file_ref idref="fl-2"/>
      </object_component>
      <object_component id="oc-31">
         <name>.debug_line</name>
         <load_address>0x405</load_address>
         <run_address>0x405</run_address>
         <size>0x49</size>
         <input_file_ref idref="fl-2"/>
      </object_component>
      <object_component id="oc-3d">
         <name>.debug_line</name>
         <load_address>0x44e</load_address>
         <run_address>0x44e</run_address>
         <size>0x49</size>
         <input_file_ref idref="fl-2"/>
      </object_component>
      <object_component id="oc-37">
         <name>.debug_line</name>
         <load_address>0x497</load_address>
         <run_address>0x497</run_address>
         <size>0x49</size>
         <input_file_ref idref="fl-2"/>
      </object_component>
      <object_component id="oc-51">
         <name>.debug_line</name>
         <load_address>0x4e0</load_address>
         <run_address>0x4e0</run_address>
         <size>0x20</size>
         <input_file_ref idref="fl-2"/>
      </object_component>
      <object_component id="oc-84">
         <name>.debug_line</name>
         <load_address>0x500</load_address>
         <run_address>0x500</run_address>
         <size>0x33</size>
         <input_file_ref idref="fl-c0"/>
      </object_component>
      <object_component id="oc-6f">
         <name>.debug_line</name>
         <load_address>0x533</load_address>
         <run_address>0x533</run_address>
         <size>0x48</size>
         <input_file_ref idref="fl-c0"/>
      </object_component>
      <object_component id="oc-c7">
         <name>.debug_line</name>
         <load_address>0x57b</load_address>
         <run_address>0x57b</run_address>
         <size>0x40</size>
         <input_file_ref idref="fl-c4"/>
      </object_component>
      <object_component id="oc-141">
         <name>.debug_line</name>
         <load_address>0x5bb</load_address>
         <run_address>0x5bb</run_address>
         <size>0x3c</size>
         <input_file_ref idref="fl-c6"/>
      </object_component>
      <object_component id="oc-17e">
         <name>.debug_line</name>
         <load_address>0x5f7</load_address>
         <run_address>0x5f7</run_address>
         <size>0x82</size>
         <input_file_ref idref="fl-c9"/>
      </object_component>
      <object_component id="oc-99">
         <name>.debug_line</name>
         <load_address>0x679</load_address>
         <run_address>0x679</run_address>
         <size>0x92</size>
         <input_file_ref idref="fl-c9"/>
      </object_component>
      <object_component id="oc-18f">
         <name>.debug_line</name>
         <load_address>0x70b</load_address>
         <run_address>0x70b</run_address>
         <size>0x95</size>
         <input_file_ref idref="fl-c9"/>
      </object_component>
      <object_component id="oc-189">
         <name>.debug_line</name>
         <load_address>0x7a0</load_address>
         <run_address>0x7a0</run_address>
         <size>0xd1</size>
         <input_file_ref idref="fl-c9"/>
      </object_component>
      <object_component id="oc-110">
         <name>.debug_line</name>
         <load_address>0x871</load_address>
         <run_address>0x871</run_address>
         <size>0x99</size>
         <input_file_ref idref="fl-c9"/>
      </object_component>
      <object_component id="oc-93">
         <name>.debug_line</name>
         <load_address>0x90a</load_address>
         <run_address>0x90a</run_address>
         <size>0x92</size>
         <input_file_ref idref="fl-c9"/>
      </object_component>
      <object_component id="oc-df">
         <name>.debug_line</name>
         <load_address>0x99c</load_address>
         <run_address>0x99c</run_address>
         <size>0x69</size>
         <input_file_ref idref="fl-c9"/>
      </object_component>
      <object_component id="oc-1d4">
         <name>.debug_line</name>
         <load_address>0xa05</load_address>
         <run_address>0xa05</run_address>
         <size>0x7c</size>
         <input_file_ref idref="fl-ca"/>
      </object_component>
      <object_component id="oc-1d2">
         <name>.debug_line</name>
         <load_address>0xa81</load_address>
         <run_address>0xa81</run_address>
         <size>0x82</size>
         <input_file_ref idref="fl-ca"/>
      </object_component>
      <object_component id="oc-135">
         <name>.debug_line</name>
         <load_address>0xb03</load_address>
         <run_address>0xb03</run_address>
         <size>0x97</size>
         <input_file_ref idref="fl-ca"/>
      </object_component>
      <object_component id="oc-129">
         <name>.debug_line</name>
         <load_address>0xb9a</load_address>
         <run_address>0xb9a</run_address>
         <size>0xc2</size>
         <input_file_ref idref="fl-ca"/>
      </object_component>
      <object_component id="oc-1c7">
         <name>.debug_line</name>
         <load_address>0xc5c</load_address>
         <run_address>0xc5c</run_address>
         <size>0x13d</size>
         <input_file_ref idref="fl-cb"/>
      </object_component>
      <object_component id="oc-1d0">
         <name>.debug_line</name>
         <load_address>0xd99</load_address>
         <run_address>0xd99</run_address>
         <size>0x7f</size>
         <input_file_ref idref="fl-cb"/>
      </object_component>
      <object_component id="oc-10a">
         <name>.debug_line</name>
         <load_address>0xe18</load_address>
         <run_address>0xe18</run_address>
         <size>0x94</size>
         <input_file_ref idref="fl-cb"/>
      </object_component>
      <object_component id="oc-104">
         <name>.debug_line</name>
         <load_address>0xeac</load_address>
         <run_address>0xeac</run_address>
         <size>0xee</size>
         <input_file_ref idref="fl-cb"/>
      </object_component>
      <object_component id="oc-11c">
         <name>.debug_line</name>
         <load_address>0xf9a</load_address>
         <run_address>0xf9a</run_address>
         <size>0x11a</size>
         <input_file_ref idref="fl-cb"/>
      </object_component>
      <object_component id="oc-1cb">
         <name>.debug_line</name>
         <load_address>0x10b4</load_address>
         <run_address>0x10b4</run_address>
         <size>0x7f</size>
         <input_file_ref idref="fl-cb"/>
      </object_component>
      <object_component id="oc-17c">
         <name>.debug_line</name>
         <load_address>0x1133</load_address>
         <run_address>0x1133</run_address>
         <size>0x82</size>
         <input_file_ref idref="fl-cc"/>
      </object_component>
      <object_component id="oc-122">
         <name>.debug_line</name>
         <load_address>0x11b5</load_address>
         <run_address>0x11b5</run_address>
         <size>0x9c</size>
         <input_file_ref idref="fl-cc"/>
      </object_component>
      <object_component id="oc-12e">
         <name>.debug_line</name>
         <load_address>0x1251</load_address>
         <run_address>0x1251</run_address>
         <size>0x93</size>
         <input_file_ref idref="fl-cc"/>
      </object_component>
      <object_component id="oc-8d">
         <name>.debug_line</name>
         <load_address>0x12e4</load_address>
         <run_address>0x12e4</run_address>
         <size>0x93</size>
         <input_file_ref idref="fl-cc"/>
      </object_component>
      <object_component id="oc-13a">
         <name>.debug_line</name>
         <load_address>0x1377</load_address>
         <run_address>0x1377</run_address>
         <size>0x93</size>
         <input_file_ref idref="fl-cc"/>
      </object_component>
      <object_component id="oc-116">
         <name>.debug_line</name>
         <load_address>0x140a</load_address>
         <run_address>0x140a</run_address>
         <size>0xb7</size>
         <input_file_ref idref="fl-cc"/>
      </object_component>
      <object_component id="oc-1a2">
         <name>.debug_line</name>
         <load_address>0x14c1</load_address>
         <run_address>0x14c1</run_address>
         <size>0x91</size>
         <input_file_ref idref="fl-cd"/>
      </object_component>
      <object_component id="oc-ce">
         <name>.debug_frame</name>
         <load_address>0x0</load_address>
         <run_address>0x0</run_address>
         <size>0x58</size>
         <input_file_ref idref="fl-1"/>
      </object_component>
      <object_component id="oc-44">
         <name>.debug_frame</name>
         <load_address>0x58</load_address>
         <run_address>0x58</run_address>
         <size>0x58</size>
         <input_file_ref idref="fl-1"/>
      </object_component>
      <object_component id="oc-2c">
         <name>.debug_frame</name>
         <load_address>0xb0</load_address>
         <run_address>0xb0</run_address>
         <size>0x54</size>
         <input_file_ref idref="fl-2"/>
      </object_component>
      <object_component id="oc-32">
         <name>.debug_frame</name>
         <load_address>0x104</load_address>
         <run_address>0x104</run_address>
         <size>0x54</size>
         <input_file_ref idref="fl-2"/>
      </object_component>
      <object_component id="oc-3e">
         <name>.debug_frame</name>
         <load_address>0x158</load_address>
         <run_address>0x158</run_address>
         <size>0x54</size>
         <input_file_ref idref="fl-2"/>
      </object_component>
      <object_component id="oc-38">
         <name>.debug_frame</name>
         <load_address>0x1ac</load_address>
         <run_address>0x1ac</run_address>
         <size>0x54</size>
         <input_file_ref idref="fl-2"/>
      </object_component>
      <object_component id="oc-70">
         <name>.debug_frame</name>
         <load_address>0x200</load_address>
         <run_address>0x200</run_address>
         <size>0x50</size>
         <input_file_ref idref="fl-c0"/>
      </object_component>
      <object_component id="oc-c8">
         <name>.debug_frame</name>
         <load_address>0x250</load_address>
         <run_address>0x250</run_address>
         <size>0x54</size>
         <input_file_ref idref="fl-c4"/>
      </object_component>
      <object_component id="oc-142">
         <name>.debug_frame</name>
         <load_address>0x2a4</load_address>
         <run_address>0x2a4</run_address>
         <size>0x54</size>
         <input_file_ref idref="fl-c6"/>
      </object_component>
      <object_component id="oc-9a">
         <name>.debug_frame</name>
         <load_address>0x2f8</load_address>
         <run_address>0x2f8</run_address>
         <size>0x7f</size>
         <input_file_ref idref="fl-c9"/>
      </object_component>
      <object_component id="oc-190">
         <name>.debug_frame</name>
         <load_address>0x377</load_address>
         <run_address>0x377</run_address>
         <size>0x7f</size>
         <input_file_ref idref="fl-c9"/>
      </object_component>
      <object_component id="oc-18a">
         <name>.debug_frame</name>
         <load_address>0x3f6</load_address>
         <run_address>0x3f6</run_address>
         <size>0x8f</size>
         <input_file_ref idref="fl-c9"/>
      </object_component>
      <object_component id="oc-111">
         <name>.debug_frame</name>
         <load_address>0x485</load_address>
         <run_address>0x485</run_address>
         <size>0x8a</size>
         <input_file_ref idref="fl-c9"/>
      </object_component>
      <object_component id="oc-94">
         <name>.debug_frame</name>
         <load_address>0x50f</load_address>
         <run_address>0x50f</run_address>
         <size>0x7f</size>
         <input_file_ref idref="fl-c9"/>
      </object_component>
      <object_component id="oc-134">
         <name>.debug_frame</name>
         <load_address>0x58e</load_address>
         <run_address>0x58e</run_address>
         <size>0x86</size>
         <input_file_ref idref="fl-ca"/>
      </object_component>
      <object_component id="oc-128">
         <name>.debug_frame</name>
         <load_address>0x614</load_address>
         <run_address>0x614</run_address>
         <size>0x7f</size>
         <input_file_ref idref="fl-ca"/>
      </object_component>
      <object_component id="oc-10b">
         <name>.debug_frame</name>
         <load_address>0x693</load_address>
         <run_address>0x693</run_address>
         <size>0x7f</size>
         <input_file_ref idref="fl-cb"/>
      </object_component>
      <object_component id="oc-105">
         <name>.debug_frame</name>
         <load_address>0x712</load_address>
         <run_address>0x712</run_address>
         <size>0x93</size>
         <input_file_ref idref="fl-cb"/>
      </object_component>
      <object_component id="oc-11d">
         <name>.debug_frame</name>
         <load_address>0x7a5</load_address>
         <run_address>0x7a5</run_address>
         <size>0x8e</size>
         <input_file_ref idref="fl-cb"/>
      </object_component>
      <object_component id="oc-123">
         <name>.debug_frame</name>
         <load_address>0x833</load_address>
         <run_address>0x833</run_address>
         <size>0x7f</size>
         <input_file_ref idref="fl-cc"/>
      </object_component>
      <object_component id="oc-12f">
         <name>.debug_frame</name>
         <load_address>0x8b2</load_address>
         <run_address>0x8b2</run_address>
         <size>0x7f</size>
         <input_file_ref idref="fl-cc"/>
      </object_component>
      <object_component id="oc-8e">
         <name>.debug_frame</name>
         <load_address>0x931</load_address>
         <run_address>0x931</run_address>
         <size>0x7f</size>
         <input_file_ref idref="fl-cc"/>
      </object_component>
      <object_component id="oc-13b">
         <name>.debug_frame</name>
         <load_address>0x9b0</load_address>
         <run_address>0x9b0</run_address>
         <size>0x7f</size>
         <input_file_ref idref="fl-cc"/>
      </object_component>
      <object_component id="oc-117">
         <name>.debug_frame</name>
         <load_address>0xa2f</load_address>
         <run_address>0xa2f</run_address>
         <size>0x86</size>
         <input_file_ref idref="fl-cc"/>
      </object_component>
      <object_component id="oc-1a3">
         <name>.debug_frame</name>
         <load_address>0xab5</load_address>
         <run_address>0xab5</run_address>
         <size>0x7f</size>
         <input_file_ref idref="fl-cd"/>
      </object_component>
      <object_component id="oc-17f">
         <name>.debug_abbrev</name>
         <load_address>0x0</load_address>
         <run_address>0x0</run_address>
         <size>0x9e</size>
         <input_file_ref idref="fl-1"/>
      </object_component>
      <object_component id="oc-13c">
         <name>.debug_abbrev</name>
         <load_address>0x9e</load_address>
         <run_address>0x9e</run_address>
         <size>0x62</size>
         <input_file_ref idref="fl-1"/>
      </object_component>
      <object_component id="oc-9b">
         <name>.debug_abbrev</name>
         <load_address>0x100</load_address>
         <run_address>0x100</run_address>
         <size>0x5e</size>
         <input_file_ref idref="fl-1"/>
      </object_component>
      <object_component id="oc-a0">
         <name>.debug_abbrev</name>
         <load_address>0x15e</load_address>
         <run_address>0x15e</run_address>
         <size>0x69</size>
         <input_file_ref idref="fl-1"/>
      </object_component>
      <object_component id="oc-ec">
         <name>.debug_abbrev</name>
         <load_address>0x1c7</load_address>
         <run_address>0x1c7</run_address>
         <size>0x1f</size>
         <input_file_ref idref="fl-1"/>
      </object_component>
      <object_component id="oc-e7">
         <name>.debug_abbrev</name>
         <load_address>0x1e6</load_address>
         <run_address>0x1e6</run_address>
         <size>0x5c</size>
         <input_file_ref idref="fl-1"/>
      </object_component>
      <object_component id="oc-a5">
         <name>.debug_abbrev</name>
         <load_address>0x242</load_address>
         <run_address>0x242</run_address>
         <size>0x24</size>
         <input_file_ref idref="fl-1"/>
      </object_component>
      <object_component id="oc-9c">
         <name>.debug_abbrev</name>
         <load_address>0x266</load_address>
         <run_address>0x266</run_address>
         <size>0x7c</size>
         <input_file_ref idref="fl-2"/>
      </object_component>
      <object_component id="oc-45">
         <name>.debug_abbrev</name>
         <load_address>0x2e2</load_address>
         <run_address>0x2e2</run_address>
         <size>0x29</size>
         <input_file_ref idref="fl-2"/>
      </object_component>
      <object_component id="oc-85">
         <name>.debug_abbrev</name>
         <load_address>0x30b</load_address>
         <run_address>0x30b</run_address>
         <size>0x50</size>
         <input_file_ref idref="fl-2"/>
      </object_component>
      <object_component id="oc-86">
         <name>.debug_abbrev</name>
         <load_address>0x35b</load_address>
         <run_address>0x35b</run_address>
         <size>0x40</size>
         <input_file_ref idref="fl-2"/>
      </object_component>
      <object_component id="oc-88">
         <name>.debug_abbrev</name>
         <load_address>0x39b</load_address>
         <run_address>0x39b</run_address>
         <size>0x40</size>
         <input_file_ref idref="fl-2"/>
      </object_component>
      <object_component id="oc-87">
         <name>.debug_abbrev</name>
         <load_address>0x3db</load_address>
         <run_address>0x3db</run_address>
         <size>0x40</size>
         <input_file_ref idref="fl-2"/>
      </object_component>
      <object_component id="oc-50">
         <name>.debug_abbrev</name>
         <load_address>0x41b</load_address>
         <run_address>0x41b</run_address>
         <size>0x1f</size>
         <input_file_ref idref="fl-2"/>
      </object_component>
      <object_component id="oc-83">
         <name>.debug_abbrev</name>
         <load_address>0x43a</load_address>
         <run_address>0x43a</run_address>
         <size>0x29</size>
         <input_file_ref idref="fl-c0"/>
      </object_component>
      <object_component id="oc-d0">
         <name>.debug_abbrev</name>
         <load_address>0x463</load_address>
         <run_address>0x463</run_address>
         <size>0x55</size>
         <input_file_ref idref="fl-c0"/>
      </object_component>
      <object_component id="oc-ff">
         <name>.debug_abbrev</name>
         <load_address>0x4b8</load_address>
         <run_address>0x4b8</run_address>
         <size>0x55</size>
         <input_file_ref idref="fl-c4"/>
      </object_component>
      <object_component id="oc-1a6">
         <name>.debug_abbrev</name>
         <load_address>0x50d</load_address>
         <run_address>0x50d</run_address>
         <size>0x45</size>
         <input_file_ref idref="fl-c6"/>
      </object_component>
      <object_component id="oc-17d">
         <name>.debug_abbrev</name>
         <load_address>0x552</load_address>
         <run_address>0x552</run_address>
         <size>0x72</size>
         <input_file_ref idref="fl-c9"/>
      </object_component>
      <object_component id="oc-e4">
         <name>.debug_abbrev</name>
         <load_address>0x5c4</load_address>
         <run_address>0x5c4</run_address>
         <size>0x6c</size>
         <input_file_ref idref="fl-c9"/>
      </object_component>
      <object_component id="oc-1ce">
         <name>.debug_abbrev</name>
         <load_address>0x630</load_address>
         <run_address>0x630</run_address>
         <size>0x6c</size>
         <input_file_ref idref="fl-c9"/>
      </object_component>
      <object_component id="oc-1cd">
         <name>.debug_abbrev</name>
         <load_address>0x69c</load_address>
         <run_address>0x69c</run_address>
         <size>0x6c</size>
         <input_file_ref idref="fl-c9"/>
      </object_component>
      <object_component id="oc-191">
         <name>.debug_abbrev</name>
         <load_address>0x708</load_address>
         <run_address>0x708</run_address>
         <size>0x7a</size>
         <input_file_ref idref="fl-c9"/>
      </object_component>
      <object_component id="oc-e2">
         <name>.debug_abbrev</name>
         <load_address>0x782</load_address>
         <run_address>0x782</run_address>
         <size>0x6e</size>
         <input_file_ref idref="fl-c9"/>
      </object_component>
      <object_component id="oc-de">
         <name>.debug_abbrev</name>
         <load_address>0x7f0</load_address>
         <run_address>0x7f0</run_address>
         <size>0x35</size>
         <input_file_ref idref="fl-c9"/>
      </object_component>
      <object_component id="oc-1d3">
         <name>.debug_abbrev</name>
         <load_address>0x825</load_address>
         <run_address>0x825</run_address>
         <size>0x8e</size>
         <input_file_ref idref="fl-ca"/>
      </object_component>
      <object_component id="oc-1d1">
         <name>.debug_abbrev</name>
         <load_address>0x8b3</load_address>
         <run_address>0x8b3</run_address>
         <size>0x27</size>
         <input_file_ref idref="fl-ca"/>
      </object_component>
      <object_component id="oc-1a4">
         <name>.debug_abbrev</name>
         <load_address>0x8da</load_address>
         <run_address>0x8da</run_address>
         <size>0x60</size>
         <input_file_ref idref="fl-ca"/>
      </object_component>
      <object_component id="oc-19b">
         <name>.debug_abbrev</name>
         <load_address>0x93a</load_address>
         <run_address>0x93a</run_address>
         <size>0x6c</size>
         <input_file_ref idref="fl-ca"/>
      </object_component>
      <object_component id="oc-1c6">
         <name>.debug_abbrev</name>
         <load_address>0x9a6</load_address>
         <run_address>0x9a6</run_address>
         <size>0xb0</size>
         <input_file_ref idref="fl-cb"/>
      </object_component>
      <object_component id="oc-1cf">
         <name>.debug_abbrev</name>
         <load_address>0xa56</load_address>
         <run_address>0xa56</run_address>
         <size>0x27</size>
         <input_file_ref idref="fl-cb"/>
      </object_component>
      <object_component id="oc-184">
         <name>.debug_abbrev</name>
         <load_address>0xa7d</load_address>
         <run_address>0xa7d</run_address>
         <size>0x6c</size>
         <input_file_ref idref="fl-cb"/>
      </object_component>
      <object_component id="oc-182">
         <name>.debug_abbrev</name>
         <load_address>0xae9</load_address>
         <run_address>0xae9</run_address>
         <size>0x7a</size>
         <input_file_ref idref="fl-cb"/>
      </object_component>
      <object_component id="oc-196">
         <name>.debug_abbrev</name>
         <load_address>0xb63</load_address>
         <run_address>0xb63</run_address>
         <size>0x60</size>
         <input_file_ref idref="fl-cb"/>
      </object_component>
      <object_component id="oc-1ca">
         <name>.debug_abbrev</name>
         <load_address>0xbc3</load_address>
         <run_address>0xbc3</run_address>
         <size>0x49</size>
         <input_file_ref idref="fl-cb"/>
      </object_component>
      <object_component id="oc-17b">
         <name>.debug_abbrev</name>
         <load_address>0xc0c</load_address>
         <run_address>0xc0c</run_address>
         <size>0x72</size>
         <input_file_ref idref="fl-cc"/>
      </object_component>
      <object_component id="oc-197">
         <name>.debug_abbrev</name>
         <load_address>0xc7e</load_address>
         <run_address>0xc7e</run_address>
         <size>0x6c</size>
         <input_file_ref idref="fl-cc"/>
      </object_component>
      <object_component id="oc-19d">
         <name>.debug_abbrev</name>
         <load_address>0xcea</load_address>
         <run_address>0xcea</run_address>
         <size>0x6c</size>
         <input_file_ref idref="fl-cc"/>
      </object_component>
      <object_component id="oc-db">
         <name>.debug_abbrev</name>
         <load_address>0xd56</load_address>
         <run_address>0xd56</run_address>
         <size>0x6c</size>
         <input_file_ref idref="fl-cc"/>
      </object_component>
      <object_component id="oc-1a5">
         <name>.debug_abbrev</name>
         <load_address>0xdc2</load_address>
         <run_address>0xdc2</run_address>
         <size>0x6c</size>
         <input_file_ref idref="fl-cc"/>
      </object_component>
      <object_component id="oc-192">
         <name>.debug_abbrev</name>
         <load_address>0xe2e</load_address>
         <run_address>0xe2e</run_address>
         <size>0x6c</size>
         <input_file_ref idref="fl-cc"/>
      </object_component>
      <object_component id="oc-1d5">
         <name>.debug_abbrev</name>
         <load_address>0xe9a</load_address>
         <run_address>0xe9a</run_address>
         <size>0x52</size>
         <input_file_ref idref="fl-cd"/>
      </object_component>
      <object_component id="oc-233">
         <name>.debug_abbrev</name>
         <load_address>0xeec</load_address>
         <run_address>0xeec</run_address>
         <size>0xf</size>
      </object_component>
      <object_component id="oc-a2">
         <name>.debug_str</name>
         <load_address>0x0</load_address>
         <run_address>0x0</run_address>
         <size>0x2bc</size>
         <input_file_ref idref="fl-1"/>
      </object_component>
      <object_component id="oc-ee">
         <name>.debug_str</name>
         <load_address>0x2bc</load_address>
         <run_address>0x2bc</run_address>
         <size>0xff</size>
         <input_file_ref idref="fl-1"/>
      </object_component>
      <object_component id="oc-e9">
         <name>.debug_str</name>
         <load_address>0x3bb</load_address>
         <run_address>0x3bb</run_address>
         <size>0x352</size>
         <input_file_ref idref="fl-1"/>
      </object_component>
      <object_component id="oc-a7">
         <name>.debug_str</name>
         <load_address>0x70d</load_address>
         <run_address>0x70d</run_address>
         <size>0x154</size>
         <input_file_ref idref="fl-1"/>
      </object_component>
      <object_component id="oc-52">
         <name>.debug_str</name>
         <load_address>0x861</load_address>
         <run_address>0x861</run_address>
         <size>0xff</size>
         <input_file_ref idref="fl-2"/>
      </object_component>
      <object_component id="oc-e0">
         <name>.debug_str</name>
         <load_address>0x960</load_address>
         <run_address>0x960</run_address>
         <size>0x241</size>
         <input_file_ref idref="fl-c9"/>
      </object_component>
      <object_component id="oc-1cc">
         <name>.debug_str</name>
         <load_address>0xba1</load_address>
         <run_address>0xba1</run_address>
         <size>0x141</size>
         <input_file_ref idref="fl-cb"/>
      </object_component>
      <object_component id="oc-cb">
         <name>.debug_aranges</name>
         <load_address>0x0</load_address>
         <run_address>0x0</run_address>
         <size>0x20</size>
         <input_file_ref idref="fl-1"/>
      </object_component>
      <object_component id="oc-41">
         <name>.debug_aranges</name>
         <load_address>0x20</load_address>
         <run_address>0x20</run_address>
         <size>0x20</size>
         <input_file_ref idref="fl-1"/>
      </object_component>
      <object_component id="oc-29">
         <name>.debug_aranges</name>
         <load_address>0x40</load_address>
         <run_address>0x40</run_address>
         <size>0x20</size>
         <input_file_ref idref="fl-2"/>
      </object_component>
      <object_component id="oc-2f">
         <name>.debug_aranges</name>
         <load_address>0x60</load_address>
         <run_address>0x60</run_address>
         <size>0x20</size>
         <input_file_ref idref="fl-2"/>
      </object_component>
      <object_component id="oc-3b">
         <name>.debug_aranges</name>
         <load_address>0x80</load_address>
         <run_address>0x80</run_address>
         <size>0x20</size>
         <input_file_ref idref="fl-2"/>
      </object_component>
      <object_component id="oc-35">
         <name>.debug_aranges</name>
         <load_address>0xa0</load_address>
         <run_address>0xa0</run_address>
         <size>0x20</size>
         <input_file_ref idref="fl-2"/>
      </object_component>
      <object_component id="oc-6d">
         <name>.debug_aranges</name>
         <load_address>0xc0</load_address>
         <run_address>0xc0</run_address>
         <size>0x20</size>
         <input_file_ref idref="fl-c0"/>
      </object_component>
      <object_component id="oc-c5">
         <name>.debug_aranges</name>
         <load_address>0xe0</load_address>
         <run_address>0xe0</run_address>
         <size>0x20</size>
         <input_file_ref idref="fl-c4"/>
      </object_component>
      <object_component id="oc-13f">
         <name>.debug_aranges</name>
         <load_address>0x100</load_address>
         <run_address>0x100</run_address>
         <size>0x20</size>
         <input_file_ref idref="fl-c6"/>
      </object_component>
      <object_component id="oc-97">
         <name>.debug_aranges</name>
         <load_address>0x120</load_address>
         <run_address>0x120</run_address>
         <size>0x20</size>
         <input_file_ref idref="fl-c9"/>
      </object_component>
      <object_component id="oc-18d">
         <name>.debug_aranges</name>
         <load_address>0x140</load_address>
         <run_address>0x140</run_address>
         <size>0x20</size>
         <input_file_ref idref="fl-c9"/>
      </object_component>
      <object_component id="oc-187">
         <name>.debug_aranges</name>
         <load_address>0x160</load_address>
         <run_address>0x160</run_address>
         <size>0x20</size>
         <input_file_ref idref="fl-c9"/>
      </object_component>
      <object_component id="oc-10e">
         <name>.debug_aranges</name>
         <load_address>0x180</load_address>
         <run_address>0x180</run_address>
         <size>0x20</size>
         <input_file_ref idref="fl-c9"/>
      </object_component>
      <object_component id="oc-91">
         <name>.debug_aranges</name>
         <load_address>0x1a0</load_address>
         <run_address>0x1a0</run_address>
         <size>0x20</size>
         <input_file_ref idref="fl-c9"/>
      </object_component>
      <object_component id="oc-131">
         <name>.debug_aranges</name>
         <load_address>0x1c0</load_address>
         <run_address>0x1c0</run_address>
         <size>0x20</size>
         <input_file_ref idref="fl-ca"/>
      </object_component>
      <object_component id="oc-125">
         <name>.debug_aranges</name>
         <load_address>0x1e0</load_address>
         <run_address>0x1e0</run_address>
         <size>0x20</size>
         <input_file_ref idref="fl-ca"/>
      </object_component>
      <object_component id="oc-108">
         <name>.debug_aranges</name>
         <load_address>0x200</load_address>
         <run_address>0x200</run_address>
         <size>0x20</size>
         <input_file_ref idref="fl-cb"/>
      </object_component>
      <object_component id="oc-102">
         <name>.debug_aranges</name>
         <load_address>0x220</load_address>
         <run_address>0x220</run_address>
         <size>0x20</size>
         <input_file_ref idref="fl-cb"/>
      </object_component>
      <object_component id="oc-11a">
         <name>.debug_aranges</name>
         <load_address>0x240</load_address>
         <run_address>0x240</run_address>
         <size>0x20</size>
         <input_file_ref idref="fl-cb"/>
      </object_component>
      <object_component id="oc-120">
         <name>.debug_aranges</name>
         <load_address>0x260</load_address>
         <run_address>0x260</run_address>
         <size>0x20</size>
         <input_file_ref idref="fl-cc"/>
      </object_component>
      <object_component id="oc-12c">
         <name>.debug_aranges</name>
         <load_address>0x280</load_address>
         <run_address>0x280</run_address>
         <size>0x20</size>
         <input_file_ref idref="fl-cc"/>
      </object_component>
      <object_component id="oc-8b">
         <name>.debug_aranges</name>
         <load_address>0x2a0</load_address>
         <run_address>0x2a0</run_address>
         <size>0x20</size>
         <input_file_ref idref="fl-cc"/>
      </object_component>
      <object_component id="oc-138">
         <name>.debug_aranges</name>
         <load_address>0x2c0</load_address>
         <run_address>0x2c0</run_address>
         <size>0x20</size>
         <input_file_ref idref="fl-cc"/>
      </object_component>
      <object_component id="oc-114">
         <name>.debug_aranges</name>
         <load_address>0x2e0</load_address>
         <run_address>0x2e0</run_address>
         <size>0x20</size>
         <input_file_ref idref="fl-cc"/>
      </object_component>
      <object_component id="oc-1a0">
         <name>.debug_aranges</name>
         <load_address>0x300</load_address>
         <run_address>0x300</run_address>
         <size>0x20</size>
         <input_file_ref idref="fl-cd"/>
      </object_component>
      <object_component id="oc-cc">
         <name>.debug_pubnames</name>
         <load_address>0x0</load_address>
         <run_address>0x0</run_address>
         <size>0x1b</size>
         <input_file_ref idref="fl-1"/>
      </object_component>
      <object_component id="oc-42">
         <name>.debug_pubnames</name>
         <load_address>0x1b</load_address>
         <run_address>0x1b</run_address>
         <size>0x27</size>
         <input_file_ref idref="fl-1"/>
      </object_component>
      <object_component id="oc-14">
         <name>.debug_pubnames</name>
         <load_address>0x42</load_address>
         <run_address>0x42</run_address>
         <size>0x23</size>
         <input_file_ref idref="fl-2"/>
      </object_component>
      <object_component id="oc-2a">
         <name>.debug_pubnames</name>
         <load_address>0x65</load_address>
         <run_address>0x65</run_address>
         <size>0x1f</size>
         <input_file_ref idref="fl-2"/>
      </object_component>
      <object_component id="oc-30">
         <name>.debug_pubnames</name>
         <load_address>0x84</load_address>
         <run_address>0x84</run_address>
         <size>0x1c</size>
         <input_file_ref idref="fl-2"/>
      </object_component>
      <object_component id="oc-3c">
         <name>.debug_pubnames</name>
         <load_address>0xa0</load_address>
         <run_address>0xa0</run_address>
         <size>0x28</size>
         <input_file_ref idref="fl-2"/>
      </object_component>
      <object_component id="oc-36">
         <name>.debug_pubnames</name>
         <load_address>0xc8</load_address>
         <run_address>0xc8</run_address>
         <size>0x1f</size>
         <input_file_ref idref="fl-2"/>
      </object_component>
      <object_component id="oc-26">
         <name>.debug_pubnames</name>
         <load_address>0xe7</load_address>
         <run_address>0xe7</run_address>
         <size>0x1e</size>
         <input_file_ref idref="fl-c0"/>
      </object_component>
      <object_component id="oc-6e">
         <name>.debug_pubnames</name>
         <load_address>0x105</load_address>
         <run_address>0x105</run_address>
         <size>0x2d</size>
         <input_file_ref idref="fl-c0"/>
      </object_component>
      <object_component id="oc-c6">
         <name>.debug_pubnames</name>
         <load_address>0x132</load_address>
         <run_address>0x132</run_address>
         <size>0x27</size>
         <input_file_ref idref="fl-c4"/>
      </object_component>
      <object_component id="oc-140">
         <name>.debug_pubnames</name>
         <load_address>0x159</load_address>
         <run_address>0x159</run_address>
         <size>0x1c</size>
         <input_file_ref idref="fl-c6"/>
      </object_component>
      <object_component id="oc-98">
         <name>.debug_pubnames</name>
         <load_address>0x175</load_address>
         <run_address>0x175</run_address>
         <size>0x23</size>
         <input_file_ref idref="fl-c9"/>
      </object_component>
      <object_component id="oc-18e">
         <name>.debug_pubnames</name>
         <load_address>0x198</load_address>
         <run_address>0x198</run_address>
         <size>0x25</size>
         <input_file_ref idref="fl-c9"/>
      </object_component>
      <object_component id="oc-188">
         <name>.debug_pubnames</name>
         <load_address>0x1bd</load_address>
         <run_address>0x1bd</run_address>
         <size>0x27</size>
         <input_file_ref idref="fl-c9"/>
      </object_component>
      <object_component id="oc-10f">
         <name>.debug_pubnames</name>
         <load_address>0x1e4</load_address>
         <run_address>0x1e4</run_address>
         <size>0x2c</size>
         <input_file_ref idref="fl-c9"/>
      </object_component>
      <object_component id="oc-92">
         <name>.debug_pubnames</name>
         <load_address>0x210</load_address>
         <run_address>0x210</run_address>
         <size>0x22</size>
         <input_file_ref idref="fl-c9"/>
      </object_component>
      <object_component id="oc-19a">
         <name>.debug_pubnames</name>
         <load_address>0x232</load_address>
         <run_address>0x232</run_address>
         <size>0x77</size>
         <input_file_ref idref="fl-ca"/>
      </object_component>
      <object_component id="oc-133">
         <name>.debug_pubnames</name>
         <load_address>0x2a9</load_address>
         <run_address>0x2a9</run_address>
         <size>0x26</size>
         <input_file_ref idref="fl-ca"/>
      </object_component>
      <object_component id="oc-127">
         <name>.debug_pubnames</name>
         <load_address>0x2cf</load_address>
         <run_address>0x2cf</run_address>
         <size>0x20</size>
         <input_file_ref idref="fl-ca"/>
      </object_component>
      <object_component id="oc-195">
         <name>.debug_pubnames</name>
         <load_address>0x2ef</load_address>
         <run_address>0x2ef</run_address>
         <size>0x23</size>
         <input_file_ref idref="fl-cb"/>
      </object_component>
      <object_component id="oc-109">
         <name>.debug_pubnames</name>
         <load_address>0x312</load_address>
         <run_address>0x312</run_address>
         <size>0x2d</size>
         <input_file_ref idref="fl-cb"/>
      </object_component>
      <object_component id="oc-103">
         <name>.debug_pubnames</name>
         <load_address>0x33f</load_address>
         <run_address>0x33f</run_address>
         <size>0x25</size>
         <input_file_ref idref="fl-cb"/>
      </object_component>
      <object_component id="oc-11b">
         <name>.debug_pubnames</name>
         <load_address>0x364</load_address>
         <run_address>0x364</run_address>
         <size>0x25</size>
         <input_file_ref idref="fl-cb"/>
      </object_component>
      <object_component id="oc-121">
         <name>.debug_pubnames</name>
         <load_address>0x389</load_address>
         <run_address>0x389</run_address>
         <size>0x23</size>
         <input_file_ref idref="fl-cc"/>
      </object_component>
      <object_component id="oc-12d">
         <name>.debug_pubnames</name>
         <load_address>0x3ac</load_address>
         <run_address>0x3ac</run_address>
         <size>0x25</size>
         <input_file_ref idref="fl-cc"/>
      </object_component>
      <object_component id="oc-8c">
         <name>.debug_pubnames</name>
         <load_address>0x3d1</load_address>
         <run_address>0x3d1</run_address>
         <size>0x24</size>
         <input_file_ref idref="fl-cc"/>
      </object_component>
      <object_component id="oc-139">
         <name>.debug_pubnames</name>
         <load_address>0x3f5</load_address>
         <run_address>0x3f5</run_address>
         <size>0x22</size>
         <input_file_ref idref="fl-cc"/>
      </object_component>
      <object_component id="oc-115">
         <name>.debug_pubnames</name>
         <load_address>0x417</load_address>
         <run_address>0x417</run_address>
         <size>0x25</size>
         <input_file_ref idref="fl-cc"/>
      </object_component>
      <object_component id="oc-1a1">
         <name>.debug_pubnames</name>
         <load_address>0x43c</load_address>
         <run_address>0x43c</run_address>
         <size>0x1f</size>
         <input_file_ref idref="fl-cd"/>
      </object_component>
      <object_component id="oc-9f">
         <name>.debug_pubtypes</name>
         <load_address>0x0</load_address>
         <run_address>0x0</run_address>
         <size>0x25c</size>
         <input_file_ref idref="fl-1"/>
      </object_component>
      <object_component id="oc-eb">
         <name>.debug_pubtypes</name>
         <load_address>0x25c</load_address>
         <run_address>0x25c</run_address>
         <size>0xff</size>
         <input_file_ref idref="fl-1"/>
      </object_component>
      <object_component id="oc-e6">
         <name>.debug_pubtypes</name>
         <load_address>0x35b</load_address>
         <run_address>0x35b</run_address>
         <size>0x330</size>
         <input_file_ref idref="fl-1"/>
      </object_component>
      <object_component id="oc-a4">
         <name>.debug_pubtypes</name>
         <load_address>0x68b</load_address>
         <run_address>0x68b</run_address>
         <size>0xaa</size>
         <input_file_ref idref="fl-1"/>
      </object_component>
      <object_component id="oc-4f">
         <name>.debug_pubtypes</name>
         <load_address>0x735</load_address>
         <run_address>0x735</run_address>
         <size>0xed</size>
         <input_file_ref idref="fl-2"/>
      </object_component>
      <object_component id="oc-dd">
         <name>.debug_pubtypes</name>
         <load_address>0x822</load_address>
         <run_address>0x822</run_address>
         <size>0x1c6</size>
         <input_file_ref idref="fl-c9"/>
      </object_component>
      <object_component id="oc-1c9">
         <name>.debug_pubtypes</name>
         <load_address>0x9e8</load_address>
         <run_address>0x9e8</run_address>
         <size>0x28</size>
         <input_file_ref idref="fl-cb"/>
      </object_component>
   </object_component_list>
   <logical_group_list>
      <logical_group id="lg-3" display="no" color="cyan">
         <name>.intvecs</name>
         <load_address>0x0</load_address>
         <run_address>0x0</run_address>
         <size>0x26c</size>
         <contents>
            <object_component_ref idref="oc-12"/>
         </contents>
      </logical_group>
      <logical_group id="lg-4" display="no" color="cyan">
         <name>.text</name>
         <load_address>0x26c</load_address>
         <run_address>0x26c</run_address>
         <size>0x5aa</size>
         <contents>
            <object_component_ref idref="oc-185"/>
            <object_component_ref idref="oc-33"/>
            <object_component_ref idref="oc-118"/>
            <object_component_ref idref="oc-100"/>
            <object_component_ref idref="oc-c9"/>
            <object_component_ref idref="oc-124"/>
            <object_component_ref idref="oc-112"/>
            <object_component_ref idref="oc-106"/>
            <object_component_ref idref="oc-3f"/>
            <object_component_ref idref="oc-6b"/>
            <object_component_ref idref="oc-18b"/>
            <object_component_ref idref="oc-10c"/>
            <object_component_ref idref="oc-11e"/>
            <object_component_ref idref="oc-130"/>
            <object_component_ref idref="oc-136"/>
            <object_component_ref idref="oc-19e"/>
            <object_component_ref idref="oc-12a"/>
            <object_component_ref idref="oc-8f"/>
            <object_component_ref idref="oc-95"/>
            <object_component_ref idref="oc-27"/>
            <object_component_ref idref="oc-181"/>
            <object_component_ref idref="oc-89"/>
            <object_component_ref idref="oc-c3"/>
            <object_component_ref idref="oc-13d"/>
            <object_component_ref idref="oc-39"/>
            <object_component_ref idref="oc-2d"/>
         </contents>
      </logical_group>
      <logical_group id="lg-5" display="no" color="cyan">
         <name>.const</name>
         <load_address>0x818</load_address>
         <run_address>0x818</run_address>
         <size>0xdc</size>
         <contents>
            <object_component_ref idref="oc-198"/>
            <object_component_ref idref="oc-193"/>
         </contents>
      </logical_group>
      <logical_group id="lg-6" display="no" color="cyan">
         <name>.cinit</name>
         <run_address>0x0</run_address>
         <size>0x0</size>
         <contents>
         </contents>
      </logical_group>
      <logical_group id="lg-7" display="no" color="cyan">
         <name>.pinit</name>
         <run_address>0x0</run_address>
         <size>0x0</size>
         <contents>
         </contents>
      </logical_group>
      <logical_group id="lg-8" display="no" color="cyan">
         <name>.init_array</name>
         <run_address>0x0</run_address>
         <size>0x0</size>
         <contents>
         </contents>
      </logical_group>
      <logical_group id="lg-9" display="no" color="cyan">
         <name>.vtable</name>
         <run_address>0x0</run_address>
         <size>0x0</size>
         <contents>
         </contents>
      </logical_group>
      <logical_group id="lg-a" display="no" color="cyan">
         <name>.data</name>
         <run_address>0x0</run_address>
         <size>0x0</size>
         <contents>
         </contents>
      </logical_group>
      <logical_group id="lg-b" display="no" color="cyan">
         <name>.bss</name>
         <run_address>0x0</run_address>
         <size>0x0</size>
         <contents>
         </contents>
      </logical_group>
      <logical_group id="lg-c" display="no" color="cyan">
         <name>.sysmem</name>
         <run_address>0x0</run_address>
         <size>0x0</size>
         <contents>
         </contents>
      </logical_group>
      <logical_group id="lg-d" display="no" color="cyan">
         <name>.stack</name>
         <run_address>0x20000000</run_address>
         <size>0x200</size>
         <contents>
            <object_component_ref idref="oc-24"/>
            <object_component_ref idref="oc-231"/>
         </contents>
      </logical_group>
      <logical_group id="lg-206" display="no" color="cyan">
         <name>.TI.noinit</name>
         <run_address>0x0</run_address>
         <size>0x0</size>
         <contents>
         </contents>
      </logical_group>
      <logical_group id="lg-207" display="no" color="cyan">
         <name>.TI.persistent</name>
         <run_address>0x0</run_address>
         <size>0x0</size>
         <contents>
         </contents>
      </logical_group>
      <logical_group id="lg-208" display="no" color="cyan">
         <name>__llvm_prf_cnts</name>
         <run_address>0x20000000</run_address>
         <size>0x0</size>
         <contents>
         </contents>
      </logical_group>
      <logical_group id="lg-217" display="never" color="cyan">
         <name>.debug_info</name>
         <load_address>0x0</load_address>
         <run_address>0x0</run_address>
         <size>0x543c</size>
         <contents>
            <object_component_ref idref="oc-ef"/>
            <object_component_ref idref="oc-ca"/>
            <object_component_ref idref="oc-40"/>
            <object_component_ref idref="oc-9e"/>
            <object_component_ref idref="oc-ea"/>
            <object_component_ref idref="oc-e5"/>
            <object_component_ref idref="oc-a3"/>
            <object_component_ref idref="oc-47"/>
            <object_component_ref idref="oc-13"/>
            <object_component_ref idref="oc-28"/>
            <object_component_ref idref="oc-2e"/>
            <object_component_ref idref="oc-3a"/>
            <object_component_ref idref="oc-34"/>
            <object_component_ref idref="oc-4e"/>
            <object_component_ref idref="oc-25"/>
            <object_component_ref idref="oc-6c"/>
            <object_component_ref idref="oc-c4"/>
            <object_component_ref idref="oc-13e"/>
            <object_component_ref idref="oc-e3"/>
            <object_component_ref idref="oc-96"/>
            <object_component_ref idref="oc-18c"/>
            <object_component_ref idref="oc-186"/>
            <object_component_ref idref="oc-10d"/>
            <object_component_ref idref="oc-90"/>
            <object_component_ref idref="oc-dc"/>
            <object_component_ref idref="oc-19c"/>
            <object_component_ref idref="oc-199"/>
            <object_component_ref idref="oc-132"/>
            <object_component_ref idref="oc-126"/>
            <object_component_ref idref="oc-183"/>
            <object_component_ref idref="oc-194"/>
            <object_component_ref idref="oc-107"/>
            <object_component_ref idref="oc-101"/>
            <object_component_ref idref="oc-119"/>
            <object_component_ref idref="oc-1c8"/>
            <object_component_ref idref="oc-e1"/>
            <object_component_ref idref="oc-11f"/>
            <object_component_ref idref="oc-12b"/>
            <object_component_ref idref="oc-8a"/>
            <object_component_ref idref="oc-137"/>
            <object_component_ref idref="oc-113"/>
            <object_component_ref idref="oc-19f"/>
            <object_component_ref idref="oc-232"/>
         </contents>
      </logical_group>
      <logical_group id="lg-219" display="never" color="cyan">
         <name>.debug_line</name>
         <load_address>0x0</load_address>
         <run_address>0x0</run_address>
         <size>0x1552</size>
         <contents>
            <object_component_ref idref="oc-180"/>
            <object_component_ref idref="oc-cd"/>
            <object_component_ref idref="oc-43"/>
            <object_component_ref idref="oc-a1"/>
            <object_component_ref idref="oc-ed"/>
            <object_component_ref idref="oc-e8"/>
            <object_component_ref idref="oc-a6"/>
            <object_component_ref idref="oc-9d"/>
            <object_component_ref idref="oc-46"/>
            <object_component_ref idref="oc-2b"/>
            <object_component_ref idref="oc-31"/>
            <object_component_ref idref="oc-3d"/>
            <object_component_ref idref="oc-37"/>
            <object_component_ref idref="oc-51"/>
            <object_component_ref idref="oc-84"/>
            <object_component_ref idref="oc-6f"/>
            <object_component_ref idref="oc-c7"/>
            <object_component_ref idref="oc-141"/>
            <object_component_ref idref="oc-17e"/>
            <object_component_ref idref="oc-99"/>
            <object_component_ref idref="oc-18f"/>
            <object_component_ref idref="oc-189"/>
            <object_component_ref idref="oc-110"/>
            <object_component_ref idref="oc-93"/>
            <object_component_ref idref="oc-df"/>
            <object_component_ref idref="oc-1d4"/>
            <object_component_ref idref="oc-1d2"/>
            <object_component_ref idref="oc-135"/>
            <object_component_ref idref="oc-129"/>
            <object_component_ref idref="oc-1c7"/>
            <object_component_ref idref="oc-1d0"/>
            <object_component_ref idref="oc-10a"/>
            <object_component_ref idref="oc-104"/>
            <object_component_ref idref="oc-11c"/>
            <object_component_ref idref="oc-1cb"/>
            <object_component_ref idref="oc-17c"/>
            <object_component_ref idref="oc-122"/>
            <object_component_ref idref="oc-12e"/>
            <object_component_ref idref="oc-8d"/>
            <object_component_ref idref="oc-13a"/>
            <object_component_ref idref="oc-116"/>
            <object_component_ref idref="oc-1a2"/>
         </contents>
      </logical_group>
      <logical_group id="lg-21b" display="never" color="cyan">
         <name>.debug_frame</name>
         <load_address>0x0</load_address>
         <run_address>0x0</run_address>
         <size>0xb34</size>
         <contents>
            <object_component_ref idref="oc-ce"/>
            <object_component_ref idref="oc-44"/>
            <object_component_ref idref="oc-2c"/>
            <object_component_ref idref="oc-32"/>
            <object_component_ref idref="oc-3e"/>
            <object_component_ref idref="oc-38"/>
            <object_component_ref idref="oc-70"/>
            <object_component_ref idref="oc-c8"/>
            <object_component_ref idref="oc-142"/>
            <object_component_ref idref="oc-9a"/>
            <object_component_ref idref="oc-190"/>
            <object_component_ref idref="oc-18a"/>
            <object_component_ref idref="oc-111"/>
            <object_component_ref idref="oc-94"/>
            <object_component_ref idref="oc-134"/>
            <object_component_ref idref="oc-128"/>
            <object_component_ref idref="oc-10b"/>
            <object_component_ref idref="oc-105"/>
            <object_component_ref idref="oc-11d"/>
            <object_component_ref idref="oc-123"/>
            <object_component_ref idref="oc-12f"/>
            <object_component_ref idref="oc-8e"/>
            <object_component_ref idref="oc-13b"/>
            <object_component_ref idref="oc-117"/>
            <object_component_ref idref="oc-1a3"/>
         </contents>
      </logical_group>
      <logical_group id="lg-21d" display="never" color="cyan">
         <name>.debug_abbrev</name>
         <load_address>0x0</load_address>
         <run_address>0x0</run_address>
         <size>0xefb</size>
         <contents>
            <object_component_ref idref="oc-17f"/>
            <object_component_ref idref="oc-13c"/>
            <object_component_ref idref="oc-9b"/>
            <object_component_ref idref="oc-a0"/>
            <object_component_ref idref="oc-ec"/>
            <object_component_ref idref="oc-e7"/>
            <object_component_ref idref="oc-a5"/>
            <object_component_ref idref="oc-9c"/>
            <object_component_ref idref="oc-45"/>
            <object_component_ref idref="oc-85"/>
            <object_component_ref idref="oc-86"/>
            <object_component_ref idref="oc-88"/>
            <object_component_ref idref="oc-87"/>
            <object_component_ref idref="oc-50"/>
            <object_component_ref idref="oc-83"/>
            <object_component_ref idref="oc-d0"/>
            <object_component_ref idref="oc-ff"/>
            <object_component_ref idref="oc-1a6"/>
            <object_component_ref idref="oc-17d"/>
            <object_component_ref idref="oc-e4"/>
            <object_component_ref idref="oc-1ce"/>
            <object_component_ref idref="oc-1cd"/>
            <object_component_ref idref="oc-191"/>
            <object_component_ref idref="oc-e2"/>
            <object_component_ref idref="oc-de"/>
            <object_component_ref idref="oc-1d3"/>
            <object_component_ref idref="oc-1d1"/>
            <object_component_ref idref="oc-1a4"/>
            <object_component_ref idref="oc-19b"/>
            <object_component_ref idref="oc-1c6"/>
            <object_component_ref idref="oc-1cf"/>
            <object_component_ref idref="oc-184"/>
            <object_component_ref idref="oc-182"/>
            <object_component_ref idref="oc-196"/>
            <object_component_ref idref="oc-1ca"/>
            <object_component_ref idref="oc-17b"/>
            <object_component_ref idref="oc-197"/>
            <object_component_ref idref="oc-19d"/>
            <object_component_ref idref="oc-db"/>
            <object_component_ref idref="oc-1a5"/>
            <object_component_ref idref="oc-192"/>
            <object_component_ref idref="oc-1d5"/>
            <object_component_ref idref="oc-233"/>
         </contents>
      </logical_group>
      <logical_group id="lg-21f" display="never" color="cyan">
         <name>.debug_str</name>
         <load_address>0x0</load_address>
         <run_address>0x0</run_address>
         <size>0xce2</size>
         <contents>
            <object_component_ref idref="oc-a2"/>
            <object_component_ref idref="oc-ee"/>
            <object_component_ref idref="oc-e9"/>
            <object_component_ref idref="oc-a7"/>
            <object_component_ref idref="oc-52"/>
            <object_component_ref idref="oc-e0"/>
            <object_component_ref idref="oc-1cc"/>
         </contents>
      </logical_group>
      <logical_group id="lg-221" display="never" color="cyan">
         <name>.debug_aranges</name>
         <load_address>0x0</load_address>
         <run_address>0x0</run_address>
         <size>0x320</size>
         <contents>
            <object_component_ref idref="oc-cb"/>
            <object_component_ref idref="oc-41"/>
            <object_component_ref idref="oc-29"/>
            <object_component_ref idref="oc-2f"/>
            <object_component_ref idref="oc-3b"/>
            <object_component_ref idref="oc-35"/>
            <object_component_ref idref="oc-6d"/>
            <object_component_ref idref="oc-c5"/>
            <object_component_ref idref="oc-13f"/>
            <object_component_ref idref="oc-97"/>
            <object_component_ref idref="oc-18d"/>
            <object_component_ref idref="oc-187"/>
            <object_component_ref idref="oc-10e"/>
            <object_component_ref idref="oc-91"/>
            <object_component_ref idref="oc-131"/>
            <object_component_ref idref="oc-125"/>
            <object_component_ref idref="oc-108"/>
            <object_component_ref idref="oc-102"/>
            <object_component_ref idref="oc-11a"/>
            <object_component_ref idref="oc-120"/>
            <object_component_ref idref="oc-12c"/>
            <object_component_ref idref="oc-8b"/>
            <object_component_ref idref="oc-138"/>
            <object_component_ref idref="oc-114"/>
            <object_component_ref idref="oc-1a0"/>
         </contents>
      </logical_group>
      <logical_group id="lg-223" display="never" color="cyan">
         <name>.debug_pubnames</name>
         <load_address>0x0</load_address>
         <run_address>0x0</run_address>
         <size>0x45b</size>
         <contents>
            <object_component_ref idref="oc-cc"/>
            <object_component_ref idref="oc-42"/>
            <object_component_ref idref="oc-14"/>
            <object_component_ref idref="oc-2a"/>
            <object_component_ref idref="oc-30"/>
            <object_component_ref idref="oc-3c"/>
            <object_component_ref idref="oc-36"/>
            <object_component_ref idref="oc-26"/>
            <object_component_ref idref="oc-6e"/>
            <object_component_ref idref="oc-c6"/>
            <object_component_ref idref="oc-140"/>
            <object_component_ref idref="oc-98"/>
            <object_component_ref idref="oc-18e"/>
            <object_component_ref idref="oc-188"/>
            <object_component_ref idref="oc-10f"/>
            <object_component_ref idref="oc-92"/>
            <object_component_ref idref="oc-19a"/>
            <object_component_ref idref="oc-133"/>
            <object_component_ref idref="oc-127"/>
            <object_component_ref idref="oc-195"/>
            <object_component_ref idref="oc-109"/>
            <object_component_ref idref="oc-103"/>
            <object_component_ref idref="oc-11b"/>
            <object_component_ref idref="oc-121"/>
            <object_component_ref idref="oc-12d"/>
            <object_component_ref idref="oc-8c"/>
            <object_component_ref idref="oc-139"/>
            <object_component_ref idref="oc-115"/>
            <object_component_ref idref="oc-1a1"/>
         </contents>
      </logical_group>
      <logical_group id="lg-225" display="never" color="cyan">
         <name>.debug_pubtypes</name>
         <load_address>0x0</load_address>
         <run_address>0x0</run_address>
         <size>0xa10</size>
         <contents>
            <object_component_ref idref="oc-9f"/>
            <object_component_ref idref="oc-eb"/>
            <object_component_ref idref="oc-e6"/>
            <object_component_ref idref="oc-a4"/>
            <object_component_ref idref="oc-4f"/>
            <object_component_ref idref="oc-dd"/>
            <object_component_ref idref="oc-1c9"/>
         </contents>
      </logical_group>
      <logical_group id="lg-230" display="no" color="cyan">
         <name>Veneer$$CMSE</name>
         <run_address>0x0</run_address>
         <size>0x0</size>
         <contents>
         </contents>
      </logical_group>
      <load_segment id="lg-234" display="no" color="cyan">
         <name>SEGMENT_0</name>
         <load_address>0x0</load_address>
         <run_address>0x0</run_address>
         <size>0x8f4</size>
         <flags>0x5</flags>
         <contents>
            <logical_group_ref idref="lg-3"/>
            <logical_group_ref idref="lg-4"/>
            <logical_group_ref idref="lg-5"/>
         </contents>
      </load_segment>
      <load_segment id="lg-235" display="no" color="cyan">
         <name>SEGMENT_1</name>
         <run_address>0x20000000</run_address>
         <size>0x200</size>
         <flags>0x6</flags>
         <contents>
            <logical_group_ref idref="lg-d"/>
         </contents>
      </load_segment>
   </logical_group_list>
   <placement_map>
      <memory_area display="yes" color="green">
         <name>FLASH</name>
         <page_id>0x0</page_id>
         <origin>0x0</origin>
         <length>0x40000</length>
         <used_space>0x8f2</used_space>
         <unused_space>0x3f70e</unused_space>
         <attributes>RX</attributes>
         <usage_details>
            <allocated_space>
               <start_address>0x0</start_address>
               <size>0x26c</size>
               <logical_group_ref idref="lg-3"/>
            </allocated_space>
            <allocated_space>
               <start_address>0x26c</start_address>
               <size>0x5aa</size>
               <logical_group_ref idref="lg-4"/>
            </allocated_space>
            <available_space>
               <start_address>0x816</start_address>
               <size>0x2</size>
            </available_space>
            <allocated_space>
               <start_address>0x818</start_address>
               <size>0xdc</size>
               <logical_group_ref idref="lg-5"/>
            </allocated_space>
            <available_space>
               <start_address>0x8f4</start_address>
               <size>0x3f70c</size>
            </available_space>
         </usage_details>
      </memory_area>
      <memory_area display="yes" color="green">
         <name>SRAM</name>
         <page_id>0x0</page_id>
         <origin>0x20000000</origin>
         <length>0x8000</length>
         <used_space>0x200</used_space>
         <unused_space>0x7e00</unused_space>
         <attributes>RWX</attributes>
         <usage_details>
            <allocated_space>
               <start_address>0x20000000</start_address>
               <size>0x0</size>
               <logical_group_ref idref="lg-208"/>
            </allocated_space>
            <allocated_space>
               <start_address>0x20000000</start_address>
               <size>0x200</size>
               <logical_group_ref idref="lg-d"/>
            </allocated_space>
            <available_space>
               <start_address>0x20000200</start_address>
               <size>0x7e00</size>
            </available_space>
         </usage_details>
      </memory_area>
   </placement_map>
   <symbol_table>
      <symbol id="sm-1">
         <name>__STACK_TOP</name>
         <value>0x20000200</value>
      </symbol>
      <symbol id="sm-2">
         <name>__start___llvm_prf_cnts</name>
         <value>0x20000000</value>
      </symbol>
      <symbol id="sm-3">
         <name>__stop___llvm_prf_cnts</name>
         <value>0x20000000</value>
      </symbol>
      <symbol id="sm-4">
         <name>binit</name>
         <value>0xffffffff</value>
      </symbol>
      <symbol id="sm-5">
         <name>__binit__</name>
         <value>0xffffffff</value>
      </symbol>
      <symbol id="sm-6">
         <name>__STACK_SIZE</name>
         <value>0x200</value>
      </symbol>
      <symbol id="sm-7">
         <name>__STACK_END</name>
         <value>0x20000200</value>
      </symbol>
      <symbol id="sm-8">
         <name>__c_args__</name>
         <value>0xffffffff</value>
      </symbol>
      <symbol id="sm-9">
         <name>__TI_pprof_out_hndl</name>
         <value>0xffffffff</value>
      </symbol>
      <symbol id="sm-a">
         <name>__TI_prof_data_start</name>
         <value>0xffffffff</value>
      </symbol>
      <symbol id="sm-b">
         <name>__TI_prof_data_size</name>
         <value>0xffffffff</value>
      </symbol>
      <symbol id="sm-c">
         <name>__TI_static_base__</name>
         <value>0x0</value>
      </symbol>
      <symbol id="sm-56">
         <name>main</name>
         <value>0x5a5</value>
         <object_component_ref idref="oc-c9"/>
      </symbol>
      <symbol id="sm-57">
         <name>Timer0IntHandler</name>
         <value>0x70d</value>
         <object_component_ref idref="oc-3f"/>
      </symbol>
      <symbol id="sm-8d">
         <name>ResetISR</name>
         <value>0x7fb</value>
         <object_component_ref idref="oc-27"/>
      </symbol>
      <symbol id="sm-8e">
         <name>g_pfnVectors</name>
         <value>0x0</value>
         <object_component_ref idref="oc-12"/>
      </symbol>
      <symbol id="sm-a4">
         <name>_c_int00_noinit_noargs</name>
         <value>0x73d</value>
         <object_component_ref idref="oc-6b"/>
      </symbol>
      <symbol id="sm-a5">
         <name>__stack</name>
         <value>0x20000000</value>
         <object_component_ref idref="oc-24"/>
      </symbol>
      <symbol id="sm-b2">
         <name>_system_pre_init</name>
         <value>0x80b</value>
         <object_component_ref idref="oc-c3"/>
      </symbol>
      <symbol id="sm-be">
         <name>C$$EXIT</name>
         <value>0x80f</value>
         <object_component_ref idref="oc-13d"/>
      </symbol>
      <symbol id="sm-bf">
         <name>abort</name>
         <value>0x80f</value>
         <object_component_ref idref="oc-13d"/>
      </symbol>
      <symbol id="sm-f5">
         <name>GPIOPinTypeGPIOOutput</name>
         <value>0x793</value>
         <object_component_ref idref="oc-10c"/>
      </symbol>
      <symbol id="sm-f6">
         <name>GPIOPinRead</name>
         <value>0x7ef</value>
         <object_component_ref idref="oc-8f"/>
      </symbol>
      <symbol id="sm-f7">
         <name>GPIODirModeSet</name>
         <value>0x769</value>
         <object_component_ref idref="oc-18b"/>
      </symbol>
      <symbol id="sm-f8">
         <name>GPIOPinWrite</name>
         <value>0x7f5</value>
         <object_component_ref idref="oc-95"/>
      </symbol>
      <symbol id="sm-f9">
         <name>GPIOPadConfigSet</name>
         <value>0x26d</value>
         <object_component_ref idref="oc-185"/>
      </symbol>
      <symbol id="sm-129">
         <name>IntEnable</name>
         <value>0x611</value>
         <object_component_ref idref="oc-124"/>
      </symbol>
      <symbol id="sm-12a">
         <name>IntMasterEnable</name>
         <value>0x7bd</value>
         <object_component_ref idref="oc-130"/>
      </symbol>
      <symbol id="sm-17c">
         <name>SysCtlClockSet</name>
         <value>0x4b1</value>
         <object_component_ref idref="oc-100"/>
      </symbol>
      <symbol id="sm-17d">
         <name>SysCtlDelay</name>
         <value>0x801</value>
         <object_component_ref idref="oc-181"/>
      </symbol>
      <symbol id="sm-17e">
         <name>SysCtlPeripheralEnable</name>
         <value>0x6d9</value>
         <object_component_ref idref="oc-106"/>
      </symbol>
      <symbol id="sm-17f">
         <name>SysCtlClockGet</name>
         <value>0x3a1</value>
         <object_component_ref idref="oc-118"/>
      </symbol>
      <symbol id="sm-1b3">
         <name>TimerLoadSet</name>
         <value>0x7ab</value>
         <object_component_ref idref="oc-11e"/>
      </symbol>
      <symbol id="sm-1b4">
         <name>TimerEnable</name>
         <value>0x7cd</value>
         <object_component_ref idref="oc-136"/>
      </symbol>
      <symbol id="sm-1b5">
         <name>TimerIntEnable</name>
         <value>0x7e7</value>
         <object_component_ref idref="oc-12a"/>
      </symbol>
      <symbol id="sm-1b6">
         <name>TimerConfigure</name>
         <value>0x679</value>
         <object_component_ref idref="oc-112"/>
      </symbol>
      <symbol id="sm-1b7">
         <name>TimerIntClear</name>
         <value>0x807</value>
         <object_component_ref idref="oc-89"/>
      </symbol>
      <symbol id="sm-1c1">
         <name>CPUcpsie</name>
         <value>0x7db</value>
         <object_component_ref idref="oc-19e"/>
      </symbol>
      <symbol id="sm-1c2">
         <name>__mpu_init</name>
         <value>0x0</value>
      </symbol>
   </symbol_table>
   <title>Link successful</title>
</link_info>
