******************************************************************************
                  TI ARM Linker Unix v20.2.2                   
******************************************************************************
>> Linked Wed Sep 23 23:59:51 2020

OUTPUT FILE NAME:   <Lab10a_TIVAC123.out>
ENTRY POINT SYMBOL: "_c_int00_noargs"  address: 00000999


MEMORY CONFIGURATION

         name            origin    length      used     unused   attr    fill
----------------------  --------  ---------  --------  --------  ----  --------
  FLASH                 00000000   00040000  00000a28  0003f5d8  R  X
  SRAM                  20000000   00008000  00001974  0000668c  RW X


SEGMENT ALLOCATION MAP

run origin  load origin   length   init length attrs members
----------  ----------- ---------- ----------- ----- -------
00000000    00000000    00000a28   00000a28    r-x
  00000000    00000000    0000026c   0000026c    r-- .intvecs
  0000026c    0000026c    0000078c   0000078c    r-x .text
  000009f8    000009f8    00000030   00000030    r-- .cinit
20000000    20000000    00001974   00000000    rw-
  20000000    20000000    00001770   00000000    rw- .bss
  20001770    20001770    00000200   00000000    rw- .stack
  20001970    20001970    00000004   00000000    rw- .data


SECTION ALLOCATION MAP

 output                                  attributes/
section   page    origin      length       input sections
--------  ----  ----------  ----------   ----------------
.intvecs   0    00000000    0000026c     
                  00000000    0000026c     startup_ccs.obj (.intvecs)

.text      0    0000026c    0000078c     
                  0000026c    000001b6     rtsv7M4_T_le_v4SPD16_eabi.lib : fd_add_t2.asm.obj (.text)
                  00000422    000000fc                                   : fd_mul_t2.asm.obj (.text)
                  0000051e    00000002     startup_ccs.obj (.text:FaultISR)
                  00000520    000000b8     Lab10a.obj (.text:main)
                  000005d8    000000b4     rtsv7M4_T_le_v4SPD16_eabi.lib : s_cosf.c.obj (.text:cosf)
                  0000068c    000000a4                                   : s_sinf.c.obj (.text:sinf)
                  00000730    0000009c                                   : memcpy_t2.asm.obj (.text)
                  000007cc    0000007a                                   : memset_t2.asm.obj (.text)
                  00000846    0000006e                                   : fd_tos_t2.asm.obj (.text)
                  000008b4    00000068                                   : copy_decompress_lzss.c.obj (.text:decompress:lzss:__TI_decompress_lzss)
                  0000091c    00000044                                   : autoinit.c.obj (.text:__TI_auto_init_nobinit_nopinit:__TI_auto_init_nobinit_nopinit)
                  00000960    00000038                                   : fs_tod_t2.asm.obj (.text)
                  00000998    00000034                                   : boot_cortex_m.c.obj (.text:_c_int00_noargs:_c_int00_noargs)
                  000009cc    0000000e                                   : copy_decompress_none.c.obj (.text:decompress:none:__TI_decompress_none)
                  000009da    0000000c                                   : copy_zero_init.c.obj (.text:decompress:ZI:__TI_zero_init)
                  000009e6    00000006     startup_ccs.obj (.text:ResetISR)
                  000009ec    00000004     rtsv7M4_T_le_v4SPD16_eabi.lib : pre_init.c.obj (.text:_system_pre_init)
                  000009f0    00000004                                   : exit.c.obj (.text:abort:abort)
                  000009f4    00000002     startup_ccs.obj (.text:IntDefaultHandler)
                  000009f6    00000002     startup_ccs.obj (.text:NmiSR)

.cinit     0    000009f8    00000030     
                  000009f8    0000000c     (__TI_handler_table)
                  00000a04    00000004     --HOLE-- [fill = 0]
                  00000a08    00000008     (.cinit..bss.load) [load image, compression = zero_init]
                  00000a10    00000007     (.cinit..data.load) [load image, compression = lzss]
                  00000a17    00000001     --HOLE-- [fill = 0]
                  00000a18    00000010     (__TI_cinit_table)

.init_array 
*          0    00000000    00000000     UNINITIALIZED

.bss       0    20000000    00001770     UNINITIALIZED
                  20000000    00001770     (.common:gSeriesData)

.data      0    20001970    00000004     UNINITIALIZED
                  20001970    00000004     Lab10a.obj (.data)

.stack     0    20001770    00000200     UNINITIALIZED
                  20001770    00000004     rtsv7M4_T_le_v4SPD16_eabi.lib : boot_cortex_m.c.obj (.stack)
                  20001774    000001fc     --HOLE--

__llvm_prf_cnts 
*          0    20000000    00000000     UNINITIALIZED

MODULE SUMMARY

       Module                       code   ro data   rw data
       ------                       ----   -------   -------
    ./
       Lab10a.obj                   184    0         6004   
       startup_ccs.obj              12     620       0      
    +--+----------------------------+------+---------+---------+
       Total:                       196    620       6004   
                                                            
    /Applications/ti/ccs1010/ccs/tools/compiler/ti-cgt-arm_20.2.2.LTS/lib/rtsv7M4_T_le_v4SPD16_eabi.lib
       fd_add_t2.asm.obj            438    0         0      
       fd_mul_t2.asm.obj            252    0         0      
       s_cosf.c.obj                 180    0         0      
       s_sinf.c.obj                 164    0         0      
       memcpy_t2.asm.obj            156    0         0      
       memset_t2.asm.obj            122    0         0      
       fd_tos_t2.asm.obj            110    0         0      
       copy_decompress_lzss.c.obj   104    0         0      
       autoinit.c.obj               68     0         0      
       fs_tod_t2.asm.obj            56     0         0      
       boot_cortex_m.c.obj          52     0         0      
       copy_decompress_none.c.obj   14     0         0      
       copy_zero_init.c.obj         12     0         0      
       exit.c.obj                   4      0         0      
       pre_init.c.obj               4      0         0      
    +--+----------------------------+------+---------+---------+
       Total:                       1736   0         0      
                                                            
       Stack:                       0      0         512    
       Linker Generated:            0      43        0      
    +--+----------------------------+------+---------+---------+
       Grand Total:                 1932   663       6516   


LINKER GENERATED COPY TABLES

__TI_cinit_table @ 00000a18 records: 2, size/record: 8, table size: 16
	.bss: load addr=00000a08, load size=00000008 bytes, run addr=20000000, run size=00001770 bytes, compression=zero_init
	.data: load addr=00000a10, load size=00000007 bytes, run addr=20001970, run size=00000004 bytes, compression=lzss


LINKER GENERATED HANDLER TABLE

__TI_handler_table @ 000009f8 records: 3, size/record: 4, table size: 12
	index: 0, handler: __TI_decompress_lzss
	index: 1, handler: __TI_decompress_none
	index: 2, handler: __TI_zero_init


GLOBAL SYMBOLS: SORTED ALPHABETICALLY BY Name 

address   name                          
-------   ----                          
000009f1  C$$EXIT                       
000009e7  ResetISR                      
20001970  __STACK_END                   
00000200  __STACK_SIZE                  
20001970  __STACK_TOP                   
00000a18  __TI_CINIT_Base               
00000a28  __TI_CINIT_Limit              
000009f8  __TI_Handler_Table_Base       
00000a04  __TI_Handler_Table_Limit      
0000091d  __TI_auto_init_nobinit_nopinit
000008b5  __TI_decompress_lzss          
000009cd  __TI_decompress_none          
ffffffff  __TI_pprof_out_hndl           
ffffffff  __TI_prof_data_size           
ffffffff  __TI_prof_data_start          
00000000  __TI_static_base__            
000009db  __TI_zero_init                
00000847  __aeabi_d2f                   
00000277  __aeabi_dadd                  
00000423  __aeabi_dmul                  
0000026d  __aeabi_dsub                  
00000961  __aeabi_f2d                   
000007cd  __aeabi_memclr                
000007cd  __aeabi_memclr4               
000007cd  __aeabi_memclr8               
00000731  __aeabi_memcpy                
00000731  __aeabi_memcpy4               
00000731  __aeabi_memcpy8               
000007cf  __aeabi_memset                
000007cf  __aeabi_memset4               
000007cf  __aeabi_memset8               
ffffffff  __binit__                     
ffffffff  __c_args__                    
UNDEFED   __mpu_init                    
20001770  __stack                       
20000000  __start___llvm_prf_cnts       
20000000  __stop___llvm_prf_cnts        
00000999  _c_int00_noargs               
UNDEFED   _system_post_cinit            
000009ed  _system_pre_init              
000009f1  abort                         
ffffffff  binit                         
000005d9  cosf                          
20000000  gSeriesData                   
00000000  g_pfnVectors                  
20001970  i32DataCount                  
00000521  main                          
00000731  memcpy                        
000007d5  memset                        
0000068d  sinf                          


GLOBAL SYMBOLS: SORTED BY Symbol Address 

address   name                          
-------   ----                          
00000000  __TI_static_base__            
00000000  g_pfnVectors                  
00000200  __STACK_SIZE                  
0000026d  __aeabi_dsub                  
00000277  __aeabi_dadd                  
00000423  __aeabi_dmul                  
00000521  main                          
000005d9  cosf                          
0000068d  sinf                          
00000731  __aeabi_memcpy                
00000731  __aeabi_memcpy4               
00000731  __aeabi_memcpy8               
00000731  memcpy                        
000007cd  __aeabi_memclr                
000007cd  __aeabi_memclr4               
000007cd  __aeabi_memclr8               
000007cf  __aeabi_memset                
000007cf  __aeabi_memset4               
000007cf  __aeabi_memset8               
000007d5  memset                        
00000847  __aeabi_d2f                   
000008b5  __TI_decompress_lzss          
0000091d  __TI_auto_init_nobinit_nopinit
00000961  __aeabi_f2d                   
00000999  _c_int00_noargs               
000009cd  __TI_decompress_none          
000009db  __TI_zero_init                
000009e7  ResetISR                      
000009ed  _system_pre_init              
000009f1  C$$EXIT                       
000009f1  abort                         
000009f8  __TI_Handler_Table_Base       
00000a04  __TI_Handler_Table_Limit      
00000a18  __TI_CINIT_Base               
00000a28  __TI_CINIT_Limit              
20000000  __start___llvm_prf_cnts       
20000000  __stop___llvm_prf_cnts        
20000000  gSeriesData                   
20001770  __stack                       
20001970  __STACK_END                   
20001970  __STACK_TOP                   
20001970  i32DataCount                  
ffffffff  __TI_pprof_out_hndl           
ffffffff  __TI_prof_data_size           
ffffffff  __TI_prof_data_start          
ffffffff  __binit__                     
ffffffff  __c_args__                    
ffffffff  binit                         
UNDEFED   __mpu_init                    
UNDEFED   _system_post_cinit            

[50 symbols]
