******************************************************************************
                  TI ARM Linker Unix v20.2.2                   
******************************************************************************
>> Linked Wed Sep 23 12:07:59 2020

OUTPUT FILE NAME:   <Lab7c_TIVAC123.out>
ENTRY POINT SYMBOL: "_c_int00_noargs"  address: 000009bd


MEMORY CONFIGURATION

         name            origin    length      used     unused   attr    fill
----------------------  --------  ---------  --------  --------  ----  --------
  FLASH                 00000000   00040000  00000b58  0003f4a8  R  X
  SRAM                  20000000   00008000  00000205  00007dfb  RW X


SEGMENT ALLOCATION MAP

run origin  load origin   length   init length attrs members
----------  ----------- ---------- ----------- ----- -------
00000000    00000000    00000b58   00000b58    r-x
  00000000    00000000    0000026c   0000026c    r-- .intvecs
  0000026c    0000026c    0000082c   0000082c    r-x .text
  00000a98    00000a98    000000a8   000000a8    r-- .const
  00000b40    00000b40    00000018   00000018    r-- .cinit
20000000    20000000    00000205   00000000    rw-
  20000000    20000000    00000200   00000000    rw- .stack
  20000200    20000200    00000005   00000000    rw- .data


SECTION ALLOCATION MAP

 output                                  attributes/
section   page    origin      length       input sections
--------  ----  ----------  ----------   ----------------
.intvecs   0    00000000    0000026c     
                  00000000    0000026c     startup_ccs.obj (.intvecs)

.text      0    0000026c    0000082c     
                  0000026c    000001ee     uartstdio.obj (.text:UARTvprintf)
                  0000045a    00000132     driverlib.lib : gpio.obj (.text:GPIOPadConfigSet)
                  0000058c    000000f4                   : sysctl.obj (.text:SysCtlClockSet)
                  00000680    0000009c     rtsv7M4_T_le_v4SPD16_eabi.lib : memcpy_t2.asm.obj (.text)
                  0000071c    00000090     Lab7c.obj (.text:main)
                  000007ac    00000068     rtsv7M4_T_le_v4SPD16_eabi.lib : copy_decompress_lzss.c.obj (.text:decompress:lzss:__TI_decompress_lzss)
                  00000814    00000060     uartstdio.obj (.text:UARTStdioConfig)
                  00000874    00000048     driverlib.lib : gpio.obj (.text:GPIOPinConfigure)
                  000008bc    00000048     uartstdio.obj (.text:UARTwrite)
                  00000904    00000044     rtsv7M4_T_le_v4SPD16_eabi.lib : autoinit.c.obj (.text:__TI_auto_init_nobinit_nopinit:__TI_auto_init_nobinit_nopinit)
                  00000948    00000040                                   : u_divt2.asm.obj (.text)
                  00000988    00000034     driverlib.lib : sysctl.obj (.text:SysCtlPeripheralEnable)
                  000009bc    00000034     rtsv7M4_T_le_v4SPD16_eabi.lib : boot_cortex_m.c.obj (.text:_c_int00_noargs:_c_int00_noargs)
                  000009f0    0000002a     driverlib.lib : gpio.obj (.text:GPIODirModeSet)
                  00000a1a    0000001a     uartstdio.obj (.text:UARTprintf)
                  00000a34    00000012     driverlib.lib : gpio.obj (.text:GPIOPinTypeUART)
                  00000a46    0000000e                   : uart.obj (.text:UARTCharsAvail)
                  00000a54    0000000e     rtsv7M4_T_le_v4SPD16_eabi.lib : copy_decompress_none.c.obj (.text:decompress:none:__TI_decompress_none)
                  00000a62    0000000a     driverlib.lib : uart.obj (.text:UARTCharGet)
                  00000a6c    0000000a                   : uart.obj (.text:UARTCharPut)
                  00000a76    00000006     startup_ccs.obj (.text:ResetISR)
                  00000a7c    00000006     driverlib.lib : sysctl.obj (.text:SysCtlDelay)
                  00000a82    00000006                   : uart.obj (.text:UARTClockSourceSet)
                  00000a88    00000004     rtsv7M4_T_le_v4SPD16_eabi.lib : pre_init.c.obj (.text:_system_pre_init)
                  00000a8c    00000004                                   : exit.c.obj (.text:abort:abort)
                  00000a90    00000002     startup_ccs.obj (.text:FaultISR)
                  00000a92    00000002     startup_ccs.obj (.text:IntDefaultHandler)
                  00000a94    00000002     startup_ccs.obj (.text:NmiSR)
                  00000a96    00000002     rtsv7M4_T_le_v4SPD16_eabi.lib : div0.asm.obj (.text)

.const     0    00000a98    000000a8     
                  00000a98    00000090     driverlib.lib : gpio.obj (.const:g_pui32GPIOBaseAddrs)
                  00000b28    0000000c     uartstdio.obj (.const:g_ui32UARTBase)
                  00000b34    0000000c     uartstdio.obj (.const:g_ui32UARTPeriph)

.cinit     0    00000b40    00000018     
                  00000b40    00000008     (__TI_handler_table)
                  00000b48    00000007     (.cinit..data.load) [load image, compression = lzss]
                  00000b4f    00000001     --HOLE-- [fill = 0]
                  00000b50    00000008     (__TI_cinit_table)

.init_array 
*          0    00000000    00000000     UNINITIALIZED

.data      0    20000200    00000005     UNINITIALIZED
                  20000200    00000005     uartstdio.obj (.data)

.stack     0    20000000    00000200     UNINITIALIZED
                  20000000    00000004     rtsv7M4_T_le_v4SPD16_eabi.lib : boot_cortex_m.c.obj (.stack)
                  20000004    000001fc     --HOLE--

__llvm_prf_cnts 
*          0    20000000    00000000     UNINITIALIZED

MODULE SUMMARY

       Module                       code   ro data   rw data
       ------                       ----   -------   -------
    ./
       uartstdio.obj                688    24        5      
       startup_ccs.obj              12     620       0      
       Lab7c.obj                    144    0         0      
    +--+----------------------------+------+---------+---------+
       Total:                       844    644       5      
                                                            
    /Applications/ti/ccs1010/ccs/tools/compiler/ti-cgt-arm_20.2.2.LTS/lib/rtsv7M4_T_le_v4SPD16_eabi.lib
       memcpy_t2.asm.obj            156    0         0      
       copy_decompress_lzss.c.obj   104    0         0      
       autoinit.c.obj               68     0         0      
       u_divt2.asm.obj              64     0         0      
       boot_cortex_m.c.obj          52     0         0      
       copy_decompress_none.c.obj   14     0         0      
       exit.c.obj                   4      0         0      
       pre_init.c.obj               4      0         0      
       div0.asm.obj                 2      0         0      
    +--+----------------------------+------+---------+---------+
       Total:                       468    0         0      
                                                            
    /Users/venkim/ti/tivaware_c_series_2_1_4_178/driverlib/ccs/Debug/driverlib.lib
       gpio.obj                     438    144       0      
       sysctl.obj                   302    0         0      
       uart.obj                     40     0         0      
    +--+----------------------------+------+---------+---------+
       Total:                       780    144       0      
                                                            
       Stack:                       0      0         512    
       Linker Generated:            0      23        0      
    +--+----------------------------+------+---------+---------+
       Grand Total:                 2092   811       517    


LINKER GENERATED COPY TABLES

__TI_cinit_table @ 00000b50 records: 1, size/record: 8, table size: 8
	.data: load addr=00000b48, load size=00000007 bytes, run addr=20000200, run size=00000005 bytes, compression=lzss


LINKER GENERATED HANDLER TABLE

__TI_handler_table @ 00000b40 records: 2, size/record: 4, table size: 8
	index: 0, handler: __TI_decompress_lzss
	index: 1, handler: __TI_decompress_none


GLOBAL SYMBOLS: SORTED ALPHABETICALLY BY Name 

address   name                          
-------   ----                          
00000a8d  C$$EXIT                       
000009f1  GPIODirModeSet                
0000045b  GPIOPadConfigSet              
00000875  GPIOPinConfigure              
00000a35  GPIOPinTypeUART               
00000a77  ResetISR                      
0000058d  SysCtlClockSet                
00000a7d  SysCtlDelay                   
00000989  SysCtlPeripheralEnable        
00000a63  UARTCharGet                   
00000a6d  UARTCharPut                   
00000a47  UARTCharsAvail                
00000a83  UARTClockSourceSet            
00000815  UARTStdioConfig               
00000a1b  UARTprintf                    
0000026d  UARTvprintf                   
000008bd  UARTwrite                     
20000200  __STACK_END                   
00000200  __STACK_SIZE                  
20000200  __STACK_TOP                   
00000b50  __TI_CINIT_Base               
00000b58  __TI_CINIT_Limit              
00000b40  __TI_Handler_Table_Base       
00000b48  __TI_Handler_Table_Limit      
00000905  __TI_auto_init_nobinit_nopinit
000007ad  __TI_decompress_lzss          
00000a55  __TI_decompress_none          
ffffffff  __TI_pprof_out_hndl           
ffffffff  __TI_prof_data_size           
ffffffff  __TI_prof_data_start          
00000000  __TI_static_base__            
00000a97  __aeabi_idiv0                 
00000a97  __aeabi_ldiv0                 
00000681  __aeabi_memcpy                
00000681  __aeabi_memcpy4               
00000681  __aeabi_memcpy8               
00000949  __aeabi_uidiv                 
00000949  __aeabi_uidivmod              
ffffffff  __binit__                     
ffffffff  __c_args__                    
UNDEFED   __mpu_init                    
20000000  __stack                       
20000000  __start___llvm_prf_cnts       
20000000  __stop___llvm_prf_cnts        
000009bd  _c_int00_noargs               
UNDEFED   _system_post_cinit            
00000a89  _system_pre_init              
00000a8d  abort                         
ffffffff  binit                         
00000000  g_pfnVectors                  
0000071d  main                          
00000681  memcpy                        


GLOBAL SYMBOLS: SORTED BY Symbol Address 

address   name                          
-------   ----                          
00000000  __TI_static_base__            
00000000  g_pfnVectors                  
00000200  __STACK_SIZE                  
0000026d  UARTvprintf                   
0000045b  GPIOPadConfigSet              
0000058d  SysCtlClockSet                
00000681  __aeabi_memcpy                
00000681  __aeabi_memcpy4               
00000681  __aeabi_memcpy8               
00000681  memcpy                        
0000071d  main                          
000007ad  __TI_decompress_lzss          
00000815  UARTStdioConfig               
00000875  GPIOPinConfigure              
000008bd  UARTwrite                     
00000905  __TI_auto_init_nobinit_nopinit
00000949  __aeabi_uidiv                 
00000949  __aeabi_uidivmod              
00000989  SysCtlPeripheralEnable        
000009bd  _c_int00_noargs               
000009f1  GPIODirModeSet                
00000a1b  UARTprintf                    
00000a35  GPIOPinTypeUART               
00000a47  UARTCharsAvail                
00000a55  __TI_decompress_none          
00000a63  UARTCharGet                   
00000a6d  UARTCharPut                   
00000a77  ResetISR                      
00000a7d  SysCtlDelay                   
00000a83  UARTClockSourceSet            
00000a89  _system_pre_init              
00000a8d  C$$EXIT                       
00000a8d  abort                         
00000a97  __aeabi_idiv0                 
00000a97  __aeabi_ldiv0                 
00000b40  __TI_Handler_Table_Base       
00000b48  __TI_Handler_Table_Limit      
00000b50  __TI_CINIT_Base               
00000b58  __TI_CINIT_Limit              
20000000  __stack                       
20000000  __start___llvm_prf_cnts       
20000000  __stop___llvm_prf_cnts        
20000200  __STACK_END                   
20000200  __STACK_TOP                   
ffffffff  __TI_pprof_out_hndl           
ffffffff  __TI_prof_data_size           
ffffffff  __TI_prof_data_start          
ffffffff  __binit__                     
ffffffff  __c_args__                    
ffffffff  binit                         
UNDEFED   __mpu_init                    
UNDEFED   _system_post_cinit            

[52 symbols]
