******************************************************************************
                  TI ARM Linker Unix v20.2.2                   
******************************************************************************
>> Linked Wed Sep 23 22:31:37 2020

OUTPUT FILE NAME:   <Lab7b_TIVAC123.out>
ENTRY POINT SYMBOL: "_c_int00_noargs"  address: 00000d9d


MEMORY CONFIGURATION

         name            origin    length      used     unused   attr    fill
----------------------  --------  ---------  --------  --------  ----  --------
  FLASH                 00000000   00040000  000010c8  0003ef38  R  X
  SRAM                  20000000   00008000  00000225  00007ddb  RW X


SEGMENT ALLOCATION MAP

run origin  load origin   length   init length attrs members
----------  ----------- ---------- ----------- ----- -------
00000000    00000000    000010c8   000010c8    r-x
  00000000    00000000    0000026c   0000026c    r-- .intvecs
  0000026c    0000026c    00000ca8   00000ca8    r-x .text
  00000f14    00000f14    00000184   00000184    r-- .const
  00001098    00001098    00000030   00000030    r-- .cinit
20000000    20000000    00000225   00000000    rw-
  20000000    20000000    00000200   00000000    rw- .stack
  20000200    20000200    00000020   00000000    rw- .bss
  20000220    20000220    00000005   00000000    rw- .data


SECTION ALLOCATION MAP

 output                                  attributes/
section   page    origin      length       input sections
--------  ----  ----------  ----------   ----------------
.intvecs   0    00000000    0000026c     
                  00000000    0000026c     startup_ccs.obj (.intvecs)

.text      0    0000026c    00000ca8     
                  0000026c    000001ee     uartstdio.obj (.text:UARTvprintf)
                  0000045a    00000132     driverlib.lib : gpio.obj (.text:GPIOPadConfigSet)
                  0000058c    0000011c     Lab7b.obj (.text:main)
                  000006a8    00000110     driverlib.lib : sysctl.obj (.text:SysCtlClockGet)
                  000007b8    000000f4                   : sysctl.obj (.text:SysCtlClockSet)
                  000008ac    000000b0     Lab7b.obj (.text:Timer1IntHandler)
                  0000095c    0000009c     rtsv7M4_T_le_v4SPD16_eabi.lib : memcpy_t2.asm.obj (.text)
                  000009f8    0000007a     driverlib.lib : adc.obj (.text:ADCSequenceStepConfigure)
                  00000a72    00000002     startup_ccs.obj (.text:FaultISR)
                  00000a74    00000068     driverlib.lib : interrupt.obj (.text:IntEnable)
                  00000adc    00000068     rtsv7M4_T_le_v4SPD16_eabi.lib : copy_decompress_lzss.c.obj (.text:decompress:lzss:__TI_decompress_lzss)
                  00000b44    00000060     driverlib.lib : timer.obj (.text:TimerConfigure)
                  00000ba4    00000060     uartstdio.obj (.text:UARTStdioConfig)
                  00000c04    00000050     driverlib.lib : adc.obj (.text:ADCSequenceConfigure)
                  00000c54    00000048                   : gpio.obj (.text:GPIOPinConfigure)
                  00000c9c    00000048     uartstdio.obj (.text:UARTwrite)
                  00000ce4    00000044     rtsv7M4_T_le_v4SPD16_eabi.lib : autoinit.c.obj (.text:__TI_auto_init_nobinit_nopinit:__TI_auto_init_nobinit_nopinit)
                  00000d28    00000040                                   : u_divt2.asm.obj (.text)
                  00000d68    00000034     driverlib.lib : sysctl.obj (.text:SysCtlPeripheralEnable)
                  00000d9c    00000034     rtsv7M4_T_le_v4SPD16_eabi.lib : boot_cortex_m.c.obj (.text:_c_int00_noargs:_c_int00_noargs)
                  00000dd0    0000002a     driverlib.lib : gpio.obj (.text:GPIODirModeSet)
                  00000dfa    0000001e                   : adc.obj (.text:ADCSequenceDataGet)
                  00000e18    0000001c     rtsv7M4_T_le_v4SPD16_eabi.lib : copy_zero_init.c.obj (.text:decompress:ZI:__TI_zero_init_nomemset:__TI_zero_init_nomemset)
                  00000e34    0000001a     uartstdio.obj (.text:UARTprintf)
                  00000e4e    00000018     driverlib.lib : adc.obj (.text:ADCProcessorTrigger)
                  00000e66    00000012                   : gpio.obj (.text:GPIOPinTypeUART)
                  00000e78    00000012                   : timer.obj (.text:TimerLoadSet)
                  00000e8a    00000010                   : interrupt.obj (.text:IntMasterEnable)
                  00000e9a    0000000e                   : adc.obj (.text:ADCHardwareOversampleConfigure)
                  00000ea8    0000000e                   : adc.obj (.text:ADCSequenceEnable)
                  00000eb6    0000000e                   : timer.obj (.text:TimerEnable)
                  00000ec4    0000000e     rtsv7M4_T_le_v4SPD16_eabi.lib : copy_decompress_none.c.obj (.text:decompress:none:__TI_decompress_none)
                  00000ed2    0000000c     driverlib.lib : cpu.obj (.text:CPUcpsie)
                  00000ede    0000000a                   : adc.obj (.text:ADCIntClear)
                  00000ee8    00000008                   : timer.obj (.text:TimerIntEnable)
                  00000ef0    00000006     startup_ccs.obj (.text:ResetISR)
                  00000ef6    00000006     driverlib.lib : sysctl.obj (.text:SysCtlDelay)
                  00000efc    00000006                   : uart.obj (.text:UARTClockSourceSet)
                  00000f02    00000004                   : timer.obj (.text:TimerIntClear)
                  00000f06    00000004     rtsv7M4_T_le_v4SPD16_eabi.lib : pre_init.c.obj (.text:_system_pre_init)
                  00000f0a    00000004                                   : exit.c.obj (.text:abort:abort)
                  00000f0e    00000002     startup_ccs.obj (.text:IntDefaultHandler)
                  00000f10    00000002     startup_ccs.obj (.text:NmiSR)
                  00000f12    00000002     rtsv7M4_T_le_v4SPD16_eabi.lib : div0.asm.obj (.text)

.const     0    00000f14    00000184     
                  00000f14    00000090     driverlib.lib : gpio.obj (.const:g_pui32GPIOBaseAddrs)
                  00000fa4    00000070                   : interrupt.obj (.const)
                  00001014    0000006c                   : sysctl.obj (.const:g_pui32Xtals)
                  00001080    0000000c     uartstdio.obj (.const:g_ui32UARTBase)
                  0000108c    0000000c     uartstdio.obj (.const:g_ui32UARTPeriph)

.cinit     0    00001098    00000030     
                  00001098    0000000c     (__TI_handler_table)
                  000010a4    00000004     --HOLE-- [fill = 0]
                  000010a8    00000008     (.cinit..bss.load) [load image, compression = zero_init]
                  000010b0    00000007     (.cinit..data.load) [load image, compression = lzss]
                  000010b7    00000001     --HOLE-- [fill = 0]
                  000010b8    00000010     (__TI_cinit_table)

.init_array 
*          0    00000000    00000000     UNINITIALIZED

.bss       0    20000200    00000020     UNINITIALIZED
                  20000200    00000010     (.common:ui32ADC0Value)
                  20000210    00000004     (.common:ui32Period)
                  20000214    00000004     (.common:ui32TempAvg)
                  20000218    00000004     (.common:ui32TempValueC)
                  2000021c    00000004     (.common:ui32TempValueF)

.data      0    20000220    00000005     UNINITIALIZED
                  20000220    00000005     uartstdio.obj (.data)

.stack     0    20000000    00000200     UNINITIALIZED
                  20000000    00000004     rtsv7M4_T_le_v4SPD16_eabi.lib : boot_cortex_m.c.obj (.stack)
                  20000004    000001fc     --HOLE--

__llvm_prf_cnts 
*          0    20000000    00000000     UNINITIALIZED

MODULE SUMMARY

       Module                       code   ro data   rw data
       ------                       ----   -------   -------
    ./
       uartstdio.obj                688    24        5      
       startup_ccs.obj              12     620       0      
       Lab7b.obj                    460    0         32     
    +--+----------------------------+------+---------+---------+
       Total:                       1160   644       37     
                                                            
    /Applications/ti/ccs1010/ccs/tools/compiler/ti-cgt-arm_20.2.2.LTS/lib/rtsv7M4_T_le_v4SPD16_eabi.lib
       memcpy_t2.asm.obj            156    0         0      
       copy_decompress_lzss.c.obj   104    0         0      
       autoinit.c.obj               68     0         0      
       u_divt2.asm.obj              64     0         0      
       boot_cortex_m.c.obj          52     0         0      
       copy_zero_init.c.obj         28     0         0      
       copy_decompress_none.c.obj   14     0         0      
       exit.c.obj                   4      0         0      
       pre_init.c.obj               4      0         0      
       div0.asm.obj                 2      0         0      
    +--+----------------------------+------+---------+---------+
       Total:                       496    0         0      
                                                            
    /Users/venkim/ti/tivaware_c_series_2_1_4_178/driverlib/ccs/Debug/driverlib.lib
       sysctl.obj                   574    108       0      
       gpio.obj                     438    144       0      
       adc.obj                      294    0         0      
       interrupt.obj                120    112       0      
       timer.obj                    140    0         0      
       cpu.obj                      12     0         0      
       uart.obj                     6      0         0      
    +--+----------------------------+------+---------+---------+
       Total:                       1584   364       0      
                                                            
       Stack:                       0      0         512    
       Linker Generated:            0      43        0      
    +--+----------------------------+------+---------+---------+
       Grand Total:                 3240   1051      549    


LINKER GENERATED COPY TABLES

__TI_cinit_table @ 000010b8 records: 2, size/record: 8, table size: 16
	.bss: load addr=000010a8, load size=00000008 bytes, run addr=20000200, run size=00000020 bytes, compression=zero_init
	.data: load addr=000010b0, load size=00000007 bytes, run addr=20000220, run size=00000005 bytes, compression=lzss


LINKER GENERATED HANDLER TABLE

__TI_handler_table @ 00001098 records: 3, size/record: 4, table size: 12
	index: 0, handler: __TI_decompress_lzss
	index: 1, handler: __TI_decompress_none
	index: 2, handler: __TI_zero_init


GLOBAL SYMBOLS: SORTED ALPHABETICALLY BY Name 

address   name                          
-------   ----                          
00000e9b  ADCHardwareOversampleConfigure
00000edf  ADCIntClear                   
00000e4f  ADCProcessorTrigger           
00000c05  ADCSequenceConfigure          
00000dfb  ADCSequenceDataGet            
00000ea9  ADCSequenceEnable             
000009f9  ADCSequenceStepConfigure      
00000f0b  C$$EXIT                       
00000ed3  CPUcpsie                      
00000dd1  GPIODirModeSet                
0000045b  GPIOPadConfigSet              
00000c55  GPIOPinConfigure              
00000e67  GPIOPinTypeUART               
00000a75  IntEnable                     
00000e8b  IntMasterEnable               
00000ef1  ResetISR                      
000006a9  SysCtlClockGet                
000007b9  SysCtlClockSet                
00000ef7  SysCtlDelay                   
00000d69  SysCtlPeripheralEnable        
000008ad  Timer1IntHandler              
00000b45  TimerConfigure                
00000eb7  TimerEnable                   
00000f03  TimerIntClear                 
00000ee9  TimerIntEnable                
00000e79  TimerLoadSet                  
00000efd  UARTClockSourceSet            
00000ba5  UARTStdioConfig               
00000e35  UARTprintf                    
0000026d  UARTvprintf                   
00000c9d  UARTwrite                     
20000200  __STACK_END                   
00000200  __STACK_SIZE                  
20000200  __STACK_TOP                   
000010b8  __TI_CINIT_Base               
000010c8  __TI_CINIT_Limit              
00001098  __TI_Handler_Table_Base       
000010a4  __TI_Handler_Table_Limit      
00000ce5  __TI_auto_init_nobinit_nopinit
00000add  __TI_decompress_lzss          
00000ec5  __TI_decompress_none          
ffffffff  __TI_pprof_out_hndl           
ffffffff  __TI_prof_data_size           
ffffffff  __TI_prof_data_start          
00000000  __TI_static_base__            
00000e19  __TI_zero_init_nomemset       
00000f13  __aeabi_idiv0                 
00000f13  __aeabi_ldiv0                 
0000095d  __aeabi_memcpy                
0000095d  __aeabi_memcpy4               
0000095d  __aeabi_memcpy8               
00000d29  __aeabi_uidiv                 
00000d29  __aeabi_uidivmod              
ffffffff  __binit__                     
ffffffff  __c_args__                    
UNDEFED   __mpu_init                    
20000000  __stack                       
20000000  __start___llvm_prf_cnts       
20000000  __stop___llvm_prf_cnts        
00000d9d  _c_int00_noargs               
UNDEFED   _system_post_cinit            
00000f07  _system_pre_init              
00000f0b  abort                         
ffffffff  binit                         
00000000  g_pfnVectors                  
0000058d  main                          
0000095d  memcpy                        
20000200  ui32ADC0Value                 
20000210  ui32Period                    
20000214  ui32TempAvg                   
20000218  ui32TempValueC                
2000021c  ui32TempValueF                


GLOBAL SYMBOLS: SORTED BY Symbol Address 

address   name                          
-------   ----                          
00000000  __TI_static_base__            
00000000  g_pfnVectors                  
00000200  __STACK_SIZE                  
0000026d  UARTvprintf                   
0000045b  GPIOPadConfigSet              
0000058d  main                          
000006a9  SysCtlClockGet                
000007b9  SysCtlClockSet                
000008ad  Timer1IntHandler              
0000095d  __aeabi_memcpy                
0000095d  __aeabi_memcpy4               
0000095d  __aeabi_memcpy8               
0000095d  memcpy                        
000009f9  ADCSequenceStepConfigure      
00000a75  IntEnable                     
00000add  __TI_decompress_lzss          
00000b45  TimerConfigure                
00000ba5  UARTStdioConfig               
00000c05  ADCSequenceConfigure          
00000c55  GPIOPinConfigure              
00000c9d  UARTwrite                     
00000ce5  __TI_auto_init_nobinit_nopinit
00000d29  __aeabi_uidiv                 
00000d29  __aeabi_uidivmod              
00000d69  SysCtlPeripheralEnable        
00000d9d  _c_int00_noargs               
00000dd1  GPIODirModeSet                
00000dfb  ADCSequenceDataGet            
00000e19  __TI_zero_init_nomemset       
00000e35  UARTprintf                    
00000e4f  ADCProcessorTrigger           
00000e67  GPIOPinTypeUART               
00000e79  TimerLoadSet                  
00000e8b  IntMasterEnable               
00000e9b  ADCHardwareOversampleConfigure
00000ea9  ADCSequenceEnable             
00000eb7  TimerEnable                   
00000ec5  __TI_decompress_none          
00000ed3  CPUcpsie                      
00000edf  ADCIntClear                   
00000ee9  TimerIntEnable                
00000ef1  ResetISR                      
00000ef7  SysCtlDelay                   
00000efd  UARTClockSourceSet            
00000f03  TimerIntClear                 
00000f07  _system_pre_init              
00000f0b  C$$EXIT                       
00000f0b  abort                         
00000f13  __aeabi_idiv0                 
00000f13  __aeabi_ldiv0                 
00001098  __TI_Handler_Table_Base       
000010a4  __TI_Handler_Table_Limit      
000010b8  __TI_CINIT_Base               
000010c8  __TI_CINIT_Limit              
20000000  __stack                       
20000000  __start___llvm_prf_cnts       
20000000  __stop___llvm_prf_cnts        
20000200  __STACK_END                   
20000200  __STACK_TOP                   
20000200  ui32ADC0Value                 
20000210  ui32Period                    
20000214  ui32TempAvg                   
20000218  ui32TempValueC                
2000021c  ui32TempValueF                
ffffffff  __TI_pprof_out_hndl           
ffffffff  __TI_prof_data_size           
ffffffff  __TI_prof_data_start          
ffffffff  __binit__                     
ffffffff  __c_args__                    
ffffffff  binit                         
UNDEFED   __mpu_init                    
UNDEFED   _system_post_cinit            

[72 symbols]
