******************************************************************************
                  TI ARM Linker Unix v20.2.2                   
******************************************************************************
>> Linked Tue Oct 20 03:22:09 2020

OUTPUT FILE NAME:   <empty_CC1352R1_LAUNCHXL_tirtos_ccs.out>
ENTRY POINT SYMBOL: "ResetISR"  address: 0000a987


MEMORY CONFIGURATION

         name            origin    length      used     unused   attr    fill
----------------------  --------  ---------  --------  --------  ----  --------
  FLASH                 00000000   00058000  0000d643  0004a9bd  R  X
  GPRAM                 11000000   00002000  00000000  00002000  RW X
  SRAM                  20000000   00014000  000063c9  0000dc37  RW X
  LOG_DATA              90000000   00040000  00000000  00040000  R   


SEGMENT ALLOCATION MAP

run origin  load origin   length   init length attrs members
----------  ----------- ---------- ----------- ----- -------
00000000    00000000    0000d5f0   0000d5f0    r-x
  00000000    00000000    0000003c   0000003c    r-- .resetVecs
  0000003c    0000003c    0000aae2   0000aae2    r-x .text
  0000ab20    0000ab20    000028a5   000028a5    r-- .const
  0000d3c8    0000d3c8    00000228   00000228    r-- .cinit
00057fa8    00057fa8    00000058   00000058    r--
  00057fa8    00057fa8    00000058   00000058    r-- .ccfg
200000d8    200000d8    00004000   00000000    r--
  200000d8    200000d8    00004000   00000000    r-- .priheap
20004100    20004100    00001ef1   00000000    rw-
  20004100    20004100    000017b0   00000000    rw- .bss
  200058b0    200058b0    00000741   00000000    rw- .data
20013c00    20013c00    00000400   00000000    rw-
  20013c00    20013c00    00000400   00000000    rw- .stack


SECTION ALLOCATION MAP

 output                                  attributes/
section   page    origin      length       input sections
--------  ----  ----------  ----------   ----------------
.binit     0    00000000    00000000     

.cinit     0    0000d3c8    00000228     
                  0000d3c8    000001fd     (.cinit..data.load) [load image, compression = lzss]
                  0000d5c5    00000003     --HOLE-- [fill = 0]
                  0000d5c8    0000000c     (__TI_handler_table)
                  0000d5d4    00000004     --HOLE-- [fill = 0]
                  0000d5d8    00000008     (.cinit..bss.load) [load image, compression = zero_init]
                  0000d5e0    00000010     (__TI_cinit_table)

.init_array 
*          0    00000000    00000000     UNINITIALIZED

.ccfg      0    00057fa8    00000058     
                  00057fa8    00000058     ti_devices_config.obj (.ccfg:retain)

.bss       0    20004100    000017b0     UNINITIALIZED
                  20004100    00000400     ti_drivers_config.obj (.bss:displayUARTBuffer)
                  20004500    00000400     (.common:ti_uia_loggers_LoggerStopMode_Instance_State_2_packetArray__A)
                  20004900    00000400     (.common:xdc_runtime_SysMin_Module_State_0_outbuf__A)
                  20004d00    00000200     debug_pem4f.oem4f (.bss:taskStackSection)
                  20004f00    00000200     (.common:ti_uia_loggers_LoggerStopMode_Instance_State_1_packetArray__A)
                  20005100    000001b4     (.common:uartCC26XXObjects)
                  200052b4    00000120     rtsv7M4_T_le_v4SPD16_eabi.lib : trgmsg.c.obj (.bss:_CIOBUF_)
                  200053d4    00000020     drivers_cc13x2.a : GPIOCC26XX.oem4f (.bss:gpioCallbackInfo)
                  200053f4    0000000c                      : GPIOCC26XX.oem4f (.bss:gpioPinState)
                  20005400    00000100     (.common:ti_uia_loggers_LoggerStopMode_Instance_State_0_packetArray__A)
                  20005500    000000d8     (.common:ti_sysbios_family_arm_m3_Hwi_dispatchTable)
                  200055d8    0000007c     (.common:pinHandleTable)
                  20005654    00000050                      : ADCCC26XX.oem4f (.bss:adcSemaphore)
                  200056a4    00000050                      : PINCC26XX.oem4f (.bss:pinSemaphore)
                  200056f4    00000034                      : PINCC26XX.oem4f (.bss:pinSwi)
                  20005728    00000020                      : PINCC26XX.oem4f (.bss:pinGpioConfigTable)
                  20005748    00000020     ti_drivers_config.obj (.bss:uartCC26XXRingBuffer0)
                  20005768    00000014     (.common:adcCC26xxObjects)
                  2000577c    00000004     drivers_cc13x2.a : PINCC26XX.oem4f (.bss)
                  20005780    00000030     (.common:ti_uia_loggers_LoggerStopMode_Instance_State_0_hdr__A)
                  200057b0    0000001c                      : PINCC26XX.oem4f (.bss:pinHwi)
                  200057cc    0000000c     (.common:displayUartObject)
                  200057d8    00000008                      : GPIOCC26XX.oem4f (.bss)
                  200057e0    00000008     (.common:parmbuf)
                  200057e8    00000004     (.common:PowerCC26XX_swiKey)
                  200057ec    00000004     (.common:PowerCC26XX_taskKey)
                  200057f0    00000004     (.common:ti_sysbios_knl_Task_Instance_State_0_hookEnv__A)
                  200057f4    00000001     (.common:driverlib_release_0_58048)
                  200057f5    0000000b     --HOLE--
                  20005800    00000030     (.common:ti_uia_loggers_LoggerStopMode_Instance_State_1_hdr__A)
                  20005830    00000050     --HOLE--
                  20005880    00000030     (.common:ti_uia_loggers_LoggerStopMode_Instance_State_2_hdr__A)

.data      0    200058b0    00000741     UNINITIALIZED
                  200058b0    00000170     drivers_cc13x2.a : PowerCC26X2.oem4f (.data:PowerCC26X2_module)
                  20005a20    0000009c     debug_pem4f.oem4f (.data:ti_uia_loggers_LoggerStopMode_Object__table__V)
                  20005abc    00000098     debug_pem4f.oem4f (.data:ti_sysbios_utils_Load_Module__state__V)
                  20005b54    00000088     sysbios.aem4f : BIOS.obj (.data:$O1$$)
                  20005bdc    00000054     debug_pem4f.oem4f (.data:ti_sysbios_gates_GateMutex_Object__table__V)
                  20005c30    0000004c     debug_pem4f.oem4f (.data:ti_sysbios_knl_Task_Object__table__V)
                  20005c7c    00000004     drivers_cc13x2.a : GPIOCC26XX.oem4f (.data:gpioPinTable)
                  20005c80    00000048     debug_pem4f.oem4f (.data:ti_sysbios_family_arm_cc26xx_Timer_Object__table__V)
                  20005cc8    00000044     debug_pem4f.oem4f (.data:ti_sysbios_knl_Task_Module__state__V)
                  20005d0c    00000034     debug_pem4f.oem4f (.data:ti_sysbios_family_arm_m3_Hwi_Module__state__V)
                  20005d40    00000030     debug_pem4f.oem4f (.data:ti_sysbios_knl_Swi_Module_State_0_readyQ__A)
                  20005d70    00000030     debug_pem4f.oem4f (.data:ti_sysbios_knl_Swi_Object__table__V)
                  20005da0    00000030     debug_pem4f.oem4f (.data:ti_sysbios_knl_Task_Module_State_0_readyQ__A)
                  20005dd0    0000002c     debug_pem4f.oem4f (.data:ti_sysbios_knl_Clock_Module__state__V)
                  20005dfc    00000024     driverlib.lib : osc.obj (.data:$O1$$)
                  20005e20    00000024     debug_pem4f.oem4f (.data:ti_sysbios_BIOS_Module__state__V)
                  20005e44    00000020     debug_pem4f.oem4f (.data:ti_sysbios_heaps_HeapTrack_Object__table__V)
                  20005e64    00000020     debug_pem4f.oem4f (.data:ti_sysbios_knl_Clock_Object__table__V)
                  20005e84    00000020     debug_pem4f.oem4f (.data:xdc_runtime_Error_IgnoreBlock)
                  20005ea4    0000001c     debug_pem4f.oem4f (.data:ti_sysbios_knl_Swi_Module__state__V)
                  20005ec0    00000018     debug_pem4f.oem4f (.data:ti_sysbios_family_arm_m3_Hwi_Object__table__V)
                  20005ed8    00000018     debug_pem4f.oem4f (.data:ti_sysbios_heaps_HeapMem_Object__table__V)
                  20005ef0    0000000c     ti_drivers_config.obj (.data:gpioCallbackFunctions)
                  20005efc    0000000c     ti_drivers_config.obj (.data:gpioPinConfigs)
                  20005f08    0000000c     debug_pem4f.oem4f (.data:ti_sysbios_knl_Task_Module__root__V)
                  20005f14    0000000c     debug_pem4f.oem4f (.data:ti_uia_runtime_QueueDescriptor_Module__state__V)
                  20005f20    0000000c     debug_pem4f.oem4f (.data:xdc_runtime_SysMin_Module__state__V)
                  20005f2c    00000008     rtsv7M4_T_le_v4SPD16_eabi.lib : _lock.c.obj (.data:$O1$$)
                  20005f34    00000008     drivers_cc13x2.a : PINCC26XX.oem4f (.data)
                  20005f3c    00000008     ti.uia.runtime.aem4f : QueueDescriptor.oem4f (.data)
                  20005f44    00000008     debug_pem4f.oem4f (.data:ti_sysbios_family_arm_cc26xx_Timer_Module__state__V)
                  20005f4c    00000008     debug_pem4f.oem4f (.data:ti_sysbios_family_arm_m3_Hwi_Module__root__V)
                  20005f54    00000008     debug_pem4f.oem4f (.data:ti_sysbios_gates_GateHwi_Module__root__V)
                  20005f5c    00000008     debug_pem4f.oem4f (.data:ti_sysbios_gates_GateMutex_Module__root__V)
                  20005f64    00000008     debug_pem4f.oem4f (.data:ti_sysbios_heaps_HeapMem_Module__root__V)
                  20005f6c    00000008     debug_pem4f.oem4f (.data:ti_sysbios_heaps_HeapTrack_Module__root__V)
                  20005f74    00000008     debug_pem4f.oem4f (.data:ti_sysbios_knl_Clock_Module__root__V)
                  20005f7c    00000008     debug_pem4f.oem4f (.data:ti_sysbios_knl_Queue_Module__root__V)
                  20005f84    00000008     debug_pem4f.oem4f (.data:ti_sysbios_knl_Semaphore_Module__root__V)
                  20005f8c    00000008     debug_pem4f.oem4f (.data:ti_sysbios_knl_Swi_Module__root__V)
                  20005f94    00000008     debug_pem4f.oem4f (.data:ti_uia_loggers_LoggerStopMode_Module__root__V)
                  20005f9c    00000008     debug_pem4f.oem4f (.data:xdc_runtime_Registry_Module__state__V)
                  20005fa4    00000008     debug_pem4f.oem4f (.data:xdc_runtime_Startup_Module__state__V)
                  20005fac    00000008     debug_pem4f.oem4f (.data:xdc_runtime_System_Module_State_0_atexitHandlers__A)
                  20005fb4    00000008     debug_pem4f.oem4f (.data:xdc_runtime_System_Module__state__V)
                  20005fbc    00000005     drivers_cc13x2.a : GPIOCC26XX.oem4f (.data)
                  20005fc1    00000001                      : ADC.oem4f (.data)
                  20005fc2    00000002                      : ADCCC26XX.oem4f (.data)
                  20005fc4    00000004     rtsv7M4_T_le_v4SPD16_eabi.lib : stkdepth_vars.c.obj (.data)
                  20005fc8    00000004     debug_pem4f.oem4f (.data:ti_sysbios_family_arm_cc26xx_TimestampProvider_Module__state__V)
                  20005fcc    00000004     debug_pem4f.oem4f (.data:ti_sysbios_family_arm_m3_Hwi_Module_State_0_excContext__A)
                  20005fd0    00000004     debug_pem4f.oem4f (.data:ti_sysbios_family_arm_m3_Hwi_Module_State_0_excStack__A)
                  20005fd4    00000004     debug_pem4f.oem4f (.data:ti_sysbios_gates_GateHwi_Object__table__V)
                  20005fd8    00000004     debug_pem4f.oem4f (.data:ti_sysbios_knl_Task_Module_State_0_idleTask__A)
                  20005fdc    00000004     debug_pem4f.oem4f (.data:ti_sysbios_rts_ti_ReentSupport_Module__state__V)
                  20005fe0    00000004     debug_pem4f.oem4f (.data:ti_sysbios_utils_Load_Module_State_0_runningTask__A)
                  20005fe4    00000004     debug_pem4f.oem4f (.data:ti_sysbios_utils_Load_Module_State_0_taskStartTime__A)
                  20005fe8    00000004     debug_pem4f.oem4f (.data:xdc_runtime_Memory_Module__state__V)
                  20005fec    00000002     debug_pem4f.oem4f (.data:ti_sysbios_family_arm_m3_Hwi_Module_State_0_excActive__A)
                  20005fee    00000002     debug_pem4f.oem4f (.data:xdc_runtime_Error_Module__state__V)
                  20005ff0    00000001     drivers_cc13x2.a : UART.oem4f (.data)

.stack     0    20013c00    00000400     UNINITIALIZED
                  20013c00    00000400     --HOLE--

.priheap   0    200000d8    00004000     UNINITIALIZED
                  200000d8    00004000     --HOLE--

.log_data 
*          0    90000000    00000000     COPY SECTION

.bootVecs 
*          0    00000000    00000008     DSECT
                  00000000    00000008     boot.aem4f : boot.oem4f (.bootVecs)

.resetVecs 
*          0    00000000    0000003c     
                  00000000    0000003c     debug_pem4f.oem4f (.resetVecs)

.vecs      0    20000000    000000d8     NOLOAD SECTION
                  20000000    000000d8     debug_pem4f.oem4f (.vecs)

xdc.meta   0    00000000    000000fb     COPY SECTION
                  00000000    000000fb     debug_pem4f.oem4f (xdc.meta)

__llvm_prf_cnts 
*          0    20000000    00000000     UNINITIALIZED

.text      0    0000003c    0000aae2     
                  0000003c    00000420     sysbios.aem4f : BIOS.obj (.text:ti_sysbios_family_arm_m3_Hwi_excDumpRegs__I)
                  0000045c    000003d8     debug_pem4f.oem4f (.text:xdc_runtime_System_printfExtend__I)
                  00000834    00000324     sysbios.aem4f : BIOS.obj (.text:xdc_runtime_System_doPrint__I)
                  00000b58    00000284                   : BIOS.obj (.text:ti_sysbios_knl_Semaphore_pend__E)
                  00000ddc    00000244                   : BIOS.obj (.text:ti_sysbios_knl_Task_Instance_finalize__E)
                  00001020    0000023c                   : BIOS.obj (.text:ti_sysbios_heaps_HeapMem_freeUnprotected__E)
                  0000125c    000001f8                   : BIOS.obj (.text:ti_sysbios_heaps_HeapMem_allocUnprotected__E)
                  00001454    000001e0     debug_pem4f.oem4f (.text:ti_uia_loggers_LoggerStopMode_writeMemoryRange__E)
                  00001634    000001d0     sysbios.aem4f : BIOS.obj (.text:ti_sysbios_knl_Task_Instance_init__E)
                  00001804    000001cc     drivers_cc13x2.a : PINCC26XX.oem4f (.text:PIN_init)
                  000019d0    000001bc     sysbios.aem4f : BIOS.obj (.text:ti_sysbios_knl_Task_sleep__E)
                  00001b8c    000001b6     rtsv7M4_T_le_v4SPD16_eabi.lib : fd_add_t2.asm.obj (.text)
                  00001d42    00000002     ti_drivers_config.obj (.text:Board_initHook)
                  00001d44    00000198     drivers_cc13x2.a : PowerCC26X2.oem4f (.text:Power_sleep)
                  00001edc    00000190                      : PowerCC26X2_calibrateRCOSC.oem4f (.text:calibrateRcoscHf1)
                  0000206c    0000018c                      : PowerCC26X2_calibrateRCOSC.oem4f (.text:runCalibrateFsm)
                  000021f8    00000180     sysbios.aem4f : BIOS.obj (.text:ti_sysbios_knl_Task_setPri__E)
                  00002378    00000174     drivers_cc13x2.a : PowerCC26X2.oem4f (.text:Power_init)
                  000024ec    0000016c     sysbios.aem4f : BIOS.obj (.text:ti_sysbios_family_arm_m3_Hwi_excBusFault__I)
                  00002658    00000164     drivers_cc13x2.a : UARTCC26XX.oem4f (.text:UARTCC26XX_open)
                  000027bc    00000158     sysbios.aem4f : BIOS.obj (.text:ti_sysbios_family_arm_m3_Hwi_excUsageFault__I)
                  00002914    00000154     drivers_cc13x2.a : UARTCC26XX.oem4f (.text:UARTCC26XX_hwiIntFxn)
                  00002a68    00000150     sysbios.aem4f : BIOS.obj (.text:ti_sysbios_heaps_HeapTrack_free__E)
                  00002bb8    00000140                   : BIOS.obj (.text:ti_sysbios_family_arm_m3_Hwi_excMemFault__I)
                  00002cf8    0000013a     drivers_cc13x2.a : UARTCC26XX.oem4f (.text:UARTCC26XX_read)
                  00002e32    00000002     display.a : DisplayUart.oem4f (.text:DisplayUartMin_clear)
                  00002e34    00000138     sysbios.aem4f : BIOS.obj (.text:ti_sysbios_heaps_HeapMem_Instance_init__E)
                  00002f6c    00000130     debug_pem4f.oem4f (.text:ti_uia_loggers_LoggerStopMode_writeFinish)
                  0000309c    0000012c     sysbios.aem4f : BIOS.obj (.text:ti_sysbios_knl_Semaphore_post__E)
                  000031c8    00000120     drivers_cc13x2.a : PowerCC26X2.oem4f (.text:configureXOSCHF)
                  000032e8    0000011c     sysbios.aem4f : BIOS.obj (.text:ti_sysbios_family_arm_m3_Hwi_dispatchC__I)
                  00003404    00000114                   : BIOS.obj (.text:ti_sysbios_knl_Swi_run__I)
                  00003518    00000110     drivers_cc13x2.a : GPIOCC26XX.oem4f (.text:GPIO_setConfig)
                  00003628    00000108     sysbios.aem4f : BIOS.obj (.text:ti_sysbios_knl_Clock_Instance_init__E)
                  00003730    000000fc     rtsv7M4_T_le_v4SPD16_eabi.lib : fd_mul_t2.asm.obj (.text)
                  0000382c    000000f8     driverlib.lib : sys_ctrl.obj (.text:NOROM_SysCtrlStandby)
                  00003924    000000f8     drivers_cc13x2.a : PINCC26XX.oem4f (.text:PINCC26XX_setIoCfg)
                  00003a1c    000000f8     sysbios.aem4f : BIOS.obj (.text:ti_sysbios_family_arm_m3_Hwi_excFillContext__I)
                  00003b14    000000f8                   : BIOS.obj (.text:xdc_runtime_Startup_startMods__I)
                  00003c0c    000000f0     drivers_cc13x2.a : ADCCC26XX.oem4f (.text:ADCCC26XX_convert)
                  00003cfc    000000f0     sysbios.aem4f : m3_Hwi_asm.obj (.text:ti_sysbios_family_arm_m3_Hwi_dispatch__I)
                  00003dec    000000ec                   : BIOS.obj (.text:pthread_create)
                  00003ed8    000000ec                   : BIOS.obj (.text:ti_sysbios_family_arm_m3_Hwi_excHandlerMax__I)
                  00003fc4    000000e8                   : BIOS.obj (.text:ti_sysbios_knl_Task_postInit__I)
                  000040ac    000000e8                   : BIOS.obj (.text:xdc_runtime_Core_createObject__I)
                  00004194    000000e0     drivers_cc13x2.a : UARTCC26XX.oem4f (.text:UARTCC26XX_write)
                  00004274    000000e0     sysbios.aem4f : BIOS.obj (.text:ti_sysbios_knl_Clock_walkQueueDynamic__E)
                  00004354    000000dc                   : BIOS.obj (.text:xdc_runtime_Error_policyDefault__E)
                  00004430    000000d0     empty.obj (.text:mainThread)
                  00004500    000000d0     sysbios.aem4f : BIOS.obj (.text:xdc_runtime_Core_constructObject__I)
                  000045d0    000000cc                   : BIOS.obj (.text:ti_sysbios_knl_Swi_Instance_init__E)
                  0000469c    000000cc                   : BIOS.obj (.text:ti_sysbios_knl_Task_schedule__I)
                  00004768    000000c8     dpl_cc13x2.a : PowerCC26X2_tirtos.oem4f (.text:PowerCC26XX_standbyPolicy)
                  00004830    000000c4     drivers_cc13x2.a : GPIOCC26XX.oem4f (.text:GPIO_init)
                  000048f4    000000c4     sysbios.aem4f : BIOS.obj (.text:ti_sysbios_knl_Task_startCore__E)
                  000049b8    000000c0     drivers_cc13x2.a : PowerCC26X2.oem4f (.text:Power_releaseDependency)
                  00004a78    000000c0                      : UARTCC26XX.oem4f (.text:UARTCC26XX_initIO)
                  00004b38    000000bc     sysbios.aem4f : BIOS.obj (.text:ti_sysbios_knl_Task_exit__E)
                  00004bf4    000000b8     drivers_cc13x2.a : PowerCC26X2.oem4f (.text:Power_setDependency)
                  00004cac    000000b8                      : UARTCC26XX.oem4f (.text:UARTCC26XX_initHw)
                  00004d64    000000b4     sysbios.aem4f : BIOS.obj (.text:ti_sysbios_family_arm_m3_Hwi_excDebugMon__I)
                  00004e18    000000b4                   : BIOS.obj (.text:ti_sysbios_family_arm_m3_Hwi_excHardFault__I)
                  00004ecc    000000b4                   : BIOS.obj (.text:ti_sysbios_knl_Task_checkStacks__E)
                  00004f80    000000b4     debug_pem4f.oem4f (.text:ti_uia_loggers_LoggerStopMode_write8__E)
                  00005034    000000b0     sysbios.aem4f : BIOS.obj (.text:ti_sysbios_gates_GateMutex_enter__E)
                  000050e4    000000b0                   : BIOS.obj (.text:ti_sysbios_utils_Load_idleFxn__E)
                  00005194    000000ac     drivers_cc13x2.a : PINCC26XX.oem4f (.text:PIN_open)
                  00005240    000000ac     driverlib.lib : setup.obj (.text:TrimAfterColdResetWakeupFromShutDown)
                  000052ec    000000a8     sysbios.aem4f : BIOS.obj (.text:ti_sysbios_knl_Swi_post__E)
                  00005394    000000a8                   : BIOS.obj (.text:ti_sysbios_utils_Load_updateLoads__E)
                  0000543c    000000a6                   : BIOS.obj (.text:xdc_runtime_Text_putSite__E)
                  000054e2    00000002     display.a : DisplayUart.oem4f (.text:DisplayUartMin_clearLines)
                  000054e4    000000a4     sysbios.aem4f : BIOS.obj (.text:ti_sysbios_family_arm_m3_Hwi_Instance_init__E)
                  00005588    000000a0     auto_init.aem4f : auto_init.oem4f (.text)
                  00005628    000000a0     debug_pem4f.oem4f (.text:ti_sysbios_BIOS_rtsUnlock__I)
                  000056c8    000000a0     sysbios.aem4f : BIOS.obj (.text:ti_sysbios_knl_Clock_Instance_finalize__E)
                  00005768    0000009c     rtsv7M4_T_le_v4SPD16_eabi.lib : memcpy_t2.asm.obj (.text)
                  00005804    0000009c     sysbios.aem4f : BIOS.obj (.text:ti_sysbios_knl_Semaphore_Instance_init__E)
                  000058a0    0000009c                   : BIOS.obj (.text:ti_sysbios_knl_Task_blockI__E)
                  0000593c    00000098     driverlib.lib : setup.obj (.text:NOROM_SetupTrimDevice)
                  000059d4    00000098     sysbios.aem4f : BIOS.obj (.text:ti_sysbios_knl_Clock_workFuncDynamic__E)
                  00005a6c    00000098                   : BIOS.obj (.text:ti_sysbios_rts_ti_ReentSupport_getReent__F)
                  00005b04    00000098     drivers_cc13x2.a : UARTCC26XX.oem4f (.text:writeTxFifoFlush)
                  00005b9c    00000096     rtsv7M4_T_le_v4SPD16_eabi.lib : ull_div_t2.asm.obj (.text)
                  00005c32    00000092     drivers_cc13x2.a : UARTCC26XX.oem4f (.text:UARTCC26XX_writeCancel)
                  00005cc4    00000090     sysbios.aem4f : BIOS.obj (.text:ti_sysbios_knl_Task_unblockI__E)
                  00005d54    00000090     ti.uia.loggers.aem4f : LoggerStopMode.oem4f (.text:ti_uia_loggers_LoggerStopMode_initQueueDescriptor__E)
                  00005de4    0000008c     sysbios.aem4f : BIOS.obj (.text:ti_sysbios_family_arm_m3_Hwi_initNVIC__E)
                  00005e70    0000008c                   : m3_TaskSupport_asm.obj (.text:ti_sysbios_family_arm_m3_TaskSupport_buildTaskStack)
                  00005efc    0000008c                   : BIOS.obj (.text:ti_sysbios_heaps_HeapTrack_Instance_finalize__E)
                  00005f88    0000008c                   : BIOS.obj (.text:ti_sysbios_heaps_HeapTrack_alloc__E)
                  00006014    0000008c     debug_pem4f.oem4f (.text:ti_uia_loggers_LoggerStopMode_write4__E)
                  000060a0    00000088     driverlib.lib : osc.obj (.text:NOROM_OSCHF_AttemptToSwitchToXosc)
                  00006128    00000088     sysbios.aem4f : BIOS.obj (.text:_pthread_removeThreadKeys)
                  000061b0    00000088     drivers_cc13x2.a : PowerCC26X2_calibrateRCOSC.oem4f (.text:calibrateRcoscHf2)
                  00006238    00000088                      : PowerCC26X2.oem4f (.text:disableLFClockQualifiers)
                  000062c0    00000088                      : PowerCC26X2_calibrateRCOSC.oem4f (.text:updateSubSecInc)
                  00006348    00000086     rtsv7M4_T_le_v4SPD16_eabi.lib : fd_cmp_t2.asm.obj (.text:__aeabi_cdcmple)
                  000063ce    00000086                                   : fd_cmp_t2.asm.obj (.text:__aeabi_cdrcmple)
                  00006454    00000084     ti_drivers_config.obj (.text:Board_sendExtFlashByte)
                  000064d8    00000084     drivers_cc13x2.a : UARTCC26XX.oem4f (.text:UARTCC26XX_close)
                  0000655c    00000084     sysbios.aem4f : BIOS.obj (.text:ti_sysbios_knl_Task_Module_startup__E)
                  000065e0    00000084     debug_pem4f.oem4f (.text:xdc_runtime_Error_policyLog__I)
                  00006664    00000080     driverlib.lib : sys_ctrl.obj (.text:NOROM_SysCtrlSetRechargeBeforePowerDown)
                  000066e4    00000080     sysbios.aem4f : BIOS.obj (.text:ti_sysbios_family_arm_cc26xx_Timer_start__E)
                  00006764    0000007a     rtsv7M4_T_le_v4SPD16_eabi.lib : memset_t2.asm.obj (.text)
                  000067de    00000002     display.a : DisplayUart.oem4f (.text:DisplayUartMin_init)
                  000067e0    00000078     debug_pem4f.oem4f (.text:ti_uia_loggers_LoggerStopMode_write2__E)
                  00006858    00000074     drivers_cc13x2.a : ADCCC26XX.oem4f (.text:ADCCC26XX_open)
                  000068cc    00000074                      : PowerCC26X2_calibrateRCOSC.oem4f (.text:PowerCC26X2_auxISR)
                  00006940    00000074     ti.uia.runtime.aem4f : QueueDescriptor.oem4f (.text:ti_uia_runtime_QueueDescriptor_addToList__E)
                  000069b4    00000074     sysbios.aem4f : BIOS.obj (.text:xdc_runtime_Error_print__E)
                  00006a28    00000074                   : BIOS.obj (.text:xdc_runtime_Text_putMod__E)
                  00006a9c    00000070     drivers_cc13x2.a : ADCCC26XX.oem4f (.text:ADCCC26XX_convertToMicroVolts)
                  00006b0c    00000070                      : PINCC26XX.oem4f (.text:PIN_add)
                  00006b7c    00000070     debug_pem4f.oem4f (.text:ti_uia_loggers_LoggerStopMode_write1__E)
                  00006bec    00000070     sysbios.aem4f : BIOS.obj (.text:xdc_runtime_Memory_alloc__E)
                  00006c5c    0000006d                   : BIOS.obj (.text:xdc_runtime_System_formatNum__I)
                  00006cc9    00000001     --HOLE-- [fill = 0]
                  00006cca    00000002     rtsv7M4_T_le_v4SPD16_eabi.lib : _lock.c.obj (.text:_nop)
                  00006ccc    0000006c     driverlib.lib : chipinfo.obj (.text:NOROM_ChipInfo_GetChipType)
                  00006d38    00000068                   : osc.obj (.text:NOROM_OSCHF_SwitchToRcOscTurnOffXosc)
                  00006da0    00000068     rtsv7M4_T_le_v4SPD16_eabi.lib : copy_decompress_lzss.c.obj (.text:decompress:lzss:__TI_decompress_lzss)
                  00006e08    00000068     sysbios.aem4f : BIOS.obj (.text:ti_sysbios_family_arm_cc26xx_TimestampProvider_Module_startup__E)
                  00006e70    00000068                   : BIOS.obj (.text:ti_sysbios_knl_Clock_start__E)
                  00006ed8    00000068                   : BIOS.obj (.text:ti_sysbios_knl_Swi_restoreHwi__E)
                  00006f40    00000066     ti.uia.loggers.aem4f : LoggerStopMode.oem4f (.text:ti_uia_loggers_LoggerStopMode_flush__E)
                  00006fa6    00000066     debug_pem4f.oem4f (.text:ti_uia_loggers_LoggerStopMode_writeStart)
                  0000700c    00000066     sysbios.aem4f : BIOS.obj (.text:xdc_runtime_Core_deleteObject__I)
                  00007072    00000002     drivers_cc13x2.a : PowerCC26X2.oem4f (.text:emptyClockFunc)
                  00007074    00000064                      : UARTCC26XX.oem4f (.text:UARTCC26XX_control)
                  000070d8    00000064     main_tirtos.obj (.text:main)
                  0000713c    00000062     drivers_cc13x2.a : UARTCC26XX.oem4f (.text:UARTCC26XX_swiIntFxn)
                  0000719e    00000002     rtsv7M4_T_le_v4SPD16_eabi.lib : div0.asm.obj (.text)
                  000071a0    00000060     drivers_cc13x2.a : GPIOCC26XX.oem4f (.text:GPIO_write)
                  00007200    00000060     sysbios.aem4f : BIOS.obj (.text:ti_sysbios_knl_Clock_logTick__E)
                  00007260    00000060                   : BIOS.obj (.text:ti_sysbios_knl_Clock_startI__E)
                  000072c0    00000060     debug_pem4f.oem4f (.text:ti_sysbios_knl_Task_create)
                  00007320    00000060     sysbios.aem4f : BIOS.obj (.text:ti_sysbios_utils_Load_logCPULoad__I)
                  00007380    0000005f                   : BIOS.obj (.text:xdc_runtime_Text_putLab__E)
                  000073df    00000001     --HOLE-- [fill = 0]
                  000073e0    0000005c     display.a : Display.oem4f (.text:Display_doOpen)
                  0000743c    0000005c     drivers_cc13x2.a : PINCC26XX.oem4f (.text:PIN_remove)
                  00007498    0000005c                      : UARTCC26XX.oem4f (.text:startTxFifoEmptyClk)
                  000074f4    0000005c     sysbios.aem4f : BIOS.obj (.text:ti_sysbios_heaps_HeapMem_initPrimary__I)
                  00007550    0000005c     debug_pem4f.oem4f (.text:ti_uia_loggers_LoggerStopMode_write0__E)
                  000075ac    00000058     rtsv7M4_T_le_v4SPD16_eabi.lib : hostwrite.c.obj (.text:HOSTwrite)
                  00007604    00000058     drivers_cc13x2.a : PowerCC26X2_calibrateRCOSC.oem4f (.text:PowerCC26X2_initiateCalibration)
                  0000765c    00000058     boot.aem4f : boot.oem4f (.text)
                  000076b4    00000058     sysbios.aem4f : BIOS.obj (.text:pthread_exit)
                  0000770c    00000058                   : m3_Hwi_asm_switch.obj (.text:ti_sysbios_family_arm_m3_Hwi_initStacks__E)
                  00007764    00000058                   : BIOS.obj (.text:ti_sysbios_family_arm_m3_Hwi_postInit__I)
                  000077bc    00000058                   : BIOS.obj (.text:ti_sysbios_heaps_HeapMem_alloc__E)
                  00007814    00000054     driverlib.lib : prcm.obj (.text:NOROM_PRCMPowerDomainsAllOff)
                  00007868    00000054     dpl_cc13x2.a : SwiP_tirtos.oem4f (.text:SwiP_construct)
                  000078bc    00000054     debug_pem4f.oem4f (.text:ti_sysbios_family_arm_m3_Hwi_construct)
                  00007910    00000054     sysbios.aem4f : BIOS.obj (.text:ti_sysbios_knl_Swi_Instance_finalize__E)
                  00007964    00000054                   : BIOS.obj (.text:ti_sysbios_knl_Swi_schedule__I)
                  000079b8    00000050     debug_pem4f.oem4f (.text:ti_sysbios_knl_Swi_construct)
                  00007a08    00000050     sysbios.aem4f : BIOS.obj (.text:ti_sysbios_knl_Swi_runLoop__I)
                  00007a58    00000050                   : BIOS.obj (.text:xdc_runtime_Startup_exec__E)
                  00007aa8    00000050                   : BIOS.obj (.text:xdc_runtime_Text_visitRope2__I)
                  00007af8    0000004c     ti_drivers_config.obj (.text:Board_wakeUpExtFlash)
                  00007b44    0000004c     driverlib.lib : prcm.obj (.text:NOROM_PRCMPowerDomainsAllOn)
                  00007b90    0000004c     drivers_cc13x2.a : UARTCC26XX.oem4f (.text:UARTCC26XX_readCancel)
                  00007bdc    0000004c     rtsv7M4_T_le_v4SPD16_eabi.lib : cpy_tbl.c.obj (.text:copy_in)
                  00007c28    0000004c     ti.uia.loggers.aem4f : LoggerStopMode.oem4f (.text:ti_uia_loggers_LoggerStopMode_Module_startup__E)
                  00007c74    0000004c     sysbios.aem4f : BIOS.obj (.text:xdc_runtime_Assert_raise__I)
                  00007cc0    0000004c                   : BIOS.obj (.text:xdc_runtime_Core_assignParams__I)
                  00007d0c    0000004a     display.a : DisplayUart.oem4f (.text:DisplayUartMin_open)
                  00007d56    00000002     sysbios.aem4f : BIOS.obj (.text:ti_sysbios_BIOS_linkedWithIncorrectBootLibrary__E)
                  00007d58    00000048     drivers_cc13x2.a : PINCC26XX.oem4f (.text:PIN_setOutputEnable)
                  00007da0    00000048                      : PowerCC26X2_calibrateRCOSC.oem4f (.text:PowerCC26X2_RCOSC_clockFunc)
                  00007de8    00000048     rtsv7M4_T_le_v4SPD16_eabi.lib : fd_toi_t2.asm.obj (.text)
                  00007e30    00000048     drivers_cc13x2.a : PowerCC26X2.oem4f (.text:switchXOSCHF)
                  00007e78    00000048     sysbios.aem4f : BIOS.obj (.text:ti_sysbios_family_arm_m3_Hwi_Module_startup__E)
                  00007ec0    00000048                   : BIOS.obj (.text:ti_sysbios_family_arm_m3_Hwi_excReserved__I)
                  00007f08    00000048                   : BIOS.obj (.text:ti_sysbios_heaps_HeapMem_getStats__E)
                  00007f50    00000048     drivers_cc13x2.a : UARTCC26XX.oem4f (.text:writeFinishedDoCallback)
                  00007f98    00000046     display.a : DisplayUart.oem4f (.text:DisplayUartMin_vprintf)
                  00007fde    00000046     drivers_cc13x2.a : RingBuf.oem4f (.text:RingBuf_put)
                  00008024    00000044                      : ADC.oem4f (.text:ADC_init)
                  00008068    00000044     driverlib.lib : chipinfo.obj (.text:NOROM_ChipInfo_GetHwRevision)
                  000080ac    00000044     drivers_cc13x2.a : PINCC26XX.oem4f (.text:PIN_swi)
                  000080f0    00000044                      : UART.oem4f (.text:UART_init)
                  00008134    00000044     rtsv7M4_T_le_v4SPD16_eabi.lib : fd_tou_t2.asm.obj (.text)
                  00008178    00000044     sysbios.aem4f : BIOS.obj (.text:ti_sysbios_family_arm_m3_Hwi_disableInterrupt__E)
                  000081bc    00000044                   : BIOS.obj (.text:ti_sysbios_family_arm_m3_Hwi_enableInterrupt__E)
                  00008200    00000044                   : BIOS.obj (.text:ti_sysbios_knl_Mailbox_Module_startup__E)
                  00008244    00000044                   : BIOS.obj (.text:ti_sysbios_knl_Task_allBlockedFunction__I)
                  00008288    00000044     ti.uia.loggers.aem4f : LoggerStopMode.oem4f (.text:ti_uia_loggers_LoggerStopMode_initBuffer__I)
                  000082cc    00000044     sysbios.aem4f : BIOS.obj (.text:xdc_runtime_Error_setX__E)
                  00008310    00000044                   : BIOS.obj (.text:xdc_runtime_SysMin_flush__E)
                  00008354    00000044                   : BIOS.obj (.text:xdc_runtime_Text_xprintf__I)
                  00008398    00000040     drivers_cc13x2.a : ADC.oem4f (.text:ADC_open)
                  000083d8    00000040     ti_drivers_config.obj (.text:Board_shutDownExtFlash)
                  00008418    00000040     dpl_cc13x2.a : ClockP_tirtos.oem4f (.text:ClockP_construct)
                  00008458    00000040     driverlib.lib : osc.obj (.text:NOROM_OSC_HPOSCRelativeFrequencyOffsetGet)
                  00008498    00000040     drivers_cc13x2.a : RingBuf.oem4f (.text:RingBuf_get)
                  000084d8    00000040                      : UART.oem4f (.text:UART_open)
                  00008518    00000040     rtsv7M4_T_le_v4SPD16_eabi.lib : u_divt2.asm.obj (.text)
                  00008558    00000040     sysbios.aem4f : BIOS.obj (.text:ti_sysbios_family_arm_m3_Hwi_getStackInfo__E)
                  00008598    00000040     debug_pem4f.oem4f (.text:ti_sysbios_gates_GateHwi_Object__create__S)
                  000085d8    00000040     debug_pem4f.oem4f (.text:ti_sysbios_gates_GateMutex_Object__create__S)
                  00008618    00000040     debug_pem4f.oem4f (.text:ti_sysbios_heaps_HeapMem_Object__create__S)
                  00008658    00000040     debug_pem4f.oem4f (.text:ti_sysbios_heaps_HeapTrack_Object__create__S)
                  00008698    00000040     debug_pem4f.oem4f (.text:ti_sysbios_knl_Semaphore_create)
                  000086d8    00000040     debug_pem4f.oem4f (.text:ti_uia_loggers_LoggerStopMode_Object__create__S)
                  00008718    0000003e     dpl_cc13x2.a : HwiP_tirtos.oem4f (.text:HwiP_construct)
                  00008756    0000003e     debug_pem4f.oem4f (.text:xdc_runtime_SysMin_output__I)
                  00008794    0000003c     drivers_cc13x2.a : ADCCC26XX.oem4f (.text:ADCCC26XX_close)
                  000087d0    0000003c                      : PINCC26XX.oem4f (.text:PIN_setOutputValue)
                  0000880c    0000003c     sysbios.aem4f : BIOS.obj (.text:ti_sysbios_family_arm_cc26xx_Timer_setThreshold__I)
                  00008848    0000003c                   : BIOS.obj (.text:ti_sysbios_family_arm_m3_Hwi_construct2__E)
                  00008884    0000003c                   : BIOS.obj (.text:ti_sysbios_family_arm_m3_Hwi_excSvCall__I)
                  000088c0    00000038     drivers_cc13x2.a : PINCC26XX.oem4f (.text:PIN_setConfig)
                  000088f8    00000038     rtsv7M4_T_le_v4SPD16_eabi.lib : trgmsg.c.obj (.text:__TI_writemsg)
                  00008930    00000038     drivers_cc13x2.a : PowerCC26X2.oem4f (.text:notify)
                  00008968    00000038                      : UARTCC26XX.oem4f (.text:readData)
                  000089a0    00000038     rtsv7M4_T_le_v4SPD16_eabi.lib : fs_tod_t2.asm.obj (.text)
                  000089d8    00000038     sysbios.aem4f : BIOS.obj (.text:ti_sysbios_family_arm_m3_Hwi_Instance_finalize__E)
                  00008a10    00000038                   : BIOS.obj (.text:ti_sysbios_family_arm_m3_Hwi_excNoIsr__I)
                  00008a48    00000038     debug_pem4f.oem4f (.text:ti_sysbios_knl_Clock_construct)
                  00008a80    00000038     drivers_cc13x2.a : UARTCC26XX.oem4f (.text:writeData)
                  00008ab8    00000038     sysbios.aem4f : BIOS.obj (.text:xdc_runtime_SysMin_putch__E)
                  00008af0    00000038                   : BIOS.obj (.text:xdc_runtime_System_atexit__E)
                  00008b28    00000036                   : BIOS.obj (.text:ti_sysbios_family_arm_cc26xx_Timer_setNextTick__E)
                  00008b5e    00000002     debug_pem4f.oem4f (.text:ti_sysbios_BIOS_nullFunc__I)
                  00008b60    00000034     drivers_cc13x2.a : GPIOCC26XX.oem4f (.text:GPIO_toggle)
                  00008b94    00000034     driverlib.lib : aux_sysif.obj (.text:NOROM_AUXSYSIFOpModeChange)
                  00008bc8    00000034                   : sys_ctrl.obj (.text:NOROM_SysCtrlIdle)
                  00008bfc    00000034     rtsv7M4_T_le_v4SPD16_eabi.lib : trgmsg.c.obj (.text:__TI_readmsg)
                  00008c30    00000034     drivers_cc13x2.a : UARTCC26XX.oem4f (.text:readData2RingBuf)
                  00008c64    00000034     sysbios.aem4f : BIOS.obj (.text:ti_sysbios_family_arm_cc26xx_Timer_initDevice__I)
                  00008c98    00000034                   : BIOS.obj (.text:ti_sysbios_family_arm_m3_Hwi_excNmi__I)
                  00008ccc    00000034                   : BIOS.obj (.text:ti_sysbios_hal_Hwi_checkStack)
                  00008d00    00000034     debug_pem4f.oem4f (.text:ti_sysbios_knl_Semaphore_construct)
                  00008d34    00000034     sysbios.aem4f : BIOS.obj (.text:ti_sysbios_knl_Swi_restore__E)
                  00008d68    00000034                   : BIOS.obj (.text:ti_sysbios_utils_Load_updateCurrentThreadTime__E)
                  00008d9c    00000034     ti.uia.loggers.aem4f : LoggerStopMode.oem4f (.text:ti_uia_loggers_LoggerStopMode_reset__E)
                  00008dd0    00000034     sysbios.aem4f : BIOS.obj (.text:usleep)
                  00008e04    00000034                   : BIOS.obj (.text:xdc_runtime_SysMin_abort__E)
                  00008e38    00000030     drivers_cc13x2.a : GPIOCC26XX.oem4f (.text:GPIO_hwiIntFxn)
                  00008e68    00000030                      : GPIOCC26XX.oem4f (.text:GPIO_setCallback)
                  00008e98    00000030                      : PINCC26XX.oem4f (.text:PINCC26XX_setMux)
                  00008ec8    00000030                      : PowerCC26X2.oem4f (.text:Power_releaseConstraint)
                  00008ef8    00000030                      : PowerCC26X2.oem4f (.text:Power_setConstraint)
                  00008f28    00000030     debug_pem4f.oem4f (.text:ti_sysbios_BIOS_atExitFunc__I)
                  00008f58    00000030     debug_pem4f.oem4f (.text:ti_sysbios_BIOS_errorRaiseHook__I)
                  00008f88    00000030     debug_pem4f.oem4f (.text:ti_sysbios_BIOS_rtsLock__I)
                  00008fb8    00000030     debug_pem4f.oem4f (.text:ti_sysbios_BIOS_startFunc__I)
                  00008fe8    00000030     sysbios.aem4f : BIOS.obj (.text:ti_sysbios_family_arm_cc26xx_Timer_getCurrentTick__E)
                  00009018    00000030     debug_pem4f.oem4f (.text:ti_sysbios_family_arm_m3_Hwi_Object__get__S)
                  00009048    00000030     debug_pem4f.oem4f (.text:ti_sysbios_heaps_HeapMem_Object__get__S)
                  00009078    00000030     sysbios.aem4f : BIOS.obj (.text:ti_sysbios_heaps_HeapMem_free__E)
                  000090a8    00000030     debug_pem4f.oem4f (.text:ti_sysbios_knl_Queue_construct)
                  000090d8    00000030     debug_pem4f.oem4f (.text:ti_sysbios_knl_Swi_Object__get__S)
                  00009108    00000030     sysbios.aem4f : BIOS.obj (.text:ti_sysbios_knl_Task_processVitalTaskFlag__I)
                  00009138    00000030                   : BIOS.obj (.text:xdc_runtime_System_processAtExit__E)
                  00009168    0000002e     rtsv7M4_T_le_v4SPD16_eabi.lib : i_tofd_t2.asm.obj (.text)
                  00009196    0000002e     sysbios.aem4f : BIOS.obj (.text:ti_sysbios_family_arm_m3_TaskSupport_start__E)
                  000091c4    0000002e                   : BIOS.obj (.text:ti_sysbios_hal_Hwi_initStack)
                  000091f2    0000002c     dpl_cc13x2.a : SemaphoreP_tirtos.oem4f (.text:SemaphoreP_constructBinary)
                  0000921e    00000002     sysbios.aem4f : BIOS.obj (.text:ti_sysbios_gates_GateHwi_Instance_init__E)
                  00009220    0000002c     dpl_cc13x2.a : SemaphoreP_tirtos.oem4f (.text:SemaphoreP_createBinary)
                  0000924c    0000002c     sysbios.aem4f : BIOS.obj (.text:_pthread_delete$48)
                  00009278    0000002c                   : BIOS.obj (.text:pthread_setcancelstate)
                  000092a4    0000002c     debug_pem4f.oem4f (.text:ti_sysbios_family_arm_m3_Hwi_Handle__label__S)
                  000092d0    0000002c     debug_pem4f.oem4f (.text:ti_sysbios_family_arm_m3_Hwi_Params__init__S)
                  000092fc    0000002c     debug_pem4f.oem4f (.text:ti_sysbios_gates_GateHwi_Handle__label__S)
                  00009328    0000002c     debug_pem4f.oem4f (.text:ti_sysbios_gates_GateMutex_Handle__label__S)
                  00009354    0000002c     debug_pem4f.oem4f (.text:ti_sysbios_heaps_HeapMem_Handle__label__S)
                  00009380    0000002c     debug_pem4f.oem4f (.text:ti_sysbios_heaps_HeapTrack_Handle__label__S)
                  000093ac    0000002c     debug_pem4f.oem4f (.text:ti_sysbios_knl_Clock_Params__init__S)
                  000093d8    0000002c     sysbios.aem4f : BIOS.obj (.text:ti_sysbios_knl_Clock_getTicksUntilInterrupt__E)
                  00009404    0000002c                   : BIOS.obj (.text:ti_sysbios_knl_Mailbox_postInit__I)
                  00009430    0000002c     debug_pem4f.oem4f (.text:ti_sysbios_knl_Semaphore_Params__init__S)
                  0000945c    0000002c     sysbios.aem4f : BIOS.obj (.text:ti_sysbios_knl_Semaphore_pendTimeout__I)
                  00009488    0000002c     debug_pem4f.oem4f (.text:ti_sysbios_knl_Swi_Handle__label__S)
                  000094b4    0000002c     debug_pem4f.oem4f (.text:ti_sysbios_knl_Swi_Params__init__S)
                  000094e0    0000002c     debug_pem4f.oem4f (.text:ti_sysbios_knl_Task_Handle__label__S)
                  0000950c    0000002c     debug_pem4f.oem4f (.text:ti_sysbios_knl_Task_Object__get__S)
                  00009538    0000002c     debug_pem4f.oem4f (.text:ti_sysbios_knl_Task_Params__init__S)
                  00009564    0000002c     sysbios.aem4f : BIOS.obj (.text:ti_sysbios_knl_Task_restore__E)
                  00009590    0000002c     debug_pem4f.oem4f (.text:ti_uia_loggers_LoggerStopMode_Handle__label__S)
                  000095bc    0000002c     debug_pem4f.oem4f (.text:ti_uia_loggers_LoggerStopMode_Object__get__S)
                  000095e8    0000002c     sysbios.aem4f : BIOS.obj (.text:xdc_runtime_System_putchar__I)
                  00009614    0000002b                   : BIOS.obj (.text:xdc_runtime_Text_printVisFxn__I)
                  0000963f    00000001     --HOLE-- [fill = 0]
                  00009640    0000002a     display.a : Display.oem4f (.text:Display_doPrintf)
                  0000966a    00000002     sysbios.aem4f : BIOS.obj (.text:ti_sysbios_knl_Clock_triggerFunc__I)
                  0000966c    00000028     display.a : Display.oem4f (.text:Display_doInit)
                  00009694    00000028     drivers_cc13x2.a : PowerCC26X2.oem4f (.text:Power_registerNotify)
                  000096bc    00000028                      : PowerCC26X2.oem4f (.text:oscillatorISR)
                  000096e4    00000028     sysbios.aem4f : m3_Hwi_asm.obj (.text:ti_sysbios_family_arm_m3_Hwi_excHandlerAsm__I)
                  0000970c    00000028     debug_pem4f.oem4f (.text:ti_sysbios_gates_GateMutex_Object__delete__S)
                  00009734    00000028     debug_pem4f.oem4f (.text:ti_sysbios_heaps_HeapTrack_Object__delete__S)
                  0000975c    00000028     sysbios.aem4f : BIOS.obj (.text:ti_sysbios_knl_Clock_addI__E)
                  00009784    00000028     debug_pem4f.oem4f (.text:ti_sysbios_knl_Semaphore_Object__delete__S)
                  000097ac    00000028     debug_pem4f.oem4f (.text:ti_sysbios_knl_Task_Object__delete__S)
                  000097d4    00000028     debug_pem4f.oem4f (.text:xdc_runtime_System_aprintf__E)
                  000097fc    00000028     sysbios.aem4f : BIOS.obj (.text:xdc_runtime_System_avprintf__E)
                  00009824    00000028     debug_pem4f.oem4f (.text:xdc_runtime_System_printf__E)
                  0000984c    00000026     drivers_cc13x2.a : List.oem4f (.text:List_put)
                  00009872    00000026                      : List.oem4f (.text:List_remove)
                  00009898    00000026     sysbios.aem4f : m3_Hwi_asm.obj (.text:ti_sysbios_family_arm_m3_Hwi_pendSV__I)
                  000098be    00000026                   : BIOS.obj (.text:xdc_runtime_System_vprintf__E)
                  000098e4    00000024     driverlib.lib : osc.obj (.text:NOROM_OSCHF_TurnOnXosc)
                  00009908    00000024     sysbios.aem4f : BIOS.obj (.text:_pthread_cleanupFxn)
                  0000992c    00000024     drivers_cc13x2.a : PowerCC26X2_calibrateRCOSC.oem4f (.text:getTdcSemaphore)
                  00009950    00000024     sysbios.aem4f : BIOS.obj (.text:pthread_attr_init)
                  00009974    00000024     debug_pem4f.oem4f (.text:ti_sysbios_BIOS_registerRTSLock__I)
                  00009998    00000024     sysbios.aem4f : BIOS.obj (.text:ti_sysbios_family_arm_cc26xx_Timer_Module_startup__E)
                  000099bc    00000024                   : BIOS.obj (.text:ti_sysbios_family_arm_cc26xx_Timer_getMaxTicks__E)
                  000099e0    00000024                   : BIOS.obj (.text:ti_sysbios_family_arm_cc26xx_Timer_startup__E)
                  00009a04    00000024     debug_pem4f.oem4f (.text:ti_sysbios_gates_GateHwi_Object__delete__S)
                  00009a28    00000024     debug_pem4f.oem4f (.text:ti_sysbios_heaps_HeapMem_Object__delete__S)
                  00009a4c    00000024     sysbios.aem4f : BIOS.obj (.text:ti_sysbios_heaps_HeapTrack_Instance_init__E)
                  00009a70    00000024                   : BIOS.obj (.text:ti_sysbios_heaps_HeapTrack_getStats__E)
                  00009a94    00000024                   : BIOS.obj (.text:ti_sysbios_knl_Clock_Module_startup__E)
                  00009ab8    00000024                   : BIOS.obj (.text:ti_sysbios_knl_Swi_Module_startup__E)
                  00009adc    00000024                   : BIOS.obj (.text:ti_sysbios_knl_Task_getMode__E)
                  00009b00    00000024                   : BIOS.obj (.text:ti_sysbios_knl_Task_restoreHwi__E)
                  00009b24    00000024                   : BIOS.obj (.text:ti_sysbios_utils_Load_updateThreadContexts__E)
                  00009b48    00000024     debug_pem4f.oem4f (.text:ti_uia_loggers_LoggerStopMode_Object__delete__S)
                  00009b6c    00000022     sysbios.aem4f : BIOS.obj (.text:ti_sysbios_family_arm_cc26xx_Timer_postInit__I)
                  00009b8e    00000022     debug_pem4f.oem4f (.text:ti_uia_loggers_LoggerStopMode_fillInTimestamp)
                  00009bb0    00000020     ti_drivers_config.obj (.text:Board_init)
                  00009bd0    00000020     driverlib.lib : aux_adc.obj (.text:NOROM_AUXADCEnableSync)
                  00009bf0    00000020     drivers_cc13x2.a : PINCC26XX.oem4f (.text:PINCC26XX_setIoCfgMux)
                  00009c10    00000020                      : PowerCC26X2.oem4f (.text:Power_unregisterNotify)
                  00009c30    00000020                      : UARTCC26XX.oem4f (.text:threadSafeStdbyDisRelease)
                  00009c50    00000020                      : UARTCC26XX.oem4f (.text:threadSafeStdbyDisSet)
                  00009c70    00000020     debug_pem4f.oem4f (.text:ti_sysbios_BIOS_removeRTSLock__I)
                  00009c90    00000020     sysbios.aem4f : BIOS.obj (.text:ti_sysbios_family_arm_cc26xx_Timer_dynamicStub__E)
                  00009cb0    00000020     debug_pem4f.oem4f (.text:ti_sysbios_family_arm_m3_Hwi_destruct)
                  00009cd0    00000020     debug_pem4f.oem4f (.text:ti_sysbios_knl_Clock_destruct)
                  00009cf0    00000020     sysbios.aem4f : BIOS.obj (.text:ti_sysbios_knl_Clock_getTicks__E)
                  00009d10    00000020                   : BIOS.obj (.text:ti_sysbios_knl_Clock_stop__E)
                  00009d30    00000020                   : BIOS.obj (.text:ti_sysbios_knl_Idle_run__E)
                  00009d50    00000020     debug_pem4f.oem4f (.text:ti_sysbios_knl_Mailbox_Object__get__S)
                  00009d70    00000020     debug_pem4f.oem4f (.text:ti_sysbios_knl_Semaphore_destruct)
                  00009d90    00000020     debug_pem4f.oem4f (.text:ti_sysbios_knl_Swi_destruct)
                  00009db0    00000020     debug_pem4f.oem4f (.text:ti_sysbios_rts_ti_ReentSupport_getTlsAddr__I)
                  00009dd0    00000020     debug_pem4f.oem4f (.text:xdc_runtime_IHeap_alloc)
                  00009df0    00000020     sysbios.aem4f : BIOS.obj (.text:xdc_runtime_SysMin_Module_startup__E)
                  00009e10    00000020     debug_pem4f.oem4f (.text:xdc_runtime_Text_visitRope__I)
                  00009e30    0000001e     drivers_cc13x2.a : PINCC26XX.oem4f (.text:PIN_close)
                  00009e4e    0000001e                      : PowerCC26X2.oem4f (.text:Power_getTransitionLatency)
                  00009e6c    0000001e     sysbios.aem4f : m3_Hwi_asm_switch.obj (.text:ti_sysbios_family_xxx_Hwi_switchAndRunFunc)
                  00009e8a    0000001e     debug_pem4f.oem4f (.text:ti_sysbios_knl_Task_SupportProxy_start__E)
                  00009ea8    0000001e     debug_pem4f.oem4f (.text:xdc_runtime_Memory_HeapProxy_alloc__E)
                  00009ec6    00000002     ti.uia.loggers.aem4f : LoggerStopMode.oem4f (.text:ti_uia_loggers_LoggerStopMode_setPriority__E)
                  00009ec8    0000001c     driverlib.lib : chipinfo.obj (.text:NOROM_ChipInfo_GetChipFamily)
                  00009ee4    0000001c     drivers_cc13x2.a : PINCC26XX.oem4f (.text:PIN_hwi)
                  00009f00    0000001c     dpl_cc13x2.a : PowerCC26X2_tirtos.oem4f (.text:PowerCC26XX_schedulerDisable)
                  00009f1c    0000001c                  : PowerCC26X2_tirtos.oem4f (.text:PowerCC26XX_schedulerRestore)
                  00009f38    0000001c     debug_pem4f.oem4f (.text:ti_sysbios_family_arm_cc26xx_Timer_Module__startupDone__F)
                  00009f54    0000001c     debug_pem4f.oem4f (.text:ti_sysbios_family_arm_m3_Hwi_Module__startupDone__F)
                  00009f70    0000001c     sysbios.aem4f : BIOS.obj (.text:ti_sysbios_family_arm_m3_Hwi_clearInterrupt__E)
                  00009f8c    0000001c                   : BIOS.obj (.text:ti_sysbios_family_arm_m3_Hwi_excHandler__I)
                  00009fa8    0000001c                   : BIOS.obj (.text:ti_sysbios_family_arm_m3_Hwi_setPriority__E)
                  00009fc4    0000001c                   : BIOS.obj (.text:ti_sysbios_gates_GateMutex_Instance_init__E)
                  00009fe0    0000001c                   : BIOS.obj (.text:ti_sysbios_knl_Clock_scheduleNextTick__E)
                  00009ffc    0000001c     debug_pem4f.oem4f (.text:ti_sysbios_knl_Queue_Object__get__S)
                  0000a018    0000001c     debug_pem4f.oem4f (.text:ti_sysbios_knl_Queue_destruct)
                  0000a034    0000001c     sysbios.aem4f : BIOS.obj (.text:ti_sysbios_knl_Queue_put__E)
                  0000a050    0000001c                   : BIOS.obj (.text:ti_sysbios_knl_Swi_construct2__E)
                  0000a06c    0000001c                   : BIOS.obj (.text:ti_sysbios_knl_Task_enabled__E)
                  0000a088    0000001c                   : BIOS.obj (.text:ti_sysbios_knl_Task_enter__I)
                  0000a0a4    0000001c     ti.uia.loggers.aem4f : LoggerStopMode.oem4f (.text:ti_uia_loggers_LoggerStopMode_Instance_init__E)
                  0000a0c0    0000001c     sysbios.aem4f : BIOS.obj (.text:xdc_runtime_Error_check__E)
                  0000a0dc    0000001c                   : BIOS.obj (.text:xdc_runtime_Error_raiseX__E)
                  0000a0f8    0000001c                   : BIOS.obj (.text:xdc_runtime_Memory_valloc__E)
                  0000a114    0000001c                   : BIOS.obj (.text:xdc_runtime_Registry_findById__E)
                  0000a130    0000001c     debug_pem4f.oem4f (.text:xdc_runtime_Startup_exec__I)
                  0000a14c    0000001c     sysbios.aem4f : BIOS.obj (.text:xdc_runtime_SysMin_exit__E)
                  0000a168    0000001c                   : BIOS.obj (.text:xdc_runtime_System_abort__E)
                  0000a184    0000001c                   : BIOS.obj (.text:xdc_runtime_Text_ropeText__E)
                  0000a1a0    0000001a     drivers_cc13x2.a : PowerCC26X2.oem4f (.text:PowerCC26XX_calibrate)
                  0000a1ba    0000001a     sysbios.aem4f : BIOS.obj (.text:ti_sysbios_knl_Task_sleepTimeout__I)
                  0000a1d4    0000001a     debug_pem4f.oem4f (.text:xdc_runtime_IHeap_free)
                  0000a1ee    00000002     --HOLE-- [fill = 0]
                  0000a1f0    00000018     driverlib.lib : chipinfo.obj (.text:NOROM_ChipInfo_GetPackageType)
                  0000a208    00000018     drivers_cc13x2.a : PowerCC26X2.oem4f (.text:Power_idleFunc)
                  0000a220    00000018                      : UART.oem4f (.text:UART_Params_init)
                  0000a238    00000018     rtsv7M4_T_le_v4SPD16_eabi.lib : args_main.c.obj (.text:_args_main)
                  0000a250    00000018                                   : ll_mul_t2.asm.obj (.text)
                  0000a268    00000018     drivers_cc13x2.a : PowerCC26X2.oem4f (.text:switchToTCXO)
                  0000a280    00000018     sysbios.aem4f : BIOS.obj (.text:ti_sysbios_family_arm_m3_Hwi_plug__E)
                  0000a298    00000018                   : m3_TaskSupport_asm.obj (.text:ti_sysbios_family_arm_m3_TaskSupport_swap__E)
                  0000a2b0    00000018                   : BIOS.obj (.text:ti_sysbios_gates_GateMutex_leave__E)
                  0000a2c8    00000018     debug_pem4f.oem4f (.text:ti_sysbios_knl_Clock_doTick__I)
                  0000a2e0    00000018     sysbios.aem4f : BIOS.obj (.text:ti_sysbios_knl_Swi_or__E)
                  0000a2f8    00000018                   : BIOS.obj (.text:ti_sysbios_knl_Task_unblock__E)
                  0000a310    00000018                   : BIOS.obj (.text:xdc_runtime_Error_init__E)
                  0000a328    00000018                   : BIOS.obj (.text:xdc_runtime_System_exit__E)
                  0000a340    00000016     display.a : DisplayUart.oem4f (.text:DisplayUartMin_close)
                  0000a356    00000016     driverlib.lib : chipinfo.obj (.text:NOROM_ThisLibraryIsFor_CC13x2_CC26x2_HwRev20AndLater_HaltIfViolated)
                  0000a36c    00000016     sysbios.aem4f : BIOS.obj (.text:_pthread_cleanup_pop)
                  0000a382    00000016     debug_pem4f.oem4f (.text:ti_sysbios_BIOS_exitFunc__I)
                  0000a398    00000016     sysbios.aem4f : BIOS.obj (.text:ti_sysbios_family_arm_cc26xx_TimestampProvider_get64__E)
                  0000a3ae    00000016     ti.uia.loggers.aem4f : LoggerStopMode.oem4f (.text:ti_uia_loggers_LoggerStopMode_disable__E)
                  0000a3c4    00000016                          : LoggerStopMode.oem4f (.text:ti_uia_loggers_LoggerStopMode_enable__E)
                  0000a3da    00000016     debug_pem4f.oem4f (.text:xdc_runtime_IHeap_getStats)
                  0000a3f0    00000014     drivers_cc13x2.a : PowerCC26X2_calibrateRCOSC.oem4f (.text:PowerCC26X2_calibrate)
                  0000a404    00000014     sysbios.aem4f : BIOS.obj (.text:pthread_attr_setschedparam)
                  0000a418    00000014     rtsv7M4_T_le_v4SPD16_eabi.lib : strlen.c.obj (.text:strlen)
                  0000a42c    00000014     sysbios.aem4f : BIOS.obj (.text:ti_sysbios_family_arm_cc26xx_Timer_getCount64__E)
                  0000a440    00000014                   : BIOS.obj (.text:ti_sysbios_family_arm_m3_Hwi_switchFromBootStack__E)
                  0000a454    00000014     debug_pem4f.oem4f (.text:ti_sysbios_hal_Hwi_HwiProxy_getStackInfo__E)
                  0000a468    00000014     debug_pem4f.oem4f (.text:ti_sysbios_knl_Clock_TimerProxy_getCurrentTick__E)
                  0000a47c    00000014     debug_pem4f.oem4f (.text:xdc_runtime_Memory_HeapProxy_free__E)
                  0000a490    00000012     drivers_cc13x2.a : RingBuf.oem4f (.text:RingBuf_construct)
                  0000a4a2    00000012     dpl_cc13x2.a : SemaphoreP_tirtos.oem4f (.text:SemaphoreP_pend)
                  0000a4b4    00000012     sysbios.aem4f : BIOS.obj (.text:_pthread_runStub$48)
                  0000a4c6    00000012                   : BIOS.obj (.text:ti_sysbios_hal_Hwi_Module_startup__E)
                  0000a4d8    00000012     debug_pem4f.oem4f (.text:ti_uia_loggers_LoggerStopMode_setFilterLevel__E)
                  0000a4ea    00000012     debug_pem4f.oem4f (.text:xdc_argToFloat)
                  0000a4fc    00000010     dpl_cc13x2.a : HwiP_tirtos.oem4f (.text:HwiP_Params_init)
                  0000a50c    00000010     drivers_cc13x2.a : PINCC26XX.oem4f (.text:PINCC26XX_getPinCount)
                  0000a51c    00000010     dpl_cc13x2.a : SwiP_tirtos.oem4f (.text:SwiP_Params_init)
                  0000a52c    00000010     debug_pem4f.oem4f (.text:ti_sysbios_BIOS_RtsGateProxy_leave__E)
                  0000a53c    00000010     sysbios.aem4f : BIOS.obj (.text:ti_sysbios_BIOS_exit__E)
                  0000a54c    00000010                   : BIOS.obj (.text:ti_sysbios_BIOS_getCpuFreq__E)
                  0000a55c    00000010                   : BIOS.obj (.text:ti_sysbios_BIOS_setThreadType__E)
                  0000a56c    00000010                   : BIOS.obj (.text:ti_sysbios_BIOS_start__E)
                  0000a57c    00000010                   : BIOS.obj (.text:ti_sysbios_family_arm_m3_Hwi_getHandle__E)
                  0000a58c    00000010                   : m3_TaskSupport_asm.obj (.text:ti_sysbios_family_arm_m3_TaskSupport_glue)
                  0000a59c    00000010                   : BIOS.obj (.text:ti_sysbios_gates_GateMutex_Instance_finalize__E)
                  0000a5ac    00000010     debug_pem4f.oem4f (.text:ti_sysbios_heaps_HeapMem_Module_GateProxy_leave__E)
                  0000a5bc    00000010     debug_pem4f.oem4f (.text:ti_sysbios_knl_Clock_TimerProxy_setNextTick__E)
                  0000a5cc    00000010     sysbios.aem4f : BIOS.obj (.text:ti_sysbios_knl_Semaphore_Instance_finalize__E)
                  0000a5dc    00000010                   : BIOS.obj (.text:ti_sysbios_knl_Swi_disable__E)
                  0000a5ec    00000010                   : BIOS.obj (.text:ti_sysbios_knl_Swi_enabled__E)
                  0000a5fc    00000010     debug_pem4f.oem4f (.text:ti_sysbios_knl_Task_SupportProxy_checkStack__E)
                  0000a60c    00000010     debug_pem4f.oem4f (.text:ti_sysbios_knl_Task_SupportProxy_swap__E)
                  0000a61c    00000010     sysbios.aem4f : BIOS.obj (.text:ti_sysbios_knl_Task_disable__E)
                  0000a62c    00000010     debug_pem4f.oem4f (.text:ti_uia_loggers_LoggerStopMode_getFilterLevel__E)
                  0000a63c    00000010     ti.uia.loggers.aem4f : LoggerStopMode.oem4f (.text:ti_uia_loggers_LoggerStopMode_isEmpty__E)
                  0000a64c    00000010     drivers_cc13x2.a : UARTCC26XX.oem4f (.text:uartPostNotify)
                  0000a65c    00000010     sysbios.aem4f : BIOS.obj (.text:xdc_runtime_Gate_leaveSystem__E)
                  0000a66c    00000010     debug_pem4f.oem4f (.text:xdc_runtime_Memory_HeapProxy_getStats__E)
                  0000a67c    00000010     sysbios.aem4f : BIOS.obj (.text:xdc_runtime_Memory_free__E)
                  0000a68c    00000010                   : BIOS.obj (.text:xdc_runtime_Memory_getStats__E)
                  0000a69c    00000010                   : BIOS.obj (.text:xdc_runtime_SysMin_ready__E)
                  0000a6ac    00000010     debug_pem4f.oem4f (.text:xdc_runtime_System_Module_GateProxy_leave__E)
                  0000a6bc    00000010     debug_pem4f.oem4f (.text:xdc_runtime_System_SupportProxy_putch__E)
                  0000a6cc    00000010     sysbios.aem4f : BIOS.obj (.text:xdc_runtime_System_vsnprintf__E)
                  0000a6dc    0000000e     rtsv7M4_T_le_v4SPD16_eabi.lib : copy_decompress_none.c.obj (.text:decompress:none:__TI_decompress_none)
                  0000a6ea    0000000e     sysbios.aem4f : BIOS.obj (.text:pthread_attr_setdetachstate)
                  0000a6f8    0000000e                   : BIOS.obj (.text:ti_sysbios_family_arm_cc26xx_TimestampProvider_get32__E)
                  0000a706    0000000e                   : BIOS.obj (.text:ti_sysbios_family_arm_m3_TaskSupport_checkStack__E)
                  0000a714    0000000e                   : BIOS.obj (.text:ti_sysbios_heaps_HeapMem_restore__E)
                  0000a722    0000000e                   : BIOS.obj (.text:ti_sysbios_knl_Queue_empty__E)
                  0000a730    0000000e                   : BIOS.obj (.text:ti_sysbios_knl_Queue_remove__E)
                  0000a73e    00000002     --HOLE-- [fill = 0]
                  0000a740    0000000c     dpl_cc13x2.a : ClockP_tirtos.oem4f (.text:ClockP_getSystemTickPeriod)
                  0000a74c    0000000c     driverlib.lib : cpu.obj (.text:NOROM_CPUcpsid)
                  0000a758    0000000c                   : cpu.obj (.text:NOROM_CPUcpsie)
                  0000a764    0000000c     drivers_cc13x2.a : PINCC26XX.oem4f (.text:PIN_registerIntCb)
                  0000a770    0000000c                      : PowerCC26X2.oem4f (.text:Power_getConstraintMask)
                  0000a77c    0000000c                      : PowerCC26X2.oem4f (.text:Power_getDependencyCount)
                  0000a788    0000000c     dpl_cc13x2.a : SemaphoreP_tirtos.oem4f (.text:SemaphoreP_delete)
                  0000a794    0000000c     rtsv7M4_T_le_v4SPD16_eabi.lib : _lock.c.obj (.text:_register_lock)
                  0000a7a0    0000000c                                   : _lock.c.obj (.text:_register_unlock)
                  0000a7ac    0000000c                                   : copy_zero_init.c.obj (.text:decompress:ZI:__TI_zero_init)
                  0000a7b8    0000000c     sysbios.aem4f : BIOS.obj (.text:pthread_self)
                  0000a7c4    0000000c     debug_pem4f.oem4f (.text:ti_sysbios_BIOS_RtsGateProxy_enter__E)
                  0000a7d0    0000000c     sysbios.aem4f : BIOS.obj (.text:ti_sysbios_BIOS_getThreadType__E)
                  0000a7dc    0000000c                   : BIOS.obj (.text:ti_sysbios_family_arm_cc26xx_TimestampProvider_getFreq__E)
                  0000a7e8    0000000c                   : BIOS.obj (.text:ti_sysbios_family_arm_m3_Hwi_disableFxn__E)
                  0000a7f4    0000000c                   : BIOS.obj (.text:ti_sysbios_family_arm_m3_TaskSupport_getStackAlignment__E)
                  0000a800    0000000c                   : BIOS.obj (.text:ti_sysbios_gates_GateHwi_enter__E)
                  0000a80c    0000000c     debug_pem4f.oem4f (.text:ti_sysbios_heaps_HeapMem_Module_GateProxy_enter__E)
                  0000a818    0000000c     debug_pem4f.oem4f (.text:ti_sysbios_heaps_HeapMem_Module_GateProxy_query__E)
                  0000a824    0000000c     sysbios.aem4f : BIOS.obj (.text:ti_sysbios_heaps_HeapTrack_isBlocking__E)
                  0000a830    0000000c     debug_pem4f.oem4f (.text:ti_sysbios_knl_Clock_TimerProxy_getMaxTicks__E)
                  0000a83c    0000000c     sysbios.aem4f : BIOS.obj (.text:ti_sysbios_knl_Clock_getTimerHandle__E)
                  0000a848    0000000c                   : BIOS.obj (.text:ti_sysbios_knl_Queue_dequeue__E)
                  0000a854    0000000c                   : BIOS.obj (.text:ti_sysbios_knl_Queue_enqueue__E)
                  0000a860    0000000c                   : BIOS.obj (.text:ti_sysbios_knl_Queue_insert__E)
                  0000a86c    0000000c     debug_pem4f.oem4f (.text:ti_sysbios_knl_Semaphore_delete)
                  0000a878    0000000c     sysbios.aem4f : BIOS.obj (.text:ti_sysbios_knl_Swi_getTrigger__E)
                  0000a884    0000000c                   : BIOS.obj (.text:ti_sysbios_knl_Swi_self__E)
                  0000a890    0000000c     debug_pem4f.oem4f (.text:ti_sysbios_knl_Task_delete)
                  0000a89c    0000000c     sysbios.aem4f : BIOS.obj (.text:ti_sysbios_knl_Task_self__E)
                  0000a8a8    0000000c                   : BIOS.obj (.text:ti_sysbios_rts_ti_ReentSupport_taskRegHook__I)
                  0000a8b4    0000000c                   : BIOS.obj (.text:ti_sysbios_utils_Load_getCPULoad__E)
                  0000a8c0    0000000c     debug_pem4f.oem4f (.text:xdc_iargToPtr)
                  0000a8cc    0000000c     sysbios.aem4f : BIOS.obj (.text:xdc_runtime_Gate_enterSystem__E)
                  0000a8d8    0000000c                   : BIOS.obj (.text:xdc_runtime_Memory_calloc__E)
                  0000a8e4    0000000c                   : BIOS.obj (.text:xdc_runtime_Memory_getMaxDefaultTypeAlign__E)
                  0000a8f0    0000000c                   : BIOS.obj (.text:xdc_runtime_Startup_rtsDone__E)
                  0000a8fc    0000000c     debug_pem4f.oem4f (.text:xdc_runtime_System_Module_GateProxy_enter__E)
                  0000a908    0000000c     debug_pem4f.oem4f (.text:xdc_runtime_System_SupportProxy_abort__E)
                  0000a914    0000000c     debug_pem4f.oem4f (.text:xdc_runtime_System_SupportProxy_exit__E)
                  0000a920    0000000c     debug_pem4f.oem4f (.text:xdc_runtime_Timestamp_SupportProxy_get64__E)
                  0000a92c    0000000c     debug_pem4f.oem4f (.text:xdc_runtime_Timestamp_SupportProxy_getFreq__E)
                  0000a938    0000000a     drivers_cc13x2.a : ADC.oem4f (.text:ADC_Params_init)
                  0000a942    0000000a                      : ADC.oem4f (.text:ADC_convert)
                  0000a94c    0000000a     dpl_cc13x2.a : ClockP_tirtos.oem4f (.text:ClockP_Params_init)
                  0000a956    0000000a     drivers_cc13x2.a : UART.oem4f (.text:UART_close)
                  0000a960    0000000a                      : UART.oem4f (.text:UART_control)
                  0000a96a    0000000a                      : UART.oem4f (.text:UART_write)
                  0000a974    0000000a                      : UARTCC26XX.oem4f (.text:readSemCallback)
                  0000a97e    00000008                      : ADCCC26XX.oem4f (.text:ADCCC26XX_init)
                  0000a986    00000008     debug_pem4f.oem4f (.text:ResetISR)
                  0000a98e    00000008     drivers_cc13x2.a : UARTCC26XX.oem4f (.text:UARTCC26XX_init)
                  0000a996    00000008     debug_pem4f.oem4f (.text:ti_sysbios_family_arm_cc26xx_Timer_Module__startupDone__S)
                  0000a99e    00000008     debug_pem4f.oem4f (.text:ti_sysbios_family_arm_m3_Hwi_Module__startupDone__S)
                  0000a9a6    00000008     sysbios.aem4f : BIOS.obj (.text:ti_sysbios_family_arm_m3_Hwi_doSwiRestore__I)
                  0000a9ae    00000008                   : BIOS.obj (.text:ti_sysbios_family_arm_m3_Hwi_startup__E)
                  0000a9b6    00000008     debug_pem4f.oem4f (.text:ti_sysbios_hal_Hwi_HwiProxy_Module__startupDone__S)
                  0000a9be    00000008     debug_pem4f.oem4f (.text:ti_sysbios_hal_Hwi_HwiProxy_startup__E)
                  0000a9c6    00000008     debug_pem4f.oem4f (.text:ti_sysbios_hal_Hwi_HwiProxy_switchFromBootStack__E)
                  0000a9ce    00000008     debug_pem4f.oem4f (.text:ti_sysbios_knl_Clock_TimerProxy_Module__startupDone__S)
                  0000a9d6    00000008     sysbios.aem4f : BIOS.obj (.text:ti_sysbios_knl_Idle_loop__E)
                  0000a9de    00000008     debug_pem4f.oem4f (.text:ti_sysbios_knl_Task_SupportProxy_Module__startupDone__S)
                  0000a9e6    00000008     debug_pem4f.oem4f (.text:ti_sysbios_knl_Task_SupportProxy_getStackAlignment__E)
                  0000a9ee    00000008     debug_pem4f.oem4f (.text:ti_sysbios_rts_ti_ReentSupport_getReent__E)
                  0000a9f6    00000008     debug_pem4f.oem4f (.text:ti_sysbios_utils_Load_update__E)
                  0000a9fe    00000008     drivers_cc13x2.a : UARTCC26XX.oem4f (.text:writeSemCallback)
                  0000aa06    00000008     debug_pem4f.oem4f (.text:xdc_runtime_Startup_reset__I)
                  0000aa0e    00000008     debug_pem4f.oem4f (.text:xdc_runtime_System_SupportProxy_ready__E)
                  0000aa16    00000008     debug_pem4f.oem4f (.text:xdc_runtime_Timestamp_SupportProxy_get32__E)
                  0000aa1e    00000006     drivers_cc13x2.a : ADCCC26XX.oem4f (.text:ADCCC26XX_control)
                  0000aa24    00000006     display.a : DisplayUart.oem4f (.text:DisplayUartMin_control)
                  0000aa2a    00000006               : DisplayUart.oem4f (.text:DisplayUartMin_getType)
                  0000aa30    00000006     driverlib.lib : cpu.obj (.text:NOROM_CPUdelay)
                  0000aa36    00000006     drivers_cc13x2.a : UARTCC26XX.oem4f (.text:UARTCC26XX_readPolling)
                  0000aa3c    00000006                      : UARTCC26XX.oem4f (.text:UARTCC26XX_writePolling)
                  0000aa42    00000006                      : PowerCC26X2.oem4f (.text:delayUs)
                  0000aa48    00000006     sysbios.aem4f : BIOS.obj (.text:pthread_attr_setstacksize)
                  0000aa4e    00000006                   : BIOS.obj (.text:ti_sysbios_family_arm_m3_Hwi_doTaskRestore__I)
                  0000aa54    00000006                   : BIOS.obj (.text:ti_sysbios_family_arm_m3_Hwi_restoreFxn__E)
                  0000aa5a    00000006                   : BIOS.obj (.text:ti_sysbios_gates_GateHwi_leave__E)
                  0000aa60    00000006                   : BIOS.obj (.text:ti_sysbios_heaps_HeapMem_isBlocking__E)
                  0000aa66    00000006                   : BIOS.obj (.text:ti_sysbios_knl_Queue_Instance_init__E)
                  0000aa6c    00000006                   : BIOS.obj (.text:ti_sysbios_knl_Queue_elemClear__E)
                  0000aa72    00000006                   : BIOS.obj (.text:ti_sysbios_knl_Swi_startup__E)
                  0000aa78    00000006                   : BIOS.obj (.text:xdc_runtime_System_Module_startup__E)
                  0000aa7e    00000004     dpl_cc13x2.a : PowerCC26X2_tirtos.oem4f (.text:CPUwfi)
                  0000aa82    00000004                  : ClockP_tirtos.oem4f (.text:ClockP_destruct)
                  0000aa86    00000004                  : ClockP_tirtos.oem4f (.text:ClockP_getCpuFreq)
                  0000aa8a    00000004                  : ClockP_tirtos.oem4f (.text:ClockP_setTimeout)
                  0000aa8e    00000004                  : ClockP_tirtos.oem4f (.text:ClockP_start)
                  0000aa92    00000004                  : ClockP_tirtos.oem4f (.text:ClockP_stop)
                  0000aa96    00000004                  : HwiP_tirtos.oem4f (.text:HwiP_clearInterrupt)
                  0000aa9a    00000004                  : HwiP_tirtos.oem4f (.text:HwiP_destruct)
                  0000aa9e    00000004                  : HwiP_tirtos.oem4f (.text:HwiP_disable)
                  0000aaa2    00000004                  : SemaphoreP_tirtos.oem4f (.text:SemaphoreP_destruct)
                  0000aaa6    00000004                  : SemaphoreP_tirtos.oem4f (.text:SemaphoreP_post)
                  0000aaaa    00000004                  : SwiP_tirtos.oem4f (.text:SwiP_destruct)
                  0000aaae    00000004                  : SwiP_tirtos.oem4f (.text:SwiP_getTrigger)
                  0000aab2    00000004                  : SwiP_tirtos.oem4f (.text:SwiP_or)
                  0000aab6    00000004                  : SystemP_tirtos.oem4f (.text:SystemP_vsnprintf)
                  0000aaba    00000004     sysbios.aem4f : BIOS.obj (.text:__aeabi_errno_addr)
                  0000aabe    00000004     rtsv7M4_T_le_v4SPD16_eabi.lib : exit.c.obj (.text:abort:abort)
                  0000aac2    00000004     drivers_cc13x2.a : PowerCC26X2.oem4f (.text:configureRFCoreClocks)
                  0000aac6    00000004                      : PowerCC26X2.oem4f (.text:nopResourceHandler)
                  0000aaca    00000004     sysbios.aem4f : BIOS.obj (.text:ti_sysbios_family_arm_cc26xx_Timer_setPeriod__E)
                  0000aace    00000004     debug_pem4f.oem4f (.text:ti_sysbios_family_arm_m3_TaskSupport_Module__startupDone__S)
                  0000aad2    00000004     sysbios.aem4f : BIOS.obj (.text:ti_sysbios_gates_GateHwi_query__E)
                  0000aad6    00000004                   : BIOS.obj (.text:ti_sysbios_gates_GateMutex_query__E)
                  0000aada    00000004                   : BIOS.obj (.text:ti_sysbios_knl_Clock_removeI__E)
                  0000aade    00000004                   : BIOS.obj (.text:ti_sysbios_knl_Clock_setTimeout__E)
                  0000aae2    00000004                   : BIOS.obj (.text:ti_sysbios_knl_Queue_head__E)
                  0000aae6    00000004                   : BIOS.obj (.text:ti_sysbios_knl_Queue_next__E)
                  0000aaea    00000004                   : BIOS.obj (.text:ti_sysbios_knl_Queue_prev__E)
                  0000aaee    00000004                   : BIOS.obj (.text:ti_sysbios_knl_Swi_postInit__I)
                  0000aaf2    00000004                   : BIOS.obj (.text:ti_sysbios_knl_Task_getArg1__E)
                  0000aaf6    00000004                   : BIOS.obj (.text:ti_sysbios_knl_Task_getEnv__E)
                  0000aafa    00000004                   : BIOS.obj (.text:ti_sysbios_knl_Task_startup__E)
                  0000aafe    00000004     ti.uia.loggers.aem4f : LoggerStopMode.oem4f (.text:ti_uia_loggers_LoggerStopMode_getContents__E)
                  0000ab02    00000004                          : LoggerStopMode.oem4f (.text:ti_uia_loggers_LoggerStopMode_getInstanceId__E)
                  0000ab06    00000004                          : LoggerStopMode.oem4f (.text:ti_uia_loggers_LoggerStopMode_getMaxLength__E)
                  0000ab0a    00000004                          : LoggerStopMode.oem4f (.text:ti_uia_loggers_LoggerStopMode_getPriority__E)
                  0000ab0e    00000004                          : LoggerStopMode.oem4f (.text:ti_uia_loggers_LoggerStopMode_getTransferType__E)
                  0000ab12    00000004     sysbios.aem4f : BIOS.obj (.text:xdc_runtime_Error_getSite__E)
                  0000ab16    00000004                   : BIOS.obj (.text:xdc_runtime_System_aprintf_va__F)
                  0000ab1a    00000004                   : BIOS.obj (.text:xdc_runtime_System_printf_va__F)

.const     0    0000ab20    000028a5     
                  0000ab20    00001e57     debug_pem4f.oem4f (.const:xdc_runtime_Text_charTab__A)
                  0000c977    00000001     display.a : Display.oem4f (.const:Display_defaultParams)
                  0000c978    00000060     debug_pem4f.oem4f (.const:ti_uia_loggers_LoggerStopMode_Module__FXNS__C)
                  0000c9d8    00000054     drivers_cc13x2.a : PowerCC26X2.oem4f (.const:resourceDB)
                  0000ca2c    00000048     debug_pem4f.oem4f (.const:.string)
                  0000ca74    0000003c     debug_pem4f.oem4f (.const:ti_sysbios_knl_Task_Object__PARAMS__C)
                  0000cab0    00000030     debug_pem4f.oem4f (.const:ti_sysbios_family_arm_m3_Hwi_Object__PARAMS__C)
                  0000cae0    0000002c     debug_pem4f.oem4f (.const:xdc_runtime_Startup_sfxnTab__A)
                  0000cb0c    00000028     drivers_cc13x2.a : UARTCC26XX.oem4f (.const:UARTCC26XX_fxnTable)
                  0000cb34    00000028     debug_pem4f.oem4f (.const:ti_sysbios_heaps_HeapMem_Module__FXNS__C)
                  0000cb5c    00000028     debug_pem4f.oem4f (.const:ti_sysbios_heaps_HeapTrack_Module__FXNS__C)
                  0000cb84    00000028     debug_pem4f.oem4f (.const:ti_sysbios_knl_Swi_Object__PARAMS__C)
                  0000cbac    00000028     debug_pem4f.oem4f (.const:ti_uia_loggers_LoggerStopMode_Object__PARAMS__C)
                  0000cbd4    00000028     ti_drivers_config.obj (.const:uartCC26XXHWAttrs)
                  0000cbfc    00000024     drivers_cc13x2.a : UART.oem4f (.const:UART_defaultParams)
                  0000cc20    00000024     debug_pem4f.oem4f (.const:ti_sysbios_gates_GateHwi_Module__FXNS__C)
                  0000cc44    00000024     debug_pem4f.oem4f (.const:ti_sysbios_gates_GateMutex_Module__FXNS__C)
                  0000cc68    00000024     debug_pem4f.oem4f (.const:ti_sysbios_heaps_HeapMem_Object__PARAMS__C)
                  0000cc8c    00000024     debug_pem4f.oem4f (.const:ti_sysbios_knl_Clock_Object__PARAMS__C)
                  0000ccb0    00000024     debug_pem4f.oem4f (.const:ti_sysbios_knl_Semaphore_Object__PARAMS__C)
                  0000ccd4    00000020     display.a : DisplayUart.oem4f (.const:DisplayUartMin_fxnTable)
                  0000ccf4    00000020     debug_pem4f.oem4f (.const:ti_sysbios_family_arm_m3_Hwi_Object__DESC__C)
                  0000cd14    00000020     debug_pem4f.oem4f (.const:ti_sysbios_gates_GateHwi_Object__DESC__C)
                  0000cd34    00000020     debug_pem4f.oem4f (.const:ti_sysbios_gates_GateMutex_Object__DESC__C)
                  0000cd54    00000020     debug_pem4f.oem4f (.const:ti_sysbios_heaps_HeapMem_Object__DESC__C)
                  0000cd74    00000020     debug_pem4f.oem4f (.const:ti_sysbios_heaps_HeapTrack_Object__DESC__C)
                  0000cd94    00000020     debug_pem4f.oem4f (.const:ti_sysbios_knl_Clock_Object__DESC__C)
                  0000cdb4    00000020     debug_pem4f.oem4f (.const:ti_sysbios_knl_Queue_Object__DESC__C)
                  0000cdd4    00000020     debug_pem4f.oem4f (.const:ti_sysbios_knl_Semaphore_Object__DESC__C)
                  0000cdf4    00000020     debug_pem4f.oem4f (.const:ti_sysbios_knl_Swi_Object__DESC__C)
                  0000ce14    00000020     debug_pem4f.oem4f (.const:ti_sysbios_knl_Task_Object__DESC__C)
[...]
0000d1c8  ti_sysbios_knl_Mailbox_Object__count__C                                
0000d1cc  ti_sysbios_knl_Mailbox_maxTypeAlign__C                                 
0000d1d0  ti_sysbios_knl_Semaphore_A_badContext__C                               
0000d1d4  ti_sysbios_knl_Semaphore_A_noEvents__C                                 
0000d1d8  ti_sysbios_knl_Semaphore_A_overflow__C                                 
0000d1dc  ti_sysbios_knl_Semaphore_A_pendTaskDisabled__C                         
0000d1e0  ti_sysbios_knl_Semaphore_Instance_State_pendQ__O                       
0000d1e4  ti_sysbios_knl_Semaphore_LM_pend__C                                    
0000d1e8  ti_sysbios_knl_Semaphore_LM_post__C                                    
0000d1ec  ti_sysbios_knl_Semaphore_Module__diagsEnabled__C                       
0000d1f0  ti_sysbios_knl_Semaphore_Module__diagsIncluded__C                      
0000d1f4  ti_sysbios_knl_Semaphore_Module__diagsMask__C                          
0000d1f8  ti_sysbios_knl_Semaphore_Module__loggerFxn2__C                         
0000d1fc  ti_sysbios_knl_Semaphore_Module__loggerFxn4__C                         
0000d200  ti_sysbios_knl_Semaphore_Module__loggerObj__C                          
0000d204  ti_sysbios_knl_Swi_A_badPriority__C                                    
0000d208  ti_sysbios_knl_Swi_LD_end__C                                           
0000d20c  ti_sysbios_knl_Swi_LM_begin__C                                         
0000d210  ti_sysbios_knl_Swi_LM_post__C                                          
0000d214  ti_sysbios_knl_Swi_Module__diagsEnabled__C                             
0000d218  ti_sysbios_knl_Swi_Module__diagsIncluded__C                            
0000d21c  ti_sysbios_knl_Swi_Module__diagsMask__C                                
0000d220  ti_sysbios_knl_Swi_Module__loggerFxn1__C                               
0000d224  ti_sysbios_knl_Swi_Module__loggerFxn4__C                               
0000d228  ti_sysbios_knl_Swi_Module__loggerObj__C                                
0000d22c  ti_sysbios_knl_Swi_Object__count__C                                    
0000d230  ti_sysbios_knl_Swi_Object__table__C                                    
0000d234  ti_sysbios_knl_Swi_numPriorities__C                                    
0000d238  ti_sysbios_knl_Task_A_badPriority__C                                   
0000d23c  ti_sysbios_knl_Task_A_badTaskState__C                                  
0000d240  ti_sysbios_knl_Task_A_badThreadType__C                                 
0000d244  ti_sysbios_knl_Task_A_badTimeout__C                                    
0000d248  ti_sysbios_knl_Task_A_noPendElem__C                                    
0000d24c  ti_sysbios_knl_Task_A_sleepTaskDisabled__C                             
0000d250  ti_sysbios_knl_Task_E_spOutOfBounds__C                                 
0000d254  ti_sysbios_knl_Task_E_stackOverflow__C                                 
0000d258  ti_sysbios_knl_Task_LD_block__C                                        
0000d25c  ti_sysbios_knl_Task_LD_exit__C                                         
0000d260  ti_sysbios_knl_Task_LD_ready__C                                        
0000d264  ti_sysbios_knl_Task_LM_setPri__C                                       
0000d268  ti_sysbios_knl_Task_LM_sleep__C                                        
0000d26c  ti_sysbios_knl_Task_LM_switch__C                                       
0000d270  ti_sysbios_knl_Task_Module_State_inactiveQ__O                          
0000d274  ti_sysbios_knl_Task_Module__diagsEnabled__C                            
0000d278  ti_sysbios_knl_Task_Module__diagsIncluded__C                           
0000d27c  ti_sysbios_knl_Task_Module__diagsMask__C                               
0000d280  ti_sysbios_knl_Task_Module__loggerFxn2__C                              
0000d284  ti_sysbios_knl_Task_Module__loggerFxn4__C                              
0000d288  ti_sysbios_knl_Task_Module__loggerObj__C                               
0000d28c  ti_sysbios_knl_Task_Object__count__C                                   
0000d290  ti_sysbios_knl_Task_Object__heap__C                                    
0000d294  ti_sysbios_knl_Task_Object__table__C                                   
0000d298  ti_sysbios_knl_Task_allBlockedFunc__C                                  
0000d29c  ti_sysbios_knl_Task_defaultStackHeap__C                                
0000d2a0  ti_sysbios_knl_Task_defaultStackSize__C                                
0000d2a4  ti_sysbios_knl_Task_numConstructedTasks__C                             
0000d2a8  ti_sysbios_rts_ti_ReentSupport_A_badThreadType__C                      
0000d2ac  ti_sysbios_rts_ti_ReentSupport_Module__diagsEnabled__C                 
0000d2b0  ti_sysbios_rts_ti_ReentSupport_Module__diagsIncluded__C                
0000d2b4  ti_sysbios_rts_ti_ReentSupport_Module__diagsMask__C                    
0000d2b8  ti_sysbios_utils_Load_LS_cpuLoad__C                                    
0000d2bc  ti_sysbios_utils_Load_Module__diagsEnabled__C                          
0000d2c0  ti_sysbios_utils_Load_Module__diagsIncluded__C                         
0000d2c4  ti_sysbios_utils_Load_Module__diagsMask__C                             
0000d2c8  ti_sysbios_utils_Load_Module__loggerFxn1__C                            
0000d2cc  ti_sysbios_utils_Load_Module__loggerObj__C                             
0000d2d0  ti_sysbios_utils_Load_postUpdate__C                                    
0000d2d4  ti_sysbios_utils_Load_windowInMs__C                                    
0000d2d8  ti_uia_loggers_LoggerStopMode_Module__diagsEnabled__C                  
0000d2dc  ti_uia_loggers_LoggerStopMode_Module__diagsIncluded__C                 
0000d2e0  ti_uia_loggers_LoggerStopMode_Module__diagsMask__C                     
0000d2e4  ti_uia_loggers_LoggerStopMode_Object__count__C                         
0000d2e8  ti_uia_loggers_LoggerStopMode_Object__table__C                         
0000d2ec  ti_uia_runtime_ILoggerSnapshot_Interface__BASE__C                      
0000d2f0  ti_uia_runtime_IUIATransfer_Interface__BASE__C                         
0000d2f4  xdc_runtime_Assert_E_assertFailed__C                                   
0000d2f8  xdc_runtime_Core_A_initializedParams__C                                
0000d2fc  xdc_runtime_Core_Module__diagsEnabled__C                               
0000d300  xdc_runtime_Core_Module__diagsIncluded__C                              
0000d304  xdc_runtime_Core_Module__diagsMask__C                                  
0000d308  xdc_runtime_Error_E_memory__C                                          
0000d30c  xdc_runtime_Error_Module__diagsEnabled__C                              
0000d310  xdc_runtime_Error_Module__diagsIncluded__C                             
0000d314  xdc_runtime_Error_Module__diagsMask__C                                 
0000d318  xdc_runtime_Error_Module__loggerFxn8__C                                
0000d31c  xdc_runtime_Error_Module__loggerObj__C                                 
0000d320  xdc_runtime_Error_policyFxn__C                                         
0000d324  xdc_runtime_Error_raiseHook__C                                         
0000d328  xdc_runtime_IFilterLogger_Interface__BASE__C                           
0000d32c  xdc_runtime_IGateProvider_Interface__BASE__C                           
0000d330  xdc_runtime_IHeap_Interface__BASE__C                                   
0000d334  xdc_runtime_ILogger_Interface__BASE__C                                 
0000d338  xdc_runtime_IModule_Interface__BASE__C                                 
0000d33c  xdc_runtime_Log_L_error__C                                             
0000d340  xdc_runtime_Memory_defaultHeapInstance__C                              
0000d344  xdc_runtime_Startup_execImpl__C                                        
0000d348  xdc_runtime_Startup_maxPasses__C                                       
0000d34c  xdc_runtime_Startup_sfxnRts__C                                         
0000d350  xdc_runtime_Startup_sfxnTab__C                                         
0000d354  xdc_runtime_Startup_startModsFxn__C                                    
0000d358  xdc_runtime_SysMin_bufSize__C                                          
0000d35c  xdc_runtime_SysMin_outputFunc__C                                       
0000d360  xdc_runtime_System_A_cannotFitIntoArg__C                               
0000d364  xdc_runtime_System_Module__gateObj__C                                  
0000d368  xdc_runtime_System_abortFxn__C                                         
0000d36c  xdc_runtime_System_exitFxn__C                                          
0000d370  xdc_runtime_System_extendFxn__C                                        
0000d374  xdc_runtime_System_maxAtexitHandlers__C                                
0000d378  xdc_runtime_Text_charTab__C                                            
0000d37c  xdc_runtime_Text_nameUnknown__C                                        
0000d380  xdc_runtime_Text_nodeTab__C                                            
0000d384  xdc_runtime_Text_visitRopeFxn__C                                       
0000d388  ti_sysbios_family_arm_cc26xx_TimestampProvider_useClockTimer__C        
0000d38a  ti_sysbios_family_arm_m3_Hwi_Module__id__C                             
0000d38c  ti_sysbios_family_arm_m3_Hwi_Module__loggerDefined__C                  
0000d38e  ti_sysbios_gates_GateMutex_Module__id__C                               
0000d390  ti_sysbios_hal_Hwi_Module__id__C                                       
0000d392  ti_sysbios_heaps_HeapMem_Module__id__C                                 
0000d394  ti_sysbios_heaps_HeapTrack_Module__id__C                               
0000d396  ti_sysbios_knl_Clock_Module__id__C                                     
0000d398  ti_sysbios_knl_Clock_Module__loggerDefined__C                          
0000d39a  ti_sysbios_knl_Semaphore_Module__id__C                                 
0000d39c  ti_sysbios_knl_Semaphore_Module__loggerDefined__C                      
0000d39e  ti_sysbios_knl_Swi_Module__id__C                                       
0000d3a0  ti_sysbios_knl_Swi_Module__loggerDefined__C                            
0000d3a2  ti_sysbios_knl_Task_Module__id__C                                      
0000d3a4  ti_sysbios_knl_Task_Module__loggerDefined__C                           
0000d3a6  ti_sysbios_rts_ti_ReentSupport_Module__id__C                           
0000d3a8  ti_sysbios_utils_Load_Module__id__C                                    
0000d3aa  ti_sysbios_utils_Load_Module__loggerDefined__C                         
0000d3ac  ti_sysbios_utils_Load_updateInIdle__C                                  
0000d3ae  ti_uia_loggers_LoggerStopMode_Module__id__C                            
0000d3b0  ti_uia_loggers_LoggerStopMode_isTimestampEnabled__C                    
0000d3b2  xdc_runtime_Core_Module__id__C                                         
0000d3b4  xdc_runtime_Error_Module__loggerDefined__C                             
0000d3b6  xdc_runtime_Error_maxDepth__C                                          
0000d3b8  xdc_runtime_Main_Module__id__C                                         
0000d3ba  xdc_runtime_Memory_Module__id__C                                       
0000d3bc  xdc_runtime_SysMin_flushAtExit__C                                      
0000d3be  xdc_runtime_Text_isLoaded__C                                           
0000d3c0  xdc_runtime_Text_registryModsLastId__C                                 
0000d3c2  xdc_runtime_Text_unnamedModsLastId__C                                  
0000d3c4  xdc_runtime_Error_policy__C                                            
0000d5c8  __TI_Handler_Table_Base                                                
0000d5d4  __TI_Handler_Table_Limit                                               
0000d5e0  __TI_CINIT_Base                                                        
0000d5f0  __TI_CINIT_Limit                                                       
00057fa8  __ccfg                                                                 
20000000  __start___llvm_prf_cnts                                                
20000000  __stop___llvm_prf_cnts                                                 
20000000  ti_sysbios_family_arm_m3_Hwi_ramVectors                                
200000d8  __primary_heap_start__                                                 
200040d8  __primary_heap_end__                                                   
20004500  ti_uia_loggers_LoggerStopMode_Instance_State_2_packetArray__A          
20004900  xdc_runtime_SysMin_Module_State_0_outbuf__A                            
20004d00  ti_sysbios_knl_Task_Instance_State_0_stack__A                          
20004f00  ti_uia_loggers_LoggerStopMode_Instance_State_1_packetArray__A          
20005100  uartCC26XXObjects                                                      
200052b4  __CIOBUF_                                                              
20005400  ti_uia_loggers_LoggerStopMode_Instance_State_0_packetArray__A          
20005500  ti_sysbios_family_arm_m3_Hwi_dispatchTable                             
200055d8  pinHandleTable                                                         
20005768  adcCC26xxObjects                                                       
20005780  ti_uia_loggers_LoggerStopMode_Instance_State_0_hdr__A                  
200057cc  displayUartObject                                                      
200057e0  parmbuf                                                                
200057e8  PowerCC26XX_swiKey                                                     
200057ec  PowerCC26XX_taskKey                                                    
200057f0  ti_sysbios_knl_Task_Instance_State_0_hookEnv__A                        
200057f4  driverlib_release_0_58048                                              
20005800  ti_uia_loggers_LoggerStopMode_Instance_State_1_hdr__A                  
20005880  ti_uia_loggers_LoggerStopMode_Instance_State_2_hdr__A                  
200058b0  PowerCC26X2_module                                                     
20005a20  ti_uia_loggers_LoggerStopMode_Object__table__V                         
20005abc  ti_sysbios_utils_Load_Module__state__V                                 
20005bdc  ti_sysbios_gates_GateMutex_Object__table__V                            
20005c30  ti_sysbios_knl_Task_Object__table__V                                   
20005c80  ti_sysbios_family_arm_cc26xx_Timer_Object__table__V                    
20005cc8  ti_sysbios_knl_Task_Module__state__V                                   
20005d0c  ti_sysbios_family_arm_m3_Hwi_Module__state__V                          
20005d40  ti_sysbios_knl_Swi_Module_State_0_readyQ__A                            
20005d70  ti_sysbios_knl_Swi_Object__table__V                                    
20005da0  ti_sysbios_knl_Task_Module_State_0_readyQ__A                           
20005dd0  ti_sysbios_knl_Clock_Module__state__V                                  
20005dfc  _hposcCoeffs                                                           
20005e20  ti_sysbios_BIOS_Module__state__V                                       
20005e44  ti_sysbios_heaps_HeapTrack_Object__table__V                            
20005e64  ti_sysbios_knl_Clock_Object__table__V                                  
20005e84  xdc_runtime_Error_IgnoreBlock                                          
20005ea4  ti_sysbios_knl_Swi_Module__state__V                                    
20005ec0  ti_sysbios_family_arm_m3_Hwi_Object__table__V                          
20005ed8  ti_sysbios_heaps_HeapMem_Object__table__V                              
20005ef0  gpioCallbackFunctions                                                  
20005efc  gpioPinConfigs                                                         
20005f08  ti_sysbios_knl_Task_Module__root__V                                    
20005f14  ti_uia_runtime_QueueDescriptor_Module__state__V                        
20005f20  xdc_runtime_SysMin_Module__state__V                                    
20005f2c  _lock                                                                  
20005f30  _unlock                                                                
20005f34  pinUpperBound                                                          
20005f38  pinLowerBound                                                          
20005f3c  ti_uia_runtime_QueueDescriptor_gPtrToFirstDescriptor                   
20005f40  ti_uia_runtime_QueueDescriptor_gUpdateCount                            
20005f44  ti_sysbios_family_arm_cc26xx_Timer_Module__state__V                    
20005f4c  ti_sysbios_family_arm_m3_Hwi_Module__root__V                           
20005f54  ti_sysbios_gates_GateHwi_Module__root__V                               
20005f5c  ti_sysbios_gates_GateMutex_Module__root__V                             
20005f64  ti_sysbios_heaps_HeapMem_Module__root__V                               
20005f6c  ti_sysbios_heaps_HeapTrack_Module__root__V                             
20005f74  ti_sysbios_knl_Clock_Module__root__V                                   
20005f7c  ti_sysbios_knl_Queue_Module__root__V                                   
20005f84  ti_sysbios_knl_Semaphore_Module__root__V                               
20005f8c  ti_sysbios_knl_Swi_Module__root__V                                     
20005f94  ti_uia_loggers_LoggerStopMode_Module__root__V                          
20005f9c  xdc_runtime_Registry_Module__state__V                                  
20005fa4  xdc_runtime_Startup_Module__state__V                                   
20005fac  xdc_runtime_System_Module_State_0_atexitHandlers__A                    
20005fb4  xdc_runtime_System_Module__state__V                                    
20005fc4  main_func_sp                                                           
20005fc8  ti_sysbios_family_arm_cc26xx_TimestampProvider_Module__state__V        
20005fcc  ti_sysbios_family_arm_m3_Hwi_Module_State_0_excContext__A              
20005fd0  ti_sysbios_family_arm_m3_Hwi_Module_State_0_excStack__A                
20005fd4  ti_sysbios_gates_GateHwi_Object__table__V                              
20005fd8  ti_sysbios_knl_Task_Module_State_0_idleTask__A                         
20005fdc  ti_sysbios_rts_ti_ReentSupport_Module__state__V                        
20005fe0  ti_sysbios_utils_Load_Module_State_0_runningTask__A                    
20005fe4  ti_sysbios_utils_Load_Module_State_0_taskStartTime__A                  
20005fe8  xdc_runtime_Memory_Module__state__V                                    
20005fec  ti_sysbios_family_arm_m3_Hwi_Module_State_0_excActive__A               
20005fee  xdc_runtime_Error_Module__state__V                                     
20013c00  __stack                                                                
20014000  __STACK_END                                                            
e000e000  ti_sysbios_family_arm_m3_Hwi_nvic                                      
ffffffff  __TI_pprof_out_hndl                                                    
ffffffff  __TI_prof_data_size                                                    
ffffffff  __TI_prof_data_start                                                   
ffffffff  __binit__                                                              
ffffffff  __c_args__                                                             
ffffffff  binit                                                                  
UNDEFED   ITM_flush                                                              
UNDEFED   ITM_restore                                                            
UNDEFED   SHT$$INIT_ARRAY$$Base                                                  
UNDEFED   SHT$$INIT_ARRAY$$Limit                                                 

[961 symbols]
