******************************************************************************
                  TI ARM Linker Unix v20.2.7                   
******************************************************************************
>> Linked Mon Aug  7 23:49:52 2023

OUTPUT FILE NAME:   <pwmled1_MSP_EXP432E401Y_nortos_ccs.out>
ENTRY POINT SYMBOL: "resetISR"  address: 00001b05


MEMORY CONFIGURATION

         name            origin    length      used     unused   attr    fill
----------------------  --------  ---------  --------  --------  ----  --------
  FLASH                 00000000   00100000  00002176  000fde8a  R  X
  SRAM                  20000000   00040000  000091d1  00036e2f  RW X


SEGMENT ALLOCATION MAP

run origin  load origin   length   init length attrs members
----------  ----------- ---------- ----------- ----- -------
00000000    00000000    00002178   00002178    r-x
  00000000    00000000    00000200   00000200    r-- .intvecs
  00000200    00000200    00001b1c   00001b1c    r-x .text
  00001d1c    00001d1c    0000034a   0000034a    r-- .const
  00002068    00002068    00000110   00000110    r-- .cinit
20000000    20000000    000081d8   00000000    rw-
  20000000    20000000    00008000   00000000    rw- .sysmem
  20008000    20008000    000001b1   00000000    rw- .data
  200081b8    200081b8    00000020   00000000    rw- .bss
2003f000    2003f000    00001000   00000000    rw-
  2003f000    2003f000    00001000   00000000    rw- .stack


SECTION ALLOCATION MAP

 output                                  attributes/
section   page    origin      length       input sections
--------  ----  ----------  ----------   ----------------
.intvecs   0    00000000    00000200     
                  00000000    00000200     nortos_msp432e4.aem4f : startup_msp432e4_ccs.oem4f (.intvecs:retain)

.text      0    00000200    00001b1c     
                  00000200    000002e0     msp432e4_driverlib.a : sysctl.o (.text:SysCtlClockFreqSet)
                  000004e0    0000023a                          : gpio.o (.text:GPIOPadConfigSet)
                  0000071a    00000002     ti_drivers_config.obj (.text:Board_initHook)
                  0000071c    00000160     drivers_msp432e4.aem4f : PWMMSP432E4.oem4f (.text:PWMMSP432E4_setDutyAndPeriod)
                  0000087c    00000150                            : PWMMSP432E4.oem4f (.text:initHw)
                  000009cc    000000a0                            : PWMMSP432E4.oem4f (.text:PWMMSP432E4_setDuty)
                  00000a6c    000000a0     nortos_msp432e4.aem4f : SemaphoreP_nortos.oem4f (.text:SemaphoreP_pend)
                  00000b0c    0000009c     rtsv7M4_T_le_v4SPD16_eabi.lib : memcpy_t2.asm.obj (.text)
                  00000ba8    0000009a     drivers_msp432e4.aem4f : PWMMSP432E4.oem4f (.text:PWMMSP432E4_setPeriod)
                  00000c42    00000098     pwmled1.obj (.text:mainThread)
                  00000cda    00000096     rtsv7M4_T_le_v4SPD16_eabi.lib : ull_div_t2.asm.obj (.text)
                  00000d70    00000094     drivers_msp432e4.aem4f : PWMMSP432E4.oem4f (.text:PWMMSP432E4_open)
                  00000e04    00000092                            : PWMMSP432E4.oem4f (.text:PWMMSP432E4_close)
                  00000e96    00000002                            : PWMMSP432E4.oem4f (.text:PWMMSP432E4_init)
                  00000e98    00000090     msp432e4_driverlib.a : sysctl.o (.text:_SysCtlFrequencyGet)
                  00000f28    0000006c     drivers_msp432e4.aem4f : PowerMSP432E4.oem4f (.text:Power_releaseDependency)
                  00000f94    00000068                            : PowerMSP432E4.oem4f (.text:Power_setDependency)
                  00000ffc    00000068     rtsv7M4_T_le_v4SPD16_eabi.lib : copy_decompress_lzss.c.obj (.text:decompress:lzss:__TI_decompress_lzss)
                  00001064    00000064     drivers_msp432e4.aem4f : PowerMSP432E4.oem4f (.text:Power_init)
                  000010c8    00000060     nortos_msp432e4.aem4f : ClockPSysTick_nortos.oem4f (.text:getTimeUsec)
                  00001128    0000005c     msp432e4_driverlib.a : gpio.o (.text:GPIODirModeSet)
                  00001184    00000058     nortos_msp432e4.aem4f : ClockPSysTick_nortos.oem4f (.text:sysTickInit)
                  000011dc    00000056     drivers_msp432e4.aem4f : PWMMSP432E4.oem4f (.text:PWMMSP432E4_stop)
                  00001232    00000002     nortos_msp432e4.aem4f : SemaphoreP_nortos.oem4f (.text:SemaphoreP_destruct)
                  00001234    00000050                           : ClockPSysTick_nortos.oem4f (.text:ClockP_sysTickHandler)
                  00001284    00000050                           : SemaphoreP_nortos.oem4f (.text:SemaphoreP_construct)
                  000012d4    0000004c     drivers_msp432e4.aem4f : PWMMSP432E4.oem4f (.text:getDutyTicks)
                  00001320    0000004c                            : PWMMSP432E4.oem4f (.text:getPeriodTicks)
                  0000136c    0000004a     msp432e4_driverlib.a : pwm.o (.text:PWMGenConfigure)
                  000013b6    0000004a                          : pwm.o (.text:PWMPulseWidthSet)
                  00001400    00000048     nortos_msp432e4.aem4f : ClockPSysTick_nortos.oem4f (.text:ClockP_usleep)
                  00001448    00000044                           : ClockPSysTick_nortos.oem4f (.text:ClockP_stop)
                  0000148c    00000044     msp432e4_driverlib.a : gpio.o (.text:GPIOPinConfigure)
                  000014d0    00000044     drivers_msp432e4.aem4f : PWM.oem4f (.text:PWM_init)
                  00001514    00000044     msp432e4_driverlib.a : sysctl.o (.text:SysCtlPeripheralPresent)
                  00001558    00000044                          : sysctl.o (.text:SysCtlPeripheralReady)
                  0000159c    00000044                          : sysctl.o (.text:_SysCtlMemTimingGet)
                  000015e0    00000044     rtsv7M4_T_le_v4SPD16_eabi.lib : autoinit.c.obj (.text:__TI_auto_init_nobinit_nopinit:__TI_auto_init_nobinit_nopinit)
                  00001624    00000042     drivers_msp432e4.aem4f : PWMMSP432E4.oem4f (.text:PWMMSP432E4_start)
                  00001666    00000002     nortos_msp432e4.aem4f : startup_msp432e4_ccs.oem4f (.text:busFaultHandler)
                  00001668    00000040     drivers_msp432e4.aem4f : PWM.oem4f (.text:PWM_open)
                  000016a8    00000040     msp432e4_driverlib.a : sysctl.o (.text:SysCtlPeripheralDisable)
                  000016e8    00000040                          : sysctl.o (.text:SysCtlPeripheralEnable)
                  00001728    00000040                          : sysctl.o (.text:SysCtlPeripheralPowerOff)
                  00001768    00000040                          : sysctl.o (.text:SysCtlPeripheralPowerOn)
                  000017a8    00000040                          : sysctl.o (.text:SysCtlPeripheralSleepDisable)
                  000017e8    00000040                          : sysctl.o (.text:SysCtlPeripheralSleepEnable)
                  00001828    0000003c     nortos_msp432e4.aem4f : ClockPSysTick_nortos.oem4f (.text:ClockP_destruct)
                  00001864    00000038                           : ClockPSysTick_nortos.oem4f (.text:addToList)
                  0000189c    00000034                           : ClockPSysTick_nortos.oem4f (.text:ClockP_startup)
                  000018d0    00000034     rtsv7M4_T_le_v4SPD16_eabi.lib : boot_cortex_m.c.obj (.text:_c_int00_noargs:_c_int00_noargs)
                  00001904    00000032     msp432e4_driverlib.a : pwm.o (.text:PWMOutputInvert)
                  00001936    00000032                          : pwm.o (.text:PWMOutputState)
                  00001968    00000030     ti_drivers_config.obj (.text:Board_init)
                  00001998    00000030     nortos_msp432e4.aem4f : ClockPSysTick_nortos.oem4f (.text:ClockP_start)
                  000019c8    00000030     drivers_msp432e4.aem4f : GPIOMSP432E4.oem4f (.text:GPIOMSP432E4_undoPinConfig)
                  000019f8    00000030     msp432e4_driverlib.a : pwm.o (.text:PWMGenPeriodSet)
                  00001a28    0000002c                          : sysctl.o (.text:SysCtlPeripheralClockGating)
                  00001a54    00000024                          : gpio.o (.text:GPIOPinTypeGPIOOutput)
                  00001a78    00000024                          : gpio.o (.text:GPIOPinTypePWM)
                  00001a9c    00000024                          : pwm.o (.text:PWMClockSet)
                  00001ac0    00000024     nortos_msp432e4.aem4f : ClockPSysTick_nortos.oem4f (.text:sleepTicks)
                  00001ae4    00000020     msp432e4_driverlib.a : gpio.o (.text:GPIOPinWrite)
                  00001b04    00000020     nortos_msp432e4.aem4f : startup_msp432e4_ccs.oem4f (.text:resetISR)
                  00001b24    0000001e     drivers_msp432e4.aem4f : PWMMSP432E4.oem4f (.text:checkValidPeriod)
                  00001b42    0000001c     rtsv7M4_T_le_v4SPD16_eabi.lib : copy_zero_init.c.obj (.text:decompress:ZI:__TI_zero_init_nomemset:__TI_zero_init_nomemset)
                  00001b5e    0000001a     msp432e4_driverlib.a : pwm.o (.text:PWMGenDisable)
                  00001b78    0000001a                          : pwm.o (.text:PWMGenEnable)
                  00001b92    00000002     nortos_msp432e4.aem4f : SemaphoreP_nortos.oem4f (.text:clkFxn)
                  00001b94    00000018     msp432e4_driverlib.a : fpu.o (.text:FPUEnable)
                  00001bac    00000018     drivers_msp432e4.aem4f : PowerMSP432E4.oem4f (.text:Power_idleFunc)
                  00001bc4    00000018                            : PWMMSP432E4.oem4f (.text:checkValidDuty)
                  00001bdc    00000018     rtsv7M4_T_le_v4SPD16_eabi.lib : ll_mul_t2.asm.obj (.text)
                  00001bf4    00000014     drivers_msp432e4.aem4f : GPIOMSP432E4.oem4f (.text:GPIOMSP432E4_getGpioBaseAddr)
                  00001c08    00000014                            : GPIOMSP432E4.oem4f (.text:GPIOMSP432E4_getPowerResourceId)
                  00001c1c    00000014                            : PWM.oem4f (.text:PWM_Params_init)
                  00001c30    00000012     main_nortos.obj (.text:main)
                  00001c42    00000010     nortos_msp432e4.aem4f : ClockPSysTick_nortos.oem4f (.text:ClockP_add)
                  00001c52    00000002                           : startup_msp432e4_ccs.oem4f (.text:defaultHandler)
                  00001c54    00000010                           : ClockPSysTick_nortos.oem4f (.text:ClockP_getCpuFreq)
                  00001c64    00000010     msp432e4_driverlib.a : interrupt.o (.text:IntMasterDisable)
                  00001c74    00000010                          : interrupt.o (.text:IntMasterEnable)
                  00001c84    00000010     nortos_msp432e4.aem4f : PowerMSP432E4_nortos.oem4f (.text:PowerMSP432E4_sleepPolicy)
                  00001c94    00000010     drivers_msp432e4.aem4f : PowerMSP432E4.oem4f (.text:Power_enablePolicy)
                  00001ca4    00000010     nortos_msp432e4.aem4f : SemaphoreP_nortos.oem4f (.text:SemaphoreP_Params_init)
                  00001cb4    0000000e     rtsv7M4_T_le_v4SPD16_eabi.lib : copy_decompress_none.c.obj (.text:decompress:none:__TI_decompress_none)
                  00001cc2    0000000c     msp432e4_driverlib.a : cpu.o (.text:CPUcpsid)
                  00001cce    0000000c                          : cpu.o (.text:CPUcpsie)
                  00001cda    0000000a     nortos_msp432e4.aem4f : ClockPSysTick_nortos.oem4f (.text:ClockP_isActive)
                  00001ce4    0000000a     drivers_msp432e4.aem4f : PWM.oem4f (.text:PWM_setDuty)
                  00001cee    0000000a                            : PWM.oem4f (.text:PWM_start)
                  00001cf8    00000008     nortos_msp432e4.aem4f : HwiPMSP432E4_nortos.oem4f (.text:HwiP_restore)
                  00001d00    00000006     drivers_msp432e4.aem4f : PWMMSP432E4.oem4f (.text:PWMMSP432E4_control)
                  00001d06    00000004     nortos_msp432e4.aem4f : HwiPMSP432E4_nortos.oem4f (.text:HwiP_disable)
                  00001d0a    00000004                           : HwiPMSP432E4_nortos.oem4f (.text:HwiP_enable)
                  00001d0e    00000004     rtsv7M4_T_le_v4SPD16_eabi.lib : pre_init.c.obj (.text:_system_pre_init)
                  00001d12    00000004                                   : exit.c.obj (.text:abort:abort)
                  00001d16    00000002     nortos_msp432e4.aem4f : startup_msp432e4_ccs.oem4f (.text:faultISR)
                  00001d18    00000002                           : startup_msp432e4_ccs.oem4f (.text:nmiISR)
                  00001d1a    00000002     rtsv7M4_T_le_v4SPD16_eabi.lib : div0.asm.obj (.text)

.const     0    00001d1c    0000034a     
                  00001d1c    000001b0     msp432e4_driverlib.a : sysctl.o (.const:g_pppui32XTALtoVCO)
                  00001ecc    00000048                          : gpio.o (.const:g_pui32GPIOBaseAddrs)
                  00001f14    00000048     drivers_msp432e4.aem4f : GPIOMSP432E4.oem4f (.const:gpioBaseAddresses)
                  00001f5c    00000048                            : GPIOMSP432E4.oem4f (.const:powerMgrIds)
                  00001fa4    00000030     msp432e4_driverlib.a : sysctl.o (.const:g_sXTALtoMEMTIM)
                  00001fd4    00000028                          : sysctl.o (.const:g_pui32Xtals)
                  00001ffc    00000024     drivers_msp432e4.aem4f : PWMMSP432E4.oem4f (.const:PWMMSP432E4_fxnTable)
                  00002020    00000018                            : PWM.oem4f (.const:PWM_defaultParams)
                  00002038    00000010     ti_drivers_config.obj (.const:pwmMSP432E4HWAttrs)
                  00002048    0000000c     ti_drivers_config.obj (.const:PWM_config)
                  00002054    00000008     ti_drivers_config.obj (.const:PowerMSP432E4_config)
                  0000205c    00000008     msp432e4_driverlib.a : sysctl.o (.const:g_pui32VCOFrequencies)
                  00002064    00000002     ti_drivers_config.obj (.const)

.cinit     0    00002068    00000110     
                  00002068    000000ea     (.cinit..data.load) [load image, compression = lzss]
                  00002152    00000002     --HOLE-- [fill = 0]
                  00002154    0000000c     (__TI_handler_table)
                  00002160    00000008     (.cinit..bss.load) [load image, compression = zero_init]
                  00002168    00000010     (__TI_cinit_table)

.init_array 
*          0    00000000    00000000     UNINITIALIZED

.sysmem    0    20000000    00008000     UNINITIALIZED
                  20000000    00000010     rtsv7M4_T_le_v4SPD16_eabi.lib : memory.c.obj (.sysmem)
                  20000010    00007ff0     --HOLE--

.data      0    20008000    000001b1     UNINITIALIZED
                  20008000    0000016c     drivers_msp432e4.aem4f : PowerMSP432E4.oem4f (.data:PowerMSP432E4_module)
                  2000816c    00000034                            : PWMMSP432E4.oem4f (.data:PWMMSP432E4_PWM_STATUS)
                  200081a0    00000008     nortos_msp432e4.aem4f : SemaphoreP_nortos.oem4f (.data:SemaphoreP_defaultParams)
                  200081a8    00000005                           : ClockPSysTick_nortos.oem4f (.data)
                  200081ad    00000003                           : SemaphoreP_nortos.oem4f (.data)
                  200081b0    00000001     drivers_msp432e4.aem4f : PWM.oem4f (.data)

.bss       0    200081b8    00000020     UNINITIALIZED
                  200081b8    00000010     (.common:ClockP_ctrl)
                  200081c8    0000000c     (.common:pwmMSP432E4Objects)
                  200081d4    00000004     nortos_msp432e4.aem4f : ClockPSysTick_nortos.oem4f (.bss)

.stack     0    2003f000    00001000     UNINITIALIZED
                  2003f000    00000004     rtsv7M4_T_le_v4SPD16_eabi.lib : boot_cortex_m.c.obj (.stack)
                  2003f004    00000ffc     --HOLE--

__llvm_prf_cnts 
*          0    20000000    00000000     UNINITIALIZED

.binit     0    00000000    00000000     

MODULE SUMMARY

       Module                       code   ro data   rw data
       ------                       ----   -------   -------
    ./
       pwmled1.obj                  152    0         0      
       main_nortos.obj              18     0         0      
    +--+----------------------------+------+---------+---------+
       Total:                       170    0         0      
                                                            
    ./syscfg/
       ti_drivers_config.obj        50     38        12     
    +--+----------------------------+------+---------+---------+
       Total:                       50     38        12     
                                                            
    /home/oem/ti/ccs1240/ccs/tools/compiler/ti-cgt-arm_20.2.7.LTS/lib/rtsv7M4_T_le_v4SPD16_eabi.lib
       memcpy_t2.asm.obj            156    0         0      
       ull_div_t2.asm.obj           150    0         0      
       copy_decompress_lzss.c.obj   104    0         0      
       autoinit.c.obj               68     0         0      
       boot_cortex_m.c.obj          52     0         0      
       copy_zero_init.c.obj         28     0         0      
       ll_mul_t2.asm.obj            24     0         0      
       copy_decompress_none.c.obj   14     0         0      
       exit.c.obj                   4      0         0      
       pre_init.c.obj               4      0         0      
       div0.asm.obj                 2      0         0      
    +--+----------------------------+------+---------+---------+
       Total:                       606    0         0      
                                                            
    /home/oem/ti/simplelink_msp432e4_sdk_4_10_00_13/kernel/nortos/lib/nortos_msp432e4.aem4f
       ClockPSysTick_nortos.oem4f   698    0         25     
       startup_msp432e4_ccs.oem4f   40     512       0      
       SemaphoreP_nortos.oem4f      260    0         11     
       HwiPMSP432E4_nortos.oem4f    16     0         0      
       PowerMSP432E4_nortos.oem4f   16     0         0      
    +--+----------------------------+------+---------+---------+
       Total:                       1030   512       36     
                                                            
    /home/oem/ti/simplelink_msp432e4_sdk_4_10_00_13/source/ti/devices/msp432e4/driverlib/lib/ccs/m4f/msp432e4_driverlib.a
       sysctl.o                     1512   528       0      
       gpio.o                       834    72        0      
       pwm.o                        384    0         0      
       interrupt.o                  32     0         0      
       cpu.o                        24     0         0      
       fpu.o                        24     0         0      
    +--+----------------------------+------+---------+---------+
       Total:                       2810   600       0      
                                                            
    /home/oem/ti/simplelink_msp432e4_sdk_4_10_00_13/source/ti/drivers/lib/drivers_msp432e4.aem4f
       PWMMSP432E4.oem4f            1662   36        52     
       PowerMSP432E4.oem4f          352    0         364    
       GPIOMSP432E4.oem4f           88     144       0      
       PWM.oem4f                    172    24        1      
    +--+----------------------------+------+---------+---------+
       Total:                       2274   204       417    
                                                            
       Heap:                        0      0         32768  
       Stack:                       0      0         4096   
       Linker Generated:            0      270       0      
    +--+----------------------------+------+---------+---------+
       Grand Total:                 6940   1624      37329  


LINKER GENERATED COPY TABLES

__TI_cinit_table @ 00002168 records: 2, size/record: 8, table size: 16
	.data: load addr=00002068, load size=000000ea bytes, run addr=20008000, run size=000001b1 bytes, compression=lzss
	.bss: load addr=00002160, load size=00000008 bytes, run addr=200081b8, run size=00000020 bytes, compression=zero_init


LINKER GENERATED HANDLER TABLE

__TI_handler_table @ 00002154 records: 3, size/record: 4, table size: 12
	index: 0, handler: __TI_decompress_lzss
	index: 1, handler: __TI_decompress_none
	index: 2, handler: __TI_zero_init


GLOBAL SYMBOLS: SORTED ALPHABETICALLY BY Name 

address   name                           
-------   ----                           
00001969  Board_init                     
0000071b  Board_initHook                 
00001d13  C$$EXIT                        
00002064  CONFIG_PWM_0_CONST             
00001cc3  CPUcpsid                       
00001ccf  CPUcpsie                       
00001c43  ClockP_add                     
200081b8  ClockP_ctrl                    
00001829  ClockP_destruct                
00001235  ClockP_doTick                  
00001c55  ClockP_getCpuFreq              
00001cdb  ClockP_isActive                
00001999  ClockP_start                   
0000189d  ClockP_startup                 
00001449  ClockP_stop                    
00001235  ClockP_sysTickHandler          
200081a8  ClockP_tickPeriod              
00001401  ClockP_usleep                  
00001b95  FPUEnable                      
00001129  GPIODirModeSet                 
00001bf5  GPIOMSP432E4_getGpioBaseAddr   
00001c09  GPIOMSP432E4_getPowerResourceId
000019c9  GPIOMSP432E4_undoPinConfig     
000004e1  GPIOPadConfigSet               
0000148d  GPIOPinConfigure               
00001a55  GPIOPinTypeGPIOOutput          
00001a79  GPIOPinTypePWM                 
00001ae5  GPIOPinWrite                   
00001d07  HwiP_disable                   
00001d0b  HwiP_enable                    
00001cf9  HwiP_restore                   
00001c65  IntMasterDisable               
00001c75  IntMasterEnable                
00001d0b  NoRTOS_start                   
00001a9d  PWMClockSet                    
0000136d  PWMGenConfigure                
00001b5f  PWMGenDisable                  
00001b79  PWMGenEnable                   
000019f9  PWMGenPeriodSet                
00000e05  PWMMSP432E4_close              
00001d01  PWMMSP432E4_control            
00001ffc  PWMMSP432E4_fxnTable           
00000e97  PWMMSP432E4_init               
00000d71  PWMMSP432E4_open               
000009cd  PWMMSP432E4_setDuty            
0000071d  PWMMSP432E4_setDutyAndPeriod   
00000ba9  PWMMSP432E4_setPeriod          
00001625  PWMMSP432E4_start              
000011dd  PWMMSP432E4_stop               
00001905  PWMOutputInvert                
00001937  PWMOutputState                 
000013b7  PWMPulseWidthSet               
00001c1d  PWM_Params_init                
00002048  PWM_config                     
00002065  PWM_count                      
00002020  PWM_defaultParams              
000014d1  PWM_init                       
00001669  PWM_open                       
00001ce5  PWM_setDuty                    
00001cef  PWM_start                      
00002054  PowerMSP432E4_config           
20008000  PowerMSP432E4_module           
00001c85  PowerMSP432E4_sleepPolicy      
00001c95  Power_enablePolicy             
00001bad  Power_idleFunc                 
00001065  Power_init                     
00000f29  Power_releaseDependency        
00000f95  Power_setDependency            
00001ca5  SemaphoreP_Params_init         
00001285  SemaphoreP_construct           
200081a0  SemaphoreP_defaultParams       
00001233  SemaphoreP_destruct            
00000a6d  SemaphoreP_pend                
00000201  SysCtlClockFreqSet             
00001a29  SysCtlPeripheralClockGating    
000016a9  SysCtlPeripheralDisable        
000016e9  SysCtlPeripheralEnable         
00001729  SysCtlPeripheralPowerOff       
00001769  SysCtlPeripheralPowerOn        
00001515  SysCtlPeripheralPresent        
00001559  SysCtlPeripheralReady          
000017a9  SysCtlPeripheralSleepDisable   
000017e9  SysCtlPeripheralSleepEnable    
20040000  __STACK_END                    
00001000  __STACK_SIZE                   
00008000  __SYSMEM_SIZE                  
00002168  __TI_CINIT_Base                
00002178  __TI_CINIT_Limit               
00002154  __TI_Handler_Table_Base        
00002160  __TI_Handler_Table_Limit       
000015e1  __TI_auto_init_nobinit_nopinit 
00000ffd  __TI_decompress_lzss           
00001cb5  __TI_decompress_none           
ffffffff  __TI_pprof_out_hndl            
ffffffff  __TI_prof_data_size            
ffffffff  __TI_prof_data_start           
00002068  __TI_static_base__             
00001b43  __TI_zero_init_nomemset        
00001d1b  __aeabi_idiv0                  
00001d1b  __aeabi_ldiv0                  
00001bdd  __aeabi_lmul                   
00000b0d  __aeabi_memcpy                 
00000b0d  __aeabi_memcpy4                
00000b0d  __aeabi_memcpy8                
00000cdb  __aeabi_uldivmod               
ffffffff  __binit__                      
ffffffff  __c_args__                     
UNDEFED   __mpu_init                     
2003f000  __stack                        
20000000  __start___llvm_prf_cnts        
20000000  __stop___llvm_prf_cnts         
000018d1  _c_int00_noargs                
20000000  _sys_memory                    
UNDEFED   _system_post_cinit             
00001d0f  _system_pre_init               
00001d13  abort                          
ffffffff  binit                          
00001b93  clkFxn                         
00001c31  main                           
00000c43  mainThread                     
00000b0d  memcpy                         
00002038  pwmMSP432E4HWAttrs             
200081c8  pwmMSP432E4Objects             
00001b05  resetISR                       
00000000  resetVectors                   
00001401  usleep                         


GLOBAL SYMBOLS: SORTED BY Symbol Address 

address   name                           
-------   ----                           
00000000  resetVectors                   
00000201  SysCtlClockFreqSet             
000004e1  GPIOPadConfigSet               
0000071b  Board_initHook                 
0000071d  PWMMSP432E4_setDutyAndPeriod   
000009cd  PWMMSP432E4_setDuty            
00000a6d  SemaphoreP_pend                
00000b0d  __aeabi_memcpy                 
00000b0d  __aeabi_memcpy4                
00000b0d  __aeabi_memcpy8                
00000b0d  memcpy                         
00000ba9  PWMMSP432E4_setPeriod          
00000c43  mainThread                     
00000cdb  __aeabi_uldivmod               
00000d71  PWMMSP432E4_open               
00000e05  PWMMSP432E4_close              
00000e97  PWMMSP432E4_init               
00000f29  Power_releaseDependency        
00000f95  Power_setDependency            
00000ffd  __TI_decompress_lzss           
00001000  __STACK_SIZE                   
00001065  Power_init                     
00001129  GPIODirModeSet                 
000011dd  PWMMSP432E4_stop               
00001233  SemaphoreP_destruct            
00001235  ClockP_doTick                  
00001235  ClockP_sysTickHandler          
00001285  SemaphoreP_construct           
0000136d  PWMGenConfigure                
000013b7  PWMPulseWidthSet               
00001401  ClockP_usleep                  
00001401  usleep                         
00001449  ClockP_stop                    
0000148d  GPIOPinConfigure               
000014d1  PWM_init                       
00001515  SysCtlPeripheralPresent        
00001559  SysCtlPeripheralReady          
000015e1  __TI_auto_init_nobinit_nopinit 
00001625  PWMMSP432E4_start              
00001669  PWM_open                       
000016a9  SysCtlPeripheralDisable        
000016e9  SysCtlPeripheralEnable         
00001729  SysCtlPeripheralPowerOff       
00001769  SysCtlPeripheralPowerOn        
000017a9  SysCtlPeripheralSleepDisable   
000017e9  SysCtlPeripheralSleepEnable    
00001829  ClockP_destruct                
0000189d  ClockP_startup                 
000018d1  _c_int00_noargs                
00001905  PWMOutputInvert                
00001937  PWMOutputState                 
00001969  Board_init                     
00001999  ClockP_start                   
000019c9  GPIOMSP432E4_undoPinConfig     
000019f9  PWMGenPeriodSet                
00001a29  SysCtlPeripheralClockGating    
00001a55  GPIOPinTypeGPIOOutput          
00001a79  GPIOPinTypePWM                 
00001a9d  PWMClockSet                    
00001ae5  GPIOPinWrite                   
00001b05  resetISR                       
00001b43  __TI_zero_init_nomemset        
00001b5f  PWMGenDisable                  
00001b79  PWMGenEnable                   
00001b93  clkFxn                         
00001b95  FPUEnable                      
00001bad  Power_idleFunc                 
00001bdd  __aeabi_lmul                   
00001bf5  GPIOMSP432E4_getGpioBaseAddr   
00001c09  GPIOMSP432E4_getPowerResourceId
00001c1d  PWM_Params_init                
00001c31  main                           
00001c43  ClockP_add                     
00001c55  ClockP_getCpuFreq              
00001c65  IntMasterDisable               
00001c75  IntMasterEnable                
00001c85  PowerMSP432E4_sleepPolicy      
00001c95  Power_enablePolicy             
00001ca5  SemaphoreP_Params_init         
00001cb5  __TI_decompress_none           
00001cc3  CPUcpsid                       
00001ccf  CPUcpsie                       
00001cdb  ClockP_isActive                
00001ce5  PWM_setDuty                    
00001cef  PWM_start                      
00001cf9  HwiP_restore                   
00001d01  PWMMSP432E4_control            
00001d07  HwiP_disable                   
00001d0b  HwiP_enable                    
00001d0b  NoRTOS_start                   
00001d0f  _system_pre_init               
00001d13  C$$EXIT                        
00001d13  abort                          
00001d1b  __aeabi_idiv0                  
00001d1b  __aeabi_ldiv0                  
00001ffc  PWMMSP432E4_fxnTable           
00002020  PWM_defaultParams              
00002038  pwmMSP432E4HWAttrs             
00002048  PWM_config                     
00002054  PowerMSP432E4_config           
00002064  CONFIG_PWM_0_CONST             
00002065  PWM_count                      
00002068  __TI_static_base__             
00002154  __TI_Handler_Table_Base        
00002160  __TI_Handler_Table_Limit       
00002168  __TI_CINIT_Base                
00002178  __TI_CINIT_Limit               
00008000  __SYSMEM_SIZE                  
20000000  __start___llvm_prf_cnts        
20000000  __stop___llvm_prf_cnts         
20000000  _sys_memory                    
20008000  PowerMSP432E4_module           
200081a0  SemaphoreP_defaultParams       
200081a8  ClockP_tickPeriod              
200081b8  ClockP_ctrl                    
200081c8  pwmMSP432E4Objects             
2003f000  __stack                        
20040000  __STACK_END                    
ffffffff  __TI_pprof_out_hndl            
ffffffff  __TI_prof_data_size            
ffffffff  __TI_prof_data_start           
ffffffff  __binit__                      
ffffffff  __c_args__                     
ffffffff  binit                          
UNDEFED   __mpu_init                     
UNDEFED   _system_post_cinit             

[126 symbols]
